W/Resources(  133): Preloaded drawable resource #0x1080038 (android:drawable/ic_menu_close_clear_cancel) that varies with configuration!!
D/dalvikvm(  133): GC_EXPLICIT freed 27K, 6% free 3044K/3236K, paused 378ms+2ms, total 393ms
W/Resources(  133): Preloaded drawable resource #0x108033f (android:drawable/ic_menu_copy_holo_dark) that varies with configuration!!
W/Resources(  133): Preloaded drawable resource #0x1080340 (android:drawable/ic_menu_copy_holo_light) that varies with configuration!!
W/Resources(  133): Preloaded drawable resource #0x1080342 (android:drawable/ic_menu_cut_holo_dark) that varies with configuration!!
D/dalvikvm(  133): GC_EXPLICIT freed 94K, 8% free 3060K/3296K, paused 9ms+4ms, total 26ms
D/dalvikvm(  133): WAIT_FOR_CONCURRENT_GC blocked 16ms
D/dalvikvm(  458): GC_CONCURRENT freed 200K, 8% free 2844K/3072K, paused 16ms+4ms, total 40ms
D/dalvikvm(  133): GC_EXPLICIT freed 18K, 7% free 3087K/3296K, paused 1ms+4ms, total 19ms
I/LibraryLoader(  133): loading: webviewchromium
D/dalvikvm(  133): WAIT_FOR_CONCURRENT_GC blocked 10ms
W/Resources(  133): Preloaded drawable resource #0x1080343 (android:drawable/ic_menu_cut_holo_light) that varies with configuration!!
W/Resources(  133): Preloaded drawable resource #0x1080045 (android:drawable/ic_menu_more) that varies with configuration!!
D/dalvikvm(  133): GC_EXPLICIT freed 36K, 7% free 3092K/3296K, paused 0ms+1ms, total 14ms
D/dalvikvm(  133): WAIT_FOR_CONCURRENT_GC blocked 11ms
D/dalvikvm(  133): GC_EXPLICIT freed 19K, 6% free 3127K/3296K, paused 2ms+1ms, total 16ms
D/dalvikvm(  133): WAIT_FOR_CONCURRENT_GC blocked 7ms
W/Resources(  133): Preloaded drawable resource #0x1080356 (android:drawable/ic_menu_moreoverflow_normal_holo_dark) that varies with configuration!!
W/Resources(  133): Preloaded drawable resource #0x1080354 (android:drawable/ic_menu_moreoverflow_holo_dark) that varies with configuration!!
W/Resources(  133): Preloaded drawable resource #0x1080357 (android:drawable/ic_menu_moreoverflow_normal_holo_light) that varies with configuration!!
W/Resources(  133): Preloaded drawable resource #0x1080355 (android:drawable/ic_menu_moreoverflow_holo_light) that varies with configuration!!
W/Resources(  133): Preloaded drawable resource #0x108035a (android:drawable/ic_menu_paste_holo_dark) that varies with configuration!!
D/dalvikvm(  133): GC_EXPLICIT freed 57K, 5% free 3132K/3296K, paused 1ms+1ms, total 14ms
D/dalvikvm(  133): WAIT_FOR_CONCURRENT_GC blocked 6ms
I/Zygote  (  133): ...preloaded 1388 classes in 2042ms.
D/dalvikvm(  133): GC_EXPLICIT freed 4K, 5% free 3137K/3296K, paused 1ms+2ms, total 15ms
W/Resources(  133): Preloaded drawable resource #0x108035b (android:drawable/ic_menu_paste_holo_light) that varies with configuration!!
W/Resources(  133): Preloaded drawable resource #0x1080361 (android:drawable/ic_menu_selectall_holo_light) that varies with configuration!!
W/Resources(  133): Preloaded drawable resource #0x1080360 (android:drawable/ic_menu_selectall_holo_dark) that varies with configuration!!
D/dalvikvm(  133): GC_EXPLICIT freed 52K, 5% free 3138K/3296K, paused 1ms+1ms, total 12ms
W/Resources(  133): Preloaded drawable resource #0x10802c1 (android:drawable/ic_clear_disabled) that varies with configuration!!
W/Resources(  133): Preloaded drawable resource #0x10802c0 (android:drawable/ic_clear) that varies with configuration!!
W/Resources(  133): Preloaded drawable resource #0x10802c1 (android:drawable/ic_clear_disabled) that varies with configuration!!
D/dalvikvm(  133): GC_EXPLICIT freed 37K, 5% free 3155K/3296K, paused 1ms+0ms, total 13ms
W/PackageParser(  458): No actions in intent filter at /system/app/Bluetooth.apk Binary XML file line #210
W/Resources(  133): Preloaded drawable resource #0x1080393 (android:drawable/ic_search) that varies with configuration!!
W/Resources(  133): Preloaded drawable resource #0x10802de (android:drawable/ic_go) that varies with configuration!!
W/Resources(  133): Preloaded drawable resource #0x108039c (android:drawable/ic_voice_search) that varies with configuration!!
D/dalvikvm(  133): GC_EXPLICIT freed 53K, 5% free 3158K/3296K, paused 1ms+1ms, total 15ms
W/Resources(  133): Preloaded drawable resource #0x1080222 (android:drawable/dialog_bottom_holo_dark) that varies with configuration!!
W/Resources(  133): Preloaded drawable resource #0x1080223 (android:drawable/dialog_bottom_holo_light) that varies with configuration!!
D/dalvikvm(  133): GC_EXPLICIT freed 3K, 4% free 3227K/3332K, paused 1ms+1ms, total 13ms
W/Resources(  133): Preloaded drawable resource #0x1080227 (android:drawable/dialog_full_holo_dark) that varies with configuration!!
D/dalvikvm(  133): GC_EXPLICIT freed 68K, 6% free 3223K/3396K, paused 1ms+1ms, total 14ms
W/Resources(  133): Preloaded drawable resource #0x1080228 (android:drawable/dialog_full_holo_light) that varies with configuration!!
D/dalvikvm(  133): GC_EXPLICIT freed 61K, 5% free 3227K/3396K, paused 1ms+1ms, total 12ms
W/Resources(  133): Preloaded drawable resource #0x1080230 (android:drawable/dialog_middle_holo_dark) that varies with configuration!!
W/Resources(  133): Preloaded drawable resource #0x1080231 (android:drawable/dialog_middle_holo_light) that varies with configuration!!
W/ResourceType(  458): Failure getting entry for 0x7f04000f (t=3 e=15) in package 0 (error -75)
W/ResourceType(  458): Failure getting entry for 0x7f04000f (t=3 e=15) in package 0 (error -75)
D/dalvikvm(  133): GC_EXPLICIT freed 63K, 6% free 3216K/3396K, paused 1ms+1ms, total 15ms
W/Resources(  133): Preloaded drawable resource #0x1080232 (android:drawable/dialog_top_holo_dark) that varies with configuration!!
W/Resources(  133): Preloaded drawable resource #0x1080233 (android:drawable/dialog_top_holo_light) that varies with configuration!!
I/LibraryLoader(  133): loaded: webviewchromium
D/dalvikvm(  133): GC_EXPLICIT freed 53K, 5% free 3244K/3396K, paused 1ms+2ms, total 14ms
W/Resources(  133): Preloaded drawable resource #0x10802d2 (android:drawable/ic_dialog_alert_holo_dark) that varies with configuration!!
W/Resources(  133): Preloaded drawable resource #0x10802d3 (android:drawable/ic_dialog_alert_holo_light) that varies with configuration!!
D/dalvikvm(  133): GC_EXPLICIT freed 107K, 7% free 3189K/3396K, paused 1ms+2ms, total 15ms
W/Resources(  133): Preloaded drawable resource #0x10803f5 (android:drawable/list_divider_holo_dark) that varies with configuration!!
W/Resources(  133): Preloaded drawable resource #0x10803f6 (android:drawable/list_divider_holo_light) that varies with configuration!!
W/Resources(  133): Preloaded drawable resource #0x10803f6 (android:drawable/list_divider_holo_light) that varies with configuration!!
W/Resources(  133): Preloaded drawable resource #0x10800bd (android:drawable/ab_transparent_dark_holo) that varies with configuration!!
W/Resources(  133): Preloaded drawable resource #0x10800bb (android:drawable/ab_stacked_transparent_dark_holo) that varies with configuration!!
W/Resources(  133): Preloaded drawable resource #0x10800a1 (android:drawable/ab_bottom_transparent_dark_holo) that varies with configuration!!
W/Resources(  133): Preloaded drawable resource #0x10800b5 (android:drawable/ab_solid_dark_holo) that varies with configuration!!
D/dalvikvm(  133): GC_EXPLICIT freed 10K, 5% free 3239K/3396K, paused 2ms+2ms, total 18ms
W/Resources(  133): Preloaded drawable resource #0x10800b8 (android:drawable/ab_stacked_solid_dark_holo) that varies with configuration!!
W/Resources(  133): Preloaded drawable resource #0x108009e (android:drawable/ab_bottom_solid_dark_holo) that varies with configuration!!
W/Resources(  133): Preloaded drawable resource #0x10800be (android:drawable/ab_transparent_light_holo) that varies with configuration!!
W/Resources(  133): Preloaded drawable resource #0x10800bc (android:drawable/ab_stacked_transparent_light_holo) that varies with configuration!!
D/dalvikvm(  133): GC_EXPLICIT freed 46K, 5% free 3243K/3396K, paused 2ms+4ms, total 17ms
W/Resources(  133): Preloaded drawable resource #0x10800a2 (android:drawable/ab_bottom_transparent_light_holo) that varies with configuration!!
W/Resources(  133): Preloaded drawable resource #0x10800b6 (android:drawable/ab_solid_light_holo) that varies with configuration!!
W/Resources(  133): Preloaded drawable resource #0x10800ba (android:drawable/ab_stacked_solid_light_holo) that varies with configuration!!
W/Resources(  133): Preloaded drawable resource #0x10800a0 (android:drawable/ab_bottom_solid_light_holo) that varies with configuration!!
D/dalvikvm(  133): GC_EXPLICIT freed 45K, 5% free 3249K/3396K, paused 2ms+2ms, total 16ms
W/Resources(  133): Preloaded drawable resource #0x10800b7 (android:drawable/ab_solid_shadow_holo) that varies with configuration!!
W/Resources(  133): Preloaded drawable resource #0x108041e (android:drawable/list_selector_disabled_holo_dark) that varies with configuration!!
W/Resources(  133): Preloaded drawable resource #0x108041e (android:drawable/list_selector_disabled_holo_dark) that varies with configuration!!
W/Resources(  133): Preloaded drawable resource #0x10803ff (android:drawable/list_pressed_holo_dark) that varies with configuration!!
W/Resources(  133): Preloaded drawable resource #0x10803fd (android:drawable/list_longpressed_holo_dark) that varies with configuration!!
W/Resources(  133): Preloaded drawable resource #0x108041b (android:drawable/list_selector_background_transition_holo_dark) that varies with configuration!!
W/Resources(  133): Preloaded drawable resource #0x10803ff (android:drawable/list_pressed_holo_dark) that varies with configuration!!
W/Resources(  133): Preloaded drawable resource #0x10803fd (android:drawable/list_longpressed_holo_dark) that varies with configuration!!
W/Resources(  133): Preloaded drawable resource #0x108041b (android:drawable/list_selector_background_transition_holo_dark) that varies with configuration!!
W/Resources(  133): Preloaded drawable resource #0x10803f8 (android:drawable/list_focused_holo) that varies with configuration!!
W/Resources(  133): Preloaded drawable resource #0x10803b4 (android:drawable/item_background_holo_dark) that varies with configuration!!
D/dalvikvm(  133): GC_EXPLICIT freed 55K, 5% free 3247K/3396K, paused 2ms+2ms, total 14ms
W/Resources(  133): Preloaded drawable resource #0x108041f (android:drawable/list_selector_disabled_holo_light) that varies with configuration!!
W/Resources(  133): Preloaded drawable resource #0x108041f (android:drawable/list_selector_disabled_holo_light) that varies with configuration!!
W/Resources(  133): Preloaded drawable resource #0x1080400 (android:drawable/list_pressed_holo_light) that varies with configuration!!
W/Resources(  133): Preloaded drawable resource #0x10803fe (android:drawable/list_longpressed_holo_light) that varies with configuration!!
W/Resources(  133): Preloaded drawable resource #0x108041c (android:drawable/list_selector_background_transition_holo_light) that varies with configuration!!
W/Resources(  133): Preloaded drawable resource #0x1080400 (android:drawable/list_pressed_holo_light) that varies with configuration!!
W/Resources(  133): Preloaded drawable resource #0x10803fe (android:drawable/list_longpressed_holo_light) that varies with configuration!!
W/Resources(  133): Preloaded drawable resource #0x108041c (android:drawable/list_selector_background_transition_holo_light) that varies with configuration!!
W/Resources(  133): Preloaded drawable resource #0x10803f8 (android:drawable/list_focused_holo) that varies with configuration!!
W/Resources(  133): Preloaded drawable resource #0x10803b5 (android:drawable/item_background_holo_light) that varies with configuration!!
D/dalvikvm(  133): GC_EXPLICIT freed 63K, 4% free 3266K/3396K, paused 0ms+1ms, total 11ms
I/Zygote  (  133): ...preloaded 1389 classes in 2463ms.
W/Resources(  133): Preloaded drawable resource #0x108027d (android:drawable/fastscroll_thumb_pressed_holo) that varies with configuration!!
W/Resources(  133): Preloaded drawable resource #0x108027b (android:drawable/fastscroll_thumb_default_holo) that varies with configuration!!
W/Resources(  133): Preloaded drawable resource #0x108027c (android:drawable/fastscroll_thumb_holo) that varies with configuration!!
D/dalvikvm(  133): GC_EXPLICIT freed 86K, 6% free 3245K/3424K, paused 0ms+1ms, total 11ms
W/Resources(  133): Preloaded drawable resource #0x108027d (android:drawable/fastscroll_thumb_pressed_holo) that varies with configuration!!
W/Resources(  133): Preloaded drawable resource #0x108027b (android:drawable/fastscroll_thumb_default_holo) that varies with configuration!!
D/dalvikvm(  133): GC_EXPLICIT freed 54K, 6% free 3244K/3424K, paused 1ms+1ms, total 11ms
W/Resources(  133): Preloaded drawable resource #0x1080282 (android:drawable/fastscroll_track_pressed_holo_dark) that varies with configuration!!
W/Resources(  133): Preloaded drawable resource #0x108027e (android:drawable/fastscroll_track_default_holo_dark) that varies with configuration!!
W/Resources(  133): Preloaded drawable resource #0x1080280 (android:drawable/fastscroll_track_holo_dark) that varies with configuration!!
W/Resources(  133): Preloaded drawable resource #0x1080282 (android:drawable/fastscroll_track_pressed_holo_dark) that varies with configuration!!
W/Resources(  133): Preloaded drawable resource #0x108027e (android:drawable/fastscroll_track_default_holo_dark) that varies with configuration!!
W/Resources(  133): Preloaded drawable resource #0x1080277 (android:drawable/fastscroll_label_left_holo_dark) that varies with configuration!!
D/dalvikvm(  133): GC_EXPLICIT freed 8K, 6% free 3332K/3512K, paused 0ms+1ms, total 11ms
W/Resources(  133): Preloaded drawable resource #0x1080279 (android:drawable/fastscroll_label_right_holo_dark) that varies with configuration!!
D/dalvikvm(  133): GC_EXPLICIT freed 89K, 8% free 3329K/3600K, paused 1ms+1ms, total 12ms
W/Resources(  133): Preloaded drawable resource #0x1080283 (android:drawable/fastscroll_track_pressed_holo_light) that varies with configuration!!
W/Resources(  133): Preloaded drawable resource #0x108027f (android:drawable/fastscroll_track_default_holo_light) that varies with configuration!!
W/Resources(  133): Preloaded drawable resource #0x1080281 (android:drawable/fastscroll_track_holo_light) that varies with configuration!!
W/Resources(  133): Preloaded drawable resource #0x1080283 (android:drawable/fastscroll_track_pressed_holo_light) that varies with configuration!!
W/Resources(  133): Preloaded drawable resource #0x108027f (android:drawable/fastscroll_track_default_holo_light) that varies with configuration!!
W/Resources(  133): Preloaded drawable resource #0x1080278 (android:drawable/fastscroll_label_left_holo_light) that varies with configuration!!
D/dalvikvm(  133): GC_EXPLICIT freed 92K, 8% free 3333K/3600K, paused 1ms+0ms, total 13ms
W/Resources(  133): Preloaded drawable resource #0x108027a (android:drawable/fastscroll_label_right_holo_light) that varies with configuration!!
D/dalvikvm(  133): GC_EXPLICIT freed 89K, 8% free 3330K/3600K, paused 0ms+1ms, total 11ms
W/Resources(  133): Preloaded drawable resource #0x108025c (android:drawable/editbox_dropdown_background_dark) that varies with configuration!!
W/Resources(  133): Preloaded drawable resource #0x1080663 (android:drawable/textfield_search_selected_holo_dark) that varies with configuration!!
W/Resources(  133): Preloaded drawable resource #0x1080657 (android:drawable/textfield_search_default_holo_dark) that varies with configuration!!
W/Resources(  133): Preloaded drawable resource #0x1080665 (android:drawable/textfield_searchview_holo_dark) that varies with configuration!!
W/Resources(  133): Preloaded drawable resource #0x1080660 (android:drawable/textfield_search_right_selected_holo_dark) that varies with configuration!!
W/Resources(  133): Preloaded drawable resource #0x108065e (android:drawable/textfield_search_right_default_holo_dark) that varies with configuration!!
W/Resources(  133): Preloaded drawable resource #0x1080667 (android:drawable/textfield_searchview_right_holo_dark) that varies with configuration!!
W/Resources(  133): Preloaded drawable resource #0x1080664 (android:drawable/textfield_search_selected_holo_light) that varies with configuration!!
W/Resources(  133): Preloaded drawable resource #0x1080658 (android:drawable/textfield_search_default_holo_light) that varies with configuration!!
W/Resources(  133): Preloaded drawable resource #0x1080666 (android:drawable/textfield_searchview_holo_light) that varies with configuration!!
W/Resources(  133): Preloaded drawable resource #0x1080661 (android:drawable/textfield_search_right_selected_holo_light) that varies with configuration!!
W/Resources(  133): Preloaded drawable resource #0x108065f (android:drawable/textfield_search_right_default_holo_light) that varies with configuration!!
W/Resources(  133): Preloaded drawable resource #0x1080668 (android:drawable/textfield_searchview_right_holo_light) that varies with configuration!!
W/Resources(  133): Preloaded drawable resource #0x1080663 (android:drawable/textfield_search_selected_holo_dark) that varies with configuration!!
W/Resources(  133): Preloaded drawable resource #0x1080657 (android:drawable/textfield_search_default_holo_dark) that varies with configuration!!
W/Resources(  133): Preloaded drawable resource #0x1080660 (android:drawable/textfield_search_right_selected_holo_dark) that varies with configuration!!
D/dalvikvm(  133): GC_EXPLICIT freed 107K, 9% free 3276K/3600K, paused 0ms+1ms, total 11ms
W/Resources(  133): Preloaded drawable resource #0x108065e (android:drawable/textfield_search_right_default_holo_dark) that varies with configuration!!
W/Resources(  133): Preloaded drawable resource #0x1080664 (android:drawable/textfield_search_selected_holo_light) that varies with configuration!!
W/Resources(  133): Preloaded drawable resource #0x1080658 (android:drawable/textfield_search_default_holo_light) that varies with configuration!!
W/Resources(  133): Preloaded drawable resource #0x1080661 (android:drawable/textfield_search_right_selected_holo_light) that varies with configuration!!
W/Resources(  133): Preloaded drawable resource #0x108065f (android:drawable/textfield_search_right_default_holo_light) that varies with configuration!!
W/Resources(  133): Preloaded drawable resource #0x108062c (android:drawable/tab_unselected_holo) that varies with configuration!!
W/Resources(  133): Preloaded drawable resource #0x1080627 (android:drawable/tab_selected_holo) that varies with configuration!!
W/Resources(  133): Preloaded drawable resource #0x108062b (android:drawable/tab_unselected_focused_holo) that varies with configuration!!
W/Resources(  133): Preloaded drawable resource #0x1080626 (android:drawable/tab_selected_focused_holo) that varies with configuration!!
W/Resources(  133): Preloaded drawable resource #0x108062d (android:drawable/tab_unselected_pressed_holo) that varies with configuration!!
W/Resources(  133): Preloaded drawable resource #0x1080628 (android:drawable/tab_selected_pressed_holo) that varies with configuration!!
W/Resources(  133): Preloaded drawable resource #0x108062d (android:drawable/tab_unselected_pressed_holo) that varies with configuration!!
W/Resources(  133): Preloaded drawable resource #0x1080628 (android:drawable/tab_selected_pressed_holo) that varies with configuration!!
D/dalvikvm(  458): GC_CONCURRENT freed 223K, 8% free 3155K/3400K, paused 33ms+33ms, total 82ms
W/Resources(  133): Preloaded drawable resource #0x108061b (android:drawable/tab_indicator_holo) that varies with configuration!!
W/Resources(  133): Preloaded drawable resource #0x108062c (android:drawable/tab_unselected_holo) that varies with configuration!!
W/Resources(  133): Preloaded drawable resource #0x1080627 (android:drawable/tab_selected_holo) that varies with configuration!!
W/Resources(  133): Preloaded drawable resource #0x108062b (android:drawable/tab_unselected_focused_holo) that varies with configuration!!
W/Resources(  133): Preloaded drawable resource #0x1080626 (android:drawable/tab_selected_focused_holo) that varies with configuration!!
W/Resources(  133): Preloaded drawable resource #0x108062d (android:drawable/tab_unselected_pressed_holo) that varies with configuration!!
W/Resources(  133): Preloaded drawable resource #0x1080628 (android:drawable/tab_selected_pressed_holo) that varies with configuration!!
W/PackageParser(  458): Unknown element under <application>: permission at /system/app/Gallery2.apk Binary XML file line #243
W/PackageParser(  458): Unknown element under <application>: permission at /system/app/Gallery2.apk Binary XML file line #246
I/PackageManager(  458): /system/app/GmsCore.apk changed; collecting certs
D/dalvikvm(  133): GC_EXPLICIT freed 55K, 9% free 3295K/3600K, paused 1ms+2ms, total 13ms
I/Zygote  (  133): ...preloaded 274 resources in 2292ms.
D/dalvikvm(  133): GC_EXPLICIT freed 23K, 8% free 3324K/3600K, paused 1ms+0ms, total 13ms
I/Zygote  (  133): ...preloaded 31 resources in 17ms.
D/Zygote  (  133): Restored config: {1.0 ?mcc?mnc zh_CN ldltr ?swdp ?wdp ?hdp 320dpi ?lsize ?long ?orien ?uimode ?night ?touch ?keyb/?/? ?nav/?}
D/dalvikvm(  133): GC_EXPLICIT freed 11K, 8% free 3320K/3600K, paused 0ms+1ms, total 12ms
D/dalvikvm(  458): GC_CONCURRENT freed 384K, 11% free 3427K/3836K, paused 3ms+1ms, total 20ms
D/dalvikvm(  458): WAIT_FOR_CONCURRENT_GC blocked 16ms
D/dalvikvm(  458): WAIT_FOR_CONCURRENT_GC blocked 15ms
D/dalvikvm(  458): WAIT_FOR_CONCURRENT_GC blocked 15ms
D/dalvikvm(  458): WAIT_FOR_CONCURRENT_GC blocked 7ms
D/dalvikvm(  458): WAIT_FOR_CONCURRENT_GC blocked 2ms
D/dalvikvm(  133): GC_EXPLICIT freed 3K, 8% free 3317K/3600K, paused 2ms+1ms, total 14ms
D/dalvikvm(  458): GC_FOR_ALLOC freed 305K, 16% free 3464K/4108K, paused 18ms, total 18ms
D/dalvikvm(  133): GC_EXPLICIT freed <1K, 8% free 3317K/3600K, paused 0ms+1ms, total 12ms
D/dalvikvm(  458): GC_FOR_ALLOC freed 257K, 16% free 3542K/4188K, paused 21ms, total 21ms
D/dalvikvm(  458): GC_CONCURRENT freed 376K, 10% free 3924K/4320K, paused 4ms+2ms, total 22ms
D/dalvikvm(  458): WAIT_FOR_CONCURRENT_GC blocked 9ms
D/dalvikvm(  458): WAIT_FOR_CONCURRENT_GC blocked 8ms
D/dalvikvm(  458): WAIT_FOR_CONCURRENT_GC blocked 7ms
W/PackageParser(  458): No actions in intent filter at /system/app/StressTest.apk Binary XML file line #40
D/dalvikvm(  458): GC_CONCURRENT freed 489K, 11% free 4293K/4800K, paused 0ms+1ms, total 21ms
D/dalvikvm(  458): WAIT_FOR_CONCURRENT_GC blocked 8ms
D/dalvikvm(  458): WAIT_FOR_CONCURRENT_GC blocked 9ms
D/dalvikvm(  458): WAIT_FOR_CONCURRENT_GC blocked 5ms
I/PackageManager(  458): Package com.pm.market at /system/app/market.apk ignored: updated version 5 better than this 4
W/PackageParser(  458): No actions in intent filter at /system/app/anzhihd.apk Binary XML file line #103
W/PackageParser(  458): No actions in intent filter at /system/app/baidusearch.apk Binary XML file line #957
W/PackageParser(  458): No actions in intent filter at /system/app/baidusearch.apk Binary XML file line #982
W/PackageManager(  458): Application package com.google.android.gms already installed.  Skipping duplicate.
D/PackageManager(  458): No files in app dir /vendor/app
W/PackageManager(  458): Package com.alensw.PicFolder desires unavailable shared library com.sec.android.app.multiwindow; ignoring!
D/dalvikvm(  458): GC_CONCURRENT freed 528K, 11% free 4684K/5232K, paused 9ms+7ms, total 33ms
W/PackageParser(  458): No actions in intent filter at /data/app/com.tencent.qqlive-2.apk Binary XML file line #181
W/PackageParser(  458): No actions in intent filter at /data/app/com.tencent.qqlive-2.apk Binary XML file line #190
W/PackageParser(  458): No actions in intent filter at /data/app/com.tencent.qqlive-2.apk Binary XML file line #235
W/PackageParser(  458): Problem in package /data/app/weibo.apk:
W/PackageParser(  458): Unknown element under <activity>: action at /data/app/weibo.apk Binary XML file line #181
W/PackageParser(  458): Problem in package /data/app/weibo.apk:
W/PackageParser(  458): Unknown element under <activity>: category at /data/app/weibo.apk Binary XML file line #182
W/PackageParser(  458): Problem in package /data/app/weibo.apk:
W/PackageParser(  458): Unknown element under <activity>: category at /data/app/weibo.apk Binary XML file line #183
W/PackageParser(  458): Problem in package /data/app/weibo.apk:
W/PackageParser(  458): Unknown element under <activity>: data at /data/app/weibo.apk Binary XML file line #184
W/PackageParser(  458): Problem in package /data/app/weibo.apk:
W/PackageParser(  458): Unknown element under <activity>: action at /data/app/weibo.apk Binary XML file line #1535
W/PackageParser(  458): Problem in package /data/app/weibo.apk:
W/PackageParser(  458): Unknown element under <activity>: category at /data/app/weibo.apk Binary XML file line #1536
W/PackageParser(  458): Problem in package /data/app/weibo.apk:
W/PackageParser(  458): Unknown element under <activity>: category at /data/app/weibo.apk Binary XML file line #1537
W/PackageParser(  458): Problem in package /data/app/weibo.apk:
W/PackageParser(  458): Unknown element under <activity>: data at /data/app/weibo.apk Binary XML file line #1538
W/PackageManager(  458): Package com.sina.weibo has activity com.alipay.android.mini.window.sdk.MiniPayActivity with priority > 0, forcing to 0
W/PackageManager(  458): Package com.alensw.PicFolder desires unavailable shared library com.sec.android.app.multiwindow; ignoring!
I/PackageManager(  458): Time to scan packages: 2.946 seconds
W/PackageManager(  458): Unknown permission com.samsung.android.providers.context.permission.WRITE_USE_APP_FEATURE_SURVEY in package com.ylmf.androidclient
W/PackageManager(  458): Unknown permission android.permission.ACCESS_COARSE_UPDATES in package com.ylmf.androidclient
W/PackageManager(  458): Not granting permission android.permission.MOUNT_UNMOUNT_FILESYSTEMS to package com.ylmf.androidclient (protectionLevel=18 flags=0x18be44)
W/PackageManager(  458): Not granting permission android.permission.CHANGE_CONFIGURATION to package com.ylmf.androidclient (protectionLevel=50 flags=0x18be44)
W/PackageManager(  458): Not granting permission android.permission.INTERACT_ACROSS_USERS_FULL to package com.ylmf.androidclient (protectionLevel=2 flags=0x18be44)
W/PackageManager(  458): Not granting permission android.permission.INSTALL_PACKAGES to package com.android.launcher (protectionLevel=18 flags=0x8be4d)
W/PackageManager(  458): Unknown permission android.permission.WRITE_OWNER_DATA in package com.android.launcher
W/PackageManager(  458): Not granting permission android.permission.BATTERY_STATS to package com.android.launcher (protectionLevel=18 flags=0x8be4d)
W/PackageManager(  458): Not granting permission android.permission.DELETE_PACKAGES to package com.android.launcher (protectionLevel=18 flags=0x8be4d)
W/PackageManager(  458): Not granting permission android.permission.READ_LOGS to package com.android.launcher (protectionLevel=50 flags=0x8be4d)
W/PackageManager(  458): Not granting permission android.permission.SET_PREFERRED_APPLICATIONS to package com.android.launcher (protectionLevel=2 flags=0x8be4d)
W/PackageManager(  458): Not granting permission android.permission.MOUNT_FORMAT_FILESYSTEMS to package cn.kuwo.player (protectionLevel=18 flags=0x8be44)
W/PackageManager(  458): Not granting permission android.permission.MOUNT_UNMOUNT_FILESYSTEMS to package cn.kuwo.player (protectionLevel=18 flags=0x8be44)
W/PackageManager(  458): Not granting permission android.permission.READ_LOGS to package cn.kuwo.player (protectionLevel=50 flags=0x8be44)
W/PackageManager(  458): Not granting permission android.permission.GLOBAL_SEARCH to package com.android.quicksearchbox (protectionLevel=18 flags=0x8be45)
W/PackageManager(  458): Unknown permission com.android.launcher.permission.PRELOAD_WORKSPACE in package com.google.android.partnersetup
W/PackageManager(  458): Not granting permission android.permission.MOUNT_UNMOUNT_FILESYSTEMS to package com.goapk.market (protectionLevel=18 flags=0xbe65)
W/PackageManager(  458): Unknown permission com.android.vending.billing.IBillingAccountService.BIND2 in package com.google.android.gsf.login
W/PackageManager(  458): Unknown permission com.android.chrome.TOS_ACKED in package com.google.android.gsf.login
W/PackageManager(  458): Unknown permission com.android.launcher.permission.READ_SETTINGS in package cn.ninegame.gamemanagerhd
W/PackageManager(  458): Unknown permission com.htc.launcher.permission.READ_SETTINGS in package cn.ninegame.gamemanagerhd
W/PackageManager(  458): Unknown permission com.htc.launcher.permission.WRITE_SETTINGS in package cn.ninegame.gamemanagerhd
W/PackageManager(  458): Unknown permission com.huawei.android.launcher.permission.READ_SETTINGS in package cn.ninegame.gamemanagerhd
W/PackageManager(  458): Unknown permission com.huawei.android.launcher.permission.WRITE_SETTINGS in package cn.ninegame.gamemanagerhd
W/PackageManager(  458): Unknown permission com.qihoo360.launcher.permission.READ_SETTINGS in package cn.ninegame.gamemanagerhd
W/PackageManager(  458): Unknown permission com.qihoo360.launcher.permission.WRITE_SETTINGS in package cn.ninegame.gamemanagerhd
W/PackageManager(  458): Unknown permission com.nd.android.launcher.permission.READ_SETTINGS in package cn.ninegame.gamemanagerhd
W/PackageManager(  458): Unknown permission com.guiji.launcher.permission.READ_SETTINGS in package cn.ninegame.gamemanagerhd
W/PackageManager(  458): Unknown permission com.fx.launcher.permission.READ_SETTINGS in package cn.ninegame.gamemanagerhd
W/PackageManager(  458): Unknown permission com.sec.android.app.twlauncher.WRITE_SETTINGS in package cn.ninegame.gamemanagerhd
W/PackageManager(  458): Unknown permission com.sec.android.app.twlauncher.READ_SETTINGS in package cn.ninegame.gamemanagerhd
W/PackageManager(  458): Unknown permission org.adw.launcher.permission.READ_SETTINGS in package cn.ninegame.gamemanagerhd
W/PackageManager(  458): Unknown permission org.adw.launcher.permission.WRITE_SETTINGS in package cn.ninegame.gamemanagerhd
W/PackageManager(  458): Unknown permission org.adwfreak.launcher.permission.READ_SETTINGS in package cn.ninegame.gamemanagerhd
W/PackageManager(  458): Unknown permission org.adwfreak.launcher.permission.WRITE_SETTINGS in package cn.ninegame.gamemanagerhd
W/PackageManager(  458): Unknown permission com.gau.go.launcherex.permission.READ_SETTINGS in package cn.ninegame.gamemanagerhd
W/PackageManager(  458): Unknown permission com.gau.go.launcherex.permission.WRITE_SETTINGS in package cn.ninegame.gamemanagerhd
W/PackageManager(  458): Unknown permission com.fede.launcher.permission.READ_SETTINGS in package cn.ninegame.gamemanagerhd
W/PackageManager(  458): Unknown permission com.fede.launcher.permission.WRITE_SETTINGS in package cn.ninegame.gamemanagerhd
W/PackageManager(  458): Unknown permission cn.ninegame.gamemanagerhd.permission.GameLaunchNotify in package cn.ninegame.gamemanagerhd
W/PackageManager(  458): Unknown permission com.google.android.gallery3d.permission.GALLERY_PROVIDER in package com.android.bluetooth
W/PackageManager(  458): Not granting permission android.permission.ACCESS_DOWNLOAD_MANAGER to package com.android.browser (protectionLevel=18 flags=0x9be45)
W/PackageManager(  458): Not granting permission android.permission.SEND_DOWNLOAD_COMPLETED_INTENTS to package com.android.browser (protectionLevel=2 flags=0x9be45)
W/PackageManager(  458): Unknown permission com.android.launcher.permission.READ_SETTINGS in package com.android.onetimeinitializer
W/PackageManager(  458): Unknown permission com.android.launcher.permission.WRITE_SETTINGS in package com.android.onetimeinitializer
W/PackageManager(  458): Not granting permission android.permission.READ_LOGS to package com.tencent.qqlive (protectionLevel=50 flags=0x18be44)
W/PackageManager(  458): Unknown permission com.android.launcher.permission.READ_SETTINGS in package com.tencent.qqlive
W/PackageManager(  458): Unknown permission com.android.launcher2.permission.READ_SETTINGS in package com.tencent.qqlive
W/PackageManager(  458): Not granting permission android.permission.BATTERY_STATS to package com.tencent.qqlive (protectionLevel=18 flags=0x18be44)
W/PackageManager(  458): Unknown permission com.android.launcher.permission.READ_SETTINGS in package com.pada.gamecenter
W/PackageManager(  458): Unknown permission com.android.launcher.permission.WRITE_SETTINGS in package com.pada.gamecenter
W/PackageManager(  458): Not granting permission android.permission.INSTALL_PACKAGES to package com.pada.gamecenter (protectionLevel=18 flags=0x18be45)
W/PackageManager(  458): Not granting permission android.permission.MOUNT_UNMOUNT_FILESYSTEMS to package com.pada.gamecenter (protectionLevel=18 flags=0x18be45)
W/PackageManager(  458): Not granting permission android.permission.ACCOUNT_MANAGER to package com.pada.gamecenter (protectionLevel=2 flags=0x18be45)
W/PackageManager(  458): Not granting permission android.permission.BIND_WALLPAPER to package com.android.camera2 (protectionLevel=18 flags=0x58bc45)
W/PackageManager(  458): Unknown permission android.permission.INSTALL_DRM in package com.android.mms
W/PackageManager(  458): Unknown permission com.google.android.gallery3d.permission.PICASA_STORE in package com.android.dreams.phototable
W/PackageManager(  458): Not granting permission android.permission.READ_LOGS to package com.pm.market (protectionLevel=50 flags=0xbec5)
W/PackageManager(  458): Not granting permission android.permission.MOUNT_UNMOUNT_FILESYSTEMS to package com.pm.market (protectionLevel=18 flags=0xbec5)
W/PackageManager(  458): Unknown permission com.android.launcher.permission.READ_SETTINGS in package com.pm.market
W/PackageManager(  458): Unknown permission android.permission.RECEIVE_USER_PRESENT in package com.pm.market
W/PackageManager(  458): Not granting permission android.permission.READ_LOGS to package com.uc.browser.hd (protectionLevel=50 flags=0x83e45)
W/PackageManager(  458): Unknown permission com.android.launcher.permission.READ_SETTINGS in package com.uc.browser.hd
W/PackageManager(  458): Unknown permission com.android.launcher.permission.WRITE_SETTINGS in package com.uc.browser.hd
W/PackageManager(  458): Unknown permission com.android.launcher.permission.READ_SETTINGS in package com.android.settings
W/PackageManager(  458): Unknown permission com.android.launcher.permission.WRITE_SETTINGS in package com.android.settings
W/PackageManager(  458): Not granting permission android.permission.GLOBAL_SEARCH to package com.baidu.searchbox (protectionLevel=18 flags=0x8be65)
W/PackageManager(  458): Unknown permission com.android.launcher.permission.READ_SETTINGS in package com.baidu.searchbox
W/PackageManager(  458): Not granting permission android.permission.SET_ACTIVITY_WATCHER to package com.baidu.searchbox (protectionLevel=2 flags=0x8be65)
W/PackageManager(  458): Unknown permission android.permission.BAIDU_LOCATION_SERVICE in package com.baidu.searchbox
W/PackageManager(  458): Not granting permission android.permission.MOUNT_UNMOUNT_FILESYSTEMS to package com.baidu.searchbox (protectionLevel=18 flags=0x8be65)
W/PackageManager(  458): Not granting permission android.permission.INSTALL_PACKAGES to package com.baidu.searchbox (protectionLevel=18 flags=0x8be65)
W/PackageManager(  458): Not granting permission android.permission.DELETE_PACKAGES to package com.baidu.searchbox (protectionLevel=18 flags=0x8be65)
W/PackageManager(  458): Not granting permission android.permission.CHANGE_COMPONENT_ENABLED_STATE to package com.baidu.searchbox (protectionLevel=18 flags=0x8be65)
W/PackageManager(  458): Not granting permission android.permission.READ_LOGS to package com.baidu.searchbox (protectionLevel=50 flags=0x8be65)
W/PackageManager(  458): Not granting permission android.permission.WRITE_APN_SETTINGS to package com.baidu.searchbox (protectionLevel=18 flags=0x8be65)
W/PackageManager(  458): Not granting permission android.permission.SEND_DOWNLOAD_COMPLETED_INTENTS to package com.android.vending (protectionLevel=2 flags=0x400abe45)
W/PackageManager(  458): Unknown permission android.permission.SEND_SMS_NO_CONFIRMATION in package com.android.vending
W/PackageManager(  458): Unknown permission android.permission.RECEIVE_USER_PRESENT in package com.pplive.androidphone
W/PackageManager(  458): Not granting permission android.permission.CHANGE_CONFIGURATION to package com.pplive.androidphone (protectionLevel=50 flags=0xbe44)
W/PackageManager(  458): Not granting permission android.permission.READ_LOGS to package com.pplive.androidphone (protectionLevel=50 flags=0xbe44)
W/PackageManager(  458): Not granting permission android.permission.ACCESS_DOWNLOAD_MANAGER to package com.pplive.androidphone (protectionLevel=18 flags=0xbe44)
W/PackageManager(  458): Unknown permission android.permission.SYSTEM_OVERLAY_WINDOW in package com.pplive.androidphone
W/PackageManager(  458): Unknown permission android.permission.READ_SETTINGS in package com.pplive.androidphone
W/PackageManager(  458): Unknown permission android.permission.ACCESS_COARSE_UPDATES in package com.sina.weibo
W/PackageManager(  458): Unknown permission com.android.launcher.permission.READ_SETTINGS in package com.sina.weibo
W/PackageManager(  458): Not granting permission android.permission.READ_LOGS to package com.sina.weibo (protectionLevel=50 flags=0x8be44)
W/PackageManager(  458): Not granting permission android.permission.MOUNT_UNMOUNT_FILESYSTEMS to package com.sina.weibo (protectionLevel=18 flags=0x8be44)
W/PackageManager(  458): Unknown permission android.permission.RECEIVE_USER_PRESENT in package com.sina.weibo
W/PackageManager(  458): Unknown permission com.android.launcher.permission.READ_SETTINGS in package com.pada.padasf
W/PackageManager(  458): Unknown permission com.android.launcher.permission.WRITE_SETTINGS in package com.pada.padasf
W/PackageManager(  458): Not granting permission android.permission.DELETE_PACKAGES to package com.svox.pico (protectionLevel=18 flags=0x8be45)
W/PackageManager(  458): Not granting permission android.permission.MOUNT_UNMOUNT_FILESYSTEMS to package com.skwifi (protectionLevel=18 flags=0x8be46)
W/PackageManager(  458): Not granting permission android.permission.ACCESS_DOWNLOAD_MANAGER to package com.skwifi (protectionLevel=18 flags=0x8be46)
W/PackageManager(  458): Not granting permission android.permission.DEVICE_POWER to package com.android.deskclock (protectionLevel=2 flags=0x48be45)
W/PackageManager(  458): Unknown permission rockchip.permission.FULL_SCREEN in package android.rk.RockVideoPlayer
W/PackageManager(  458): Unknown permission android.permission.RAISED_THREAD_PRIORITY in package android.rk.RockVideoPlayer
W/PackageManager(  458): Unknown permission android.permission.FULL_SCREEN in package android.rk.RockVideoPlayer
W/PackageManager(  458): Unknown permission archos.permission.FULL_SCREEN in package android.rk.RockVideoPlayer
W/PackageManager(  458): Not granting permission android.permission.READ_DREAM_STATE to package com.google.android.gsf (protectionLevel=2 flags=0x40083e45)
W/PackageManager(  458): Unknown permission android.permission.VIBRATION in package com.baidu.input
W/PackageManager(  458): Not granting permission android.permission.READ_LOGS to package com.baidu.input (protectionLevel=50 flags=0x8be44)
W/PackageManager(  458): Unknown permission com.android.launcher.permission.READ_SETTINGS in package com.baidu.input
W/PackageManager(  458): Not granting permission android.permission.SET_ACTIVITY_WATCHER to package com.baidu.input (protectionLevel=2 flags=0x8be44)
W/PackageManager(  458): Unknown permission com.baidu.appsearch.permission.LAUNCH in package com.baidu.input
D/dalvikvm(  458): GC_CONCURRENT freed 1578K, 28% free 4152K/5748K, paused 2ms+2ms, total 26ms
D/dalvikvm(  458): WAIT_FOR_CONCURRENT_GC blocked 13ms
D/dalvikvm(  458): GC_EXPLICIT freed 267K, 30% free 4027K/5748K, paused 1ms+1ms, total 22ms
I/SystemServer(  458): Entropy Mixer
I/EntropyMixer(  458): Writing entropy...
I/SystemServer(  458): User Service
I/SystemServer(  458): Account Manager
I/SystemServer(  458): Content Manager
I/SystemServer(  458): System Content Providers
I/Lights  (  458): >>> Enter light_device_open:backlight
I/Lights  (  458): >>> Enter light_device_open:keyboard
I/Lights  (  458): >>> Enter light_device_open:buttons
I/Lights  (  458): >>> Enter light_device_open:battery
I/Lights  (  458): >>> Enter light_device_open:notifications
I/Lights  (  458): >>> Enter light_device_open:attention
I/Lights  (  458): >>> Enter light_device_open:bluetooth
I/Lights  (  458): >>> undefine light id
I/Lights  (  458): >>> Enter light_device_open:wifi
I/Lights  (  458): >>> undefine light id
I/SystemServer(  458): Lights Service
I/SystemServer(  458): Battery Service
E/ConsumerIrService(  458): Can't open consumer IR HW Module, error: -2
W/libsuspend(  458): Error writing 'on' to /sys/power/state: Invalid argument
I/libsuspend(  458): Selected autosleep
I/SystemServer(  458): Vibrator Service
I/SystemServer(  458): Consumer IR Service
D/PermissionCache(  140): checking android.permission.ACCESS_SURFACE_FLINGER for uid=1000 => granted (1212 us)
D/SurfaceFlinger(  140): Screen acquired, type=0 flinger=0xb805a450
D/SurfaceFlinger(  140):  screen was previously acquired
D/AlarmManagerService(  458): Kernel timezone updated to -480 minutes west of GMT
I/SystemServer(  458): Alarm Manager
I/SystemServer(  458): Init Watchdog
I/SystemServer(  458): Input Manager
I/InputManager(  458): Initializing input manager, mUseDevInputEventForAudioJack=false
I/SystemServer(  458): Window Manager
I/WindowManager(  458): No existing display settings /data/system/display_settings.xml; starting empty
D/BluetoothManagerService(  458): BluetoothChipName =
D/BluetoothManagerService(  458): Loading stored name and address
D/BluetoothManagerService(  458): Stored bluetooth Name=P90HD,Address=22:22:F7:BD:8A:88
D/EventHub(  458): No input device configuration file found for device 'ft5x0x_ts'.
I/EventHub(  458): New device: id=1, fd=102, path='/dev/input/event1', name='ft5x0x_ts', classes=0x14, configuration='', keyLayout='', keyCharacterMap='', builtinKeyboard=false, usingSuspendBlockIoctl=true, usingClockIoctl=true
D/EventHub(  458): No input device configuration file found for device 'gsensor'.
I/WindowManager(  458): No keyguard interface!
I/InputManager(  458): Starting input manager
I/SystemServer(  458): Bluetooth Manager Service
I/SystemServer(  458): Input Method Service
W/InputMethodManagerService(  458): Couldn't create dir.: /data/system/inputmethod
I/SystemServer(  458): Accessibility Manager
I/ActivityManager(  458): Config changes=1df8 {1.0 ?mcc?mnc zh_CN ldltr sw800dp w1280dp h800dp 320dpi xlrg land ?uimode ?night -touch -keyb/v/h -nav/h s.2}
D/MountService(  458): ---getMaxSupportedUsers,we has UMS,ignore emulated storage---
D/MountService(  458): ---getMaxSupportedUsers,we has UMS,force NAND FLASH to primary storage---
I/PackageManager(  458): Updating external media status from unmounted to unmounted
I/ActivityManager(  458): Config changes=400 {1.0 ?mcc?mnc zh_CN ldltr sw800dp w1280dp h727dp 320dpi xlrg land ?uimode ?night -touch -keyb/v/h -nav/h s.3}
I/SystemServer(  458): Mount Service
D/MountService(  458): got storage path: /storage/sdcard0 description: SD 卡 primary: true removable: true emulated: true mtpReserve: 100 allowMassStorage: false maxFileSize: 0
D/MountService(  458): got storage path: /mnt/internal_sd description: NAND FLASH primary: false removable: true emulated: false mtpReserve: 100 allowMassStorage: true maxFileSize: 0
D/MountService(  458): addVolumeLocked() StorageVolume:
D/MountService(  458):     mStorageId=0 mPath=/mnt/internal_sd mDescriptionId=17040942 mPrimary=true
D/MountService(  458):     mRemovable=true mEmulated=false mMtpReserveSpace=100
D/MountService(  458):     mAllowMassStorage=true mMaxFileSize=0 mOwner=null mUuid=null
D/MountService(  458):     mUserLabel=null mState=null
D/MountService(  458): got storage path: /mnt/external_sd description: SD 卡 primary: false removable: true emulated: false mtpReserve: 100 allowMassStorage: true maxFileSize: 0
D/MountService(  458): addVolumeLocked() StorageVolume:
D/MountService(  458):     mStorageId=0 mPath=/mnt/external_sd mDescriptionId=17040678 mPrimary=false
D/MountService(  458):     mRemovable=true mEmulated=false mMtpReserveSpace=100
D/MountService(  458):     mAllowMassStorage=true mMaxFileSize=0 mOwner=null mUuid=null
D/MountService(  458):     mUserLabel=null mState=null
D/MountService(  458): got storage path: /mnt/usb_storage description: USB 存储器 primary: false removable: true emulated: false mtpReserve: 100 allowMassStorage: false maxFileSize: 0
D/MountService(  458): addVolumeLocked() StorageVolume:
D/MountService(  458):     mStorageId=0 mPath=/mnt/usb_storage mDescriptionId=17040679 mPrimary=false
D/MountService(  458):     mRemovable=true mEmulated=false mMtpReserveSpace=100
D/MountService(  458):     mAllowMassStorage=false mMaxFileSize=0 mOwner=null mUuid=null
D/MountService(  458):     mUserLabel=null mState=null
I/SystemServer(  458): LockSettingsService
I/SystemServer(  458): Device Policy
I/SystemServer(  458): Status Bar
I/SystemServer(  458): Clipboard Service
I/SystemServer(  458): NetworkManagement Service
I/MountService(  458): Updating valid state unmounted
D/MountService(  458): volume state changed for /mnt/internal_sd (mounted -> unmounted)
I/MountService(  458): Updating valid state removed
D/MountService(  458): volume state changed for /mnt/external_sd (unmounted -> removed)
I/MountService(  458): Updating valid state removed
D/MountService(  458): volume state changed for /mnt/usb_storage (unmounted -> removed)
W/MountService(  458): getSecureContainerList() called when storage not mounted
I/PackageManager(  458): No secure containers on sdcard
I/SystemServer(  458): Text Service Manager Service
W/PackageManager(  458): Unknown permission com.samsung.android.providers.context.permission.WRITE_USE_APP_FEATURE_SURVEY in package com.ylmf.androidclient
W/PackageManager(  458): Unknown permission android.permission.ACCESS_COARSE_UPDATES in package com.ylmf.androidclient
W/PackageManager(  458): Not granting permission android.permission.MOUNT_UNMOUNT_FILESYSTEMS to package com.ylmf.androidclient (protectionLevel=18 flags=0x18be44)
W/PackageManager(  458): Not granting permission android.permission.CHANGE_CONFIGURATION to package com.ylmf.androidclient (protectionLevel=50 flags=0x18be44)
W/PackageManager(  458): Not granting permission android.permission.INTERACT_ACROSS_USERS_FULL to package com.ylmf.androidclient (protectionLevel=2 flags=0x18be44)
W/PackageManager(  458): Not granting permission android.permission.INSTALL_PACKAGES to package com.android.launcher (protectionLevel=18 flags=0x8be4d)
I/SystemServer(  458): NetworkStats Service
W/PackageManager(  458): Unknown permission android.permission.WRITE_OWNER_DATA in package com.android.launcher
W/PackageManager(  458): Not granting permission android.permission.BATTERY_STATS to package com.android.launcher (protectionLevel=18 flags=0x8be4d)
W/PackageManager(  458): Not granting permission android.permission.DELETE_PACKAGES to package com.android.launcher (protectionLevel=18 flags=0x8be4d)
W/PackageManager(  458): Not granting permission android.permission.READ_LOGS to package com.android.launcher (protectionLevel=50 flags=0x8be4d)
W/PackageManager(  458): Not granting permission android.permission.SET_PREFERRED_APPLICATIONS to package com.android.launcher (protectionLevel=2 flags=0x8be4d)
W/PackageManager(  458): Not granting permission android.permission.MOUNT_FORMAT_FILESYSTEMS to package cn.kuwo.player (protectionLevel=18 flags=0x8be44)
W/PackageManager(  458): Not granting permission android.permission.MOUNT_UNMOUNT_FILESYSTEMS to package cn.kuwo.player (protectionLevel=18 flags=0x8be44)
W/PackageManager(  458): Not granting permission android.permission.READ_LOGS to package cn.kuwo.player (protectionLevel=50 flags=0x8be44)
W/PackageManager(  458): Not granting permission android.permission.GLOBAL_SEARCH to package com.android.quicksearchbox (protectionLevel=18 flags=0x8be45)
W/PackageManager(  458): Unknown permission com.android.launcher.permission.PRELOAD_WORKSPACE in package com.google.android.partnersetup
W/PackageManager(  458): Not granting permission android.permission.MOUNT_UNMOUNT_FILESYSTEMS to package com.goapk.market (protectionLevel=18 flags=0xbe65)
I/SystemServer(  458): NetworkPolicy Service
W/PackageManager(  458): Unknown permission com.android.vending.billing.IBillingAccountService.BIND2 in package com.google.android.gsf.login
W/PackageManager(  458): Unknown permission com.android.chrome.TOS_ACKED in package com.google.android.gsf.login
W/PackageManager(  458): Unknown permission com.android.launcher.permission.READ_SETTINGS in package cn.ninegame.gamemanagerhd
W/PackageManager(  458): Unknown permission com.htc.launcher.permission.READ_SETTINGS in package cn.ninegame.gamemanagerhd
W/PackageManager(  458): Unknown permission com.htc.launcher.permission.WRITE_SETTINGS in package cn.ninegame.gamemanagerhd
W/PackageManager(  458): Unknown permission com.huawei.android.launcher.permission.READ_SETTINGS in package cn.ninegame.gamemanagerhd
W/PackageManager(  458): Unknown permission com.huawei.android.launcher.permission.WRITE_SETTINGS in package cn.ninegame.gamemanagerhd
W/PackageManager(  458): Unknown permission com.qihoo360.launcher.permission.READ_SETTINGS in package cn.ninegame.gamemanagerhd
W/PackageManager(  458): Unknown permission com.qihoo360.launcher.permission.WRITE_SETTINGS in package cn.ninegame.gamemanagerhd
W/PackageManager(  458): Unknown permission com.nd.android.launcher.permission.READ_SETTINGS in package cn.ninegame.gamemanagerhd
