W/PackageManager(  458): Unknown permission com.guiji.launcher.permission.READ_SETTINGS in package cn.ninegame.gamemanagerhd
W/PackageManager(  458): Unknown permission com.fx.launcher.permission.READ_SETTINGS in package cn.ninegame.gamemanagerhd
W/PackageManager(  458): Unknown permission com.sec.android.app.twlauncher.WRITE_SETTINGS in package cn.ninegame.gamemanagerhd
W/PackageManager(  458): Unknown permission com.sec.android.app.twlauncher.READ_SETTINGS in package cn.ninegame.gamemanagerhd
W/PackageManager(  458): Unknown permission org.adw.launcher.permission.READ_SETTINGS in package cn.ninegame.gamemanagerhd
W/PackageManager(  458): Unknown permission org.adw.launcher.permission.WRITE_SETTINGS in package cn.ninegame.gamemanagerhd
W/PackageManager(  458): Unknown permission org.adwfreak.launcher.permission.READ_SETTINGS in package cn.ninegame.gamemanagerhd
W/PackageManager(  458): Unknown permission org.adwfreak.launcher.permission.WRITE_SETTINGS in package cn.ninegame.gamemanagerhd
W/PackageManager(  458): Unknown permission com.gau.go.launcherex.permission.READ_SETTINGS in package cn.ninegame.gamemanagerhd
W/PackageManager(  458): Unknown permission com.gau.go.launcherex.permission.WRITE_SETTINGS in package cn.ninegame.gamemanagerhd
W/PackageManager(  458): Unknown permission com.fede.launcher.permission.READ_SETTINGS in package cn.ninegame.gamemanagerhd
W/PackageManager(  458): Unknown permission com.fede.launcher.permission.WRITE_SETTINGS in package cn.ninegame.gamemanagerhd
W/PackageManager(  458): Unknown permission cn.ninegame.gamemanagerhd.permission.GameLaunchNotify in package cn.ninegame.gamemanagerhd
W/PackageManager(  458): Unknown permission com.google.android.gallery3d.permission.GALLERY_PROVIDER in package com.android.bluetooth
W/PackageManager(  458): Not granting permission android.permission.ACCESS_DOWNLOAD_MANAGER to package com.android.browser (protectionLevel=18 flags=0x9be45)
W/PackageManager(  458): Not granting permission android.permission.SEND_DOWNLOAD_COMPLETED_INTENTS to package com.android.browser (protectionLevel=2 flags=0x9be45)
W/PackageManager(  458): Unknown permission com.android.launcher.permission.READ_SETTINGS in package com.android.onetimeinitializer
W/PackageManager(  458): Unknown permission com.android.launcher.permission.WRITE_SETTINGS in package com.android.onetimeinitializer
I/SystemServer(  458): Wi-Fi P2pService
W/PackageManager(  458): Not granting permission android.permission.READ_LOGS to package com.tencent.qqlive (protectionLevel=50 flags=0x18be44)
W/PackageManager(  458): Unknown permission com.android.launcher.permission.READ_SETTINGS in package com.tencent.qqlive
W/PackageManager(  458): Unknown permission com.android.launcher2.permission.READ_SETTINGS in package com.tencent.qqlive
W/PackageManager(  458): Not granting permission android.permission.BATTERY_STATS to package com.tencent.qqlive (protectionLevel=18 flags=0x18be44)
W/PackageManager(  458): Unknown permission com.android.launcher.permission.READ_SETTINGS in package com.pada.gamecenter
W/PackageManager(  458): Unknown permission com.android.launcher.permission.WRITE_SETTINGS in package com.pada.gamecenter
W/PackageManager(  458): Not granting permission android.permission.INSTALL_PACKAGES to package com.pada.gamecenter (protectionLevel=18 flags=0x18be45)
W/PackageManager(  458): Not granting permission android.permission.MOUNT_UNMOUNT_FILESYSTEMS to package com.pada.gamecenter (protectionLevel=18 flags=0x18be45)
W/PackageManager(  458): Not granting permission android.permission.ACCOUNT_MANAGER to package com.pada.gamecenter (protectionLevel=2 flags=0x18be45)
W/PackageManager(  458): Not granting permission android.permission.BIND_WALLPAPER to package com.android.camera2 (protectionLevel=18 flags=0x58bc45)
W/PackageManager(  458): Unknown permission android.permission.INSTALL_DRM in package com.android.mms
D/dalvikvm(  458): GC_CONCURRENT freed 430K, 23% free 4480K/5748K, paused 2ms+3ms, total 27ms
D/dalvikvm(  458): WAIT_FOR_CONCURRENT_GC blocked 19ms
D/dalvikvm(  458): WAIT_FOR_CONCURRENT_GC blocked 19ms
D/EventHub(  458): No input device configuration file found for device 'ricoh619_pwrkey'.
W/EventHub(  458): Unable to disable kernel key repeat for /dev/input/event0: Function not implemented
I/EventHub(  458): New device: id=3, fd=103, path='/dev/input/event0', name='ricoh619_pwrkey', classes=0x1, configuration='', keyLayout='/system/usr/keylayout/Generic.kl', keyCharacterMap='/system/usr/keychars/Generic.kcm', builtinKeyboard=false, usingSuspendBlockIoctl=true, usingClockIoctl=true
D/EventHub(  458): No input device configuration file found for device 'rk29-keypad'.
W/EventHub(  458): Unable to disable kernel key repeat for /dev/input/event2: Function not implemented
I/EventHub(  458): New device: id=4, fd=104, path='/dev/input/event2', name='rk29-keypad', classes=0x1, configuration='', keyLayout='/system/usr/keylayout/rk29-keypad.kl', keyCharacterMap='/system/usr/keychars/Generic.kcm', builtinKeyboard=true, usingSuspendBlockIoctl=true, usingClockIoctl=true
W/PackageManager(  458): Unknown permission com.google.android.gallery3d.permission.PICASA_STORE in package com.android.dreams.phototable
W/PackageManager(  458): Not granting permission android.permission.READ_LOGS to package com.pm.market (protectionLevel=50 flags=0xbec5)
W/PackageManager(  458): Not granting permission android.permission.MOUNT_UNMOUNT_FILESYSTEMS to package com.pm.market (protectionLevel=18 flags=0xbec5)
W/PackageManager(  458): Unknown permission com.android.launcher.permission.READ_SETTINGS in package com.pm.market
W/PackageManager(  458): Unknown permission android.permission.RECEIVE_USER_PRESENT in package com.pm.market
W/PackageManager(  458): Not granting permission android.permission.READ_LOGS to package com.uc.browser.hd (protectionLevel=50 flags=0x83e45)
W/PackageManager(  458): Unknown permission com.android.launcher.permission.READ_SETTINGS in package com.uc.browser.hd
W/PackageManager(  458): Unknown permission com.android.launcher.permission.WRITE_SETTINGS in package com.uc.browser.hd
W/PackageManager(  458): Unknown permission com.android.launcher.permission.READ_SETTINGS in package com.android.settings
W/PackageManager(  458): Unknown permission com.android.launcher.permission.WRITE_SETTINGS in package com.android.settings
W/PackageManager(  458): Not granting permission android.permission.GLOBAL_SEARCH to package com.baidu.searchbox (protectionLevel=18 flags=0x8be65)
W/PackageManager(  458): Unknown permission com.android.launcher.permission.READ_SETTINGS in package com.baidu.searchbox
W/PackageManager(  458): Not granting permission android.permission.SET_ACTIVITY_WATCHER to package com.baidu.searchbox (protectionLevel=2 flags=0x8be65)
W/PackageManager(  458): Unknown permission android.permission.BAIDU_LOCATION_SERVICE in package com.baidu.searchbox
W/PackageManager(  458): Not granting permission android.permission.MOUNT_UNMOUNT_FILESYSTEMS to package com.baidu.searchbox (protectionLevel=18 flags=0x8be65)
W/PackageManager(  458): Not granting permission android.permission.INSTALL_PACKAGES to package com.baidu.searchbox (protectionLevel=18 flags=0x8be65)
W/PackageManager(  458): Not granting permission android.permission.DELETE_PACKAGES to package com.baidu.searchbox (protectionLevel=18 flags=0x8be65)
W/PackageManager(  458): Not granting permission android.permission.CHANGE_COMPONENT_ENABLED_STATE to package com.baidu.searchbox (protectionLevel=18 flags=0x8be65)
W/PackageManager(  458): Not granting permission android.permission.READ_LOGS to package com.baidu.searchbox (protectionLevel=50 flags=0x8be65)
W/PackageManager(  458): Not granting permission android.permission.WRITE_APN_SETTINGS to package com.baidu.searchbox (protectionLevel=18 flags=0x8be65)
W/PackageManager(  458): Not granting permission android.permission.SEND_DOWNLOAD_COMPLETED_INTENTS to package com.android.vending (protectionLevel=2 flags=0x400abe45)
W/PackageManager(  458): Unknown permission android.permission.SEND_SMS_NO_CONFIRMATION in package com.android.vending
W/PackageManager(  458): Unknown permission android.permission.RECEIVE_USER_PRESENT in package com.pplive.androidphone
W/PackageManager(  458): Not granting permission android.permission.CHANGE_CONFIGURATION to package com.pplive.androidphone (protectionLevel=50 flags=0xbe44)
W/PackageManager(  458): Not granting permission android.permission.READ_LOGS to package com.pplive.androidphone (protectionLevel=50 flags=0xbe44)
W/PackageManager(  458): Not granting permission android.permission.ACCESS_DOWNLOAD_MANAGER to package com.pplive.androidphone (protectionLevel=18 flags=0xbe44)
W/PackageManager(  458): Unknown permission android.permission.SYSTEM_OVERLAY_WINDOW in package com.pplive.androidphone
W/PackageManager(  458): Unknown permission android.permission.READ_SETTINGS in package com.pplive.androidphone
W/PackageManager(  458): Unknown permission android.permission.ACCESS_COARSE_UPDATES in package com.sina.weibo
W/PackageManager(  458): Unknown permission com.android.launcher.permission.READ_SETTINGS in package com.sina.weibo
W/PackageManager(  458): Not granting permission android.permission.READ_LOGS to package com.sina.weibo (protectionLevel=50 flags=0x8be44)
W/PackageManager(  458): Not granting permission android.permission.MOUNT_UNMOUNT_FILESYSTEMS to package com.sina.weibo (protectionLevel=18 flags=0x8be44)
W/PackageManager(  458): Unknown permission android.permission.RECEIVE_USER_PRESENT in package com.sina.weibo
W/PackageManager(  458): Unknown permission com.android.launcher.permission.READ_SETTINGS in package com.pada.padasf
W/PackageManager(  458): Unknown permission com.android.launcher.permission.WRITE_SETTINGS in package com.pada.padasf
W/PackageManager(  458): Not granting permission android.permission.DELETE_PACKAGES to package com.svox.pico (protectionLevel=18 flags=0x8be45)
W/PackageManager(  458): Not granting permission android.permission.MOUNT_UNMOUNT_FILESYSTEMS to package com.skwifi (protectionLevel=18 flags=0x8be46)
W/PackageManager(  458): Not granting permission android.permission.ACCESS_DOWNLOAD_MANAGER to package com.skwifi (protectionLevel=18 flags=0x8be46)
W/PackageManager(  458): Not granting permission android.permission.DEVICE_POWER to package com.android.deskclock (protectionLevel=2 flags=0x48be45)
W/PackageManager(  458): Unknown permission rockchip.permission.FULL_SCREEN in package android.rk.RockVideoPlayer
W/PackageManager(  458): Unknown permission android.permission.RAISED_THREAD_PRIORITY in package android.rk.RockVideoPlayer
W/PackageManager(  458): Unknown permission android.permission.FULL_SCREEN in package android.rk.RockVideoPlayer
W/PackageManager(  458): Unknown permission archos.permission.FULL_SCREEN in package android.rk.RockVideoPlayer
W/PackageManager(  458): Not granting permission android.permission.READ_DREAM_STATE to package com.google.android.gsf (protectionLevel=2 flags=0x40083e45)
W/PackageManager(  458): Unknown permission android.permission.VIBRATION in package com.baidu.input
W/PackageManager(  458): Not granting permission android.permission.READ_LOGS to package com.baidu.input (protectionLevel=50 flags=0x88be44)
W/PackageManager(  458): Unknown permission com.android.launcher.permission.READ_SETTINGS in package com.baidu.input
W/PackageManager(  458): Not granting permission android.permission.SET_ACTIVITY_WATCHER to package com.baidu.input (protectionLevel=2 flags=0x88be44)
W/PackageManager(  458): Unknown permission com.baidu.appsearch.permission.LAUNCH in package com.baidu.input
I/InputReader(  458): Device added: id=-1, name='Virtual', sources=0x00000301
I/InputReader(  458): Device added: id=0, name='rk29-keypad', sources=0x00000101
I/InputReader(  458): Device added: id=3, name='ricoh619_pwrkey', sources=0x00000101
I/InputReader(  458):   Touch device 'ft5x0x_ts' could not query the properties of its associated display.  The device will be inoperable until the display size becomes available.
I/InputReader(  458): Device added: id=1, name='ft5x0x_ts', sources=0x00001002
I/InputReader(  458): Reconfiguring input devices.  changes=0x00000004
I/InputReader(  458): Device reconfigured: id=1, name='ft5x0x_ts', size 2560x1600, orientation 0, mode 1, display id 0
I/ActivityManager(  458): Config changes=8 {1.0 ?mcc?mnc zh_CN ldltr sw800dp w1280dp h727dp 320dpi xlrg land ?uimode ?night finger -keyb/v/h -nav/h s.4}
I/SystemServer(  458): Wi-Fi Service
I/SystemServer(  458): Connectivity Service
D/ConnectivityService(  458): ConnectivityService starting up
D/ConnectivityService(  458): wifiOnly=false
D/BluetoothTethering(  458): startMonitoring: target: Handler (com.android.server.ConnectivityService$NetworkStateTrackerHandler) {41a68ae8}
D/BluetoothTethering(  458): startMonitoring: mCsHandler: Handler (com.android.server.ConnectivityService$NetworkStateTrackerHandler) {41a68ae8}
D/BluetoothManagerService(  458): Message: 20
D/BluetoothManagerService(  458): Added callback: android.bluetooth.BluetoothAdapter$1@41a735d0:true
D/BluetoothManagerService(  458): Message: 30
W/ContextImpl(  458): Calling a method in the system process without a qualified user: android.app.ContextImpl.bindService:1551 android.bluetooth.BluetoothPan.doBind:149 android.bluetooth.BluetoothPan.<init>:141 android.bluetooth.BluetoothAdapter.getProfileProxy:1252 android.bluetooth.BluetoothTetheringDataTracker.startMonitoring:116
E/MobileDataStateTracker(  458): default: Ignoring feature request because could not acquire PhoneService
E/MobileDataStateTracker(  458): default: Could not enable APN type "default"
D/WifiController(  458): WifiController msg { when=0 what=155656 target=com.android.internal.util.StateMachine$SmHandler } deferred for 476ms
D/EthernetService(  458): EthernetService() : Entered.
I/WifiService(  458): WifiService starting up with Wi-Fi enabled
D/WifiService(  458): setWifiEnabled: true pid=458, uid=1000
I/SystemServer(  458): Ethernet Service
I/SystemServer(  458): Network Service Discovery Service
D/NsdService(  458): Network service discovery enabled true
I/SystemServer(  458): UpdateLock Service
D/dalvikvm(  458): GC_FOR_ALLOC freed 559K, 19% free 4694K/5748K, paused 25ms, total 25ms
I/SystemServer(  458): Notification Manager
I/SystemServer(  458): Device Storage Monitor
I/SystemServer(  458): Location Manager
I/SystemServer(  458): Country Detector
I/SystemServer(  458): Search Service
I/SystemServer(  458): DropBox Service
I/SystemServer(  458): Wallpaper Service
I/SystemServer(  458): Audio Service
E/RkWifiCtrl(  458): rk_wifi_load_driver:(rmmod)
D/dalvikvm(  458): GC_FOR_ALLOC freed 133K, 18% free 4757K/5748K, paused 24ms, total 24ms
I/MediaFocusControl(  458):   Remote Control   registerMediaButtonIntent() for PendingIntent{41819e50: PendingIntentRecord{4199e458 android broadcastIntent}}
V/AudioService(  458): monitoring device orientation
I/SystemServer(  458): Dock Observer
W/DockObserver(  458): This kernel does not have dock station support
I/SystemServer(  458): Wired Accessory Manager
W/WiredAccessoryManager(  458): This kernel does not have wired headset support
I/SystemServer(  458): USB Service
I/SystemServer(  458): Serial Service
I/SystemServer(  458): Twilight Service
I/SystemServer(  458): UI Mode Manager Service
I/SystemServer(  458): Backup Service
V/BackupManagerService(  458): Initializing package tracking
V/BackupManagerService(  458): No ancestral data
V/BackupManagerService(  458): addPackageParticipantsLocked: all
I/BackupManagerService(  458): Scheduling backup for new app com.android.browser
D/BackupManagerService(  458): Now staging backup of com.android.browser
D/UsbDeviceManager(  458): -----MSG_UPDATE_STATE,but not BootComplete,send MSG_UPDATE_STATE_RETRY after 500ms---
I/BackupManagerService(  458): Scheduling backup for new app com.android.providers.userdictionary
D/BackupManagerService(  458): Now staging backup of com.android.providers.userdictionary
I/BackupManagerService(  458): Scheduling backup for new app com.android.sharedstoragebackup
D/BackupManagerService(  458): Now staging backup of com.android.sharedstoragebackup
I/BackupManagerService(  458): Scheduling backup for new app com.google.android.marvin.talkback
D/BackupManagerService(  458): Now staging backup of com.google.android.marvin.talkback
I/BackupManagerService(  458): Scheduling backup for new app android
D/BackupManagerService(  458): Now staging backup of android
I/BackupManagerService(  458): Scheduling backup for new app com.android.vending
D/BackupManagerService(  458): Now staging backup of com.android.vending
I/BackupManagerService(  458): Scheduling backup for new app com.android.dialer
D/BackupManagerService(  458): Now staging backup of com.android.dialer
I/BackupManagerService(  458): Scheduling backup for new app com.android.providers.settings
D/BackupManagerService(  458): Now staging backup of com.android.providers.settings
I/BackupManagerService(  458): Scheduling backup for new app com.google.android.calendar
D/BackupManagerService(  458): Now staging backup of com.google.android.calendar
I/WindowManager(  458): SAFE MODE not enabled
D/dalvikvm(  458): JIT started for system_server
V/BackupManagerService(  458): Starting with transport android/com.android.internal.backup.LocalTransport
V/BackupManagerService(  458): Found transports: 1
I/BackupManagerService(  458): Binding to transport host ComponentInfo{android/com.android.internal.backup.LocalTransportService}
I/BackupManagerService(  458): Found stale backup journal, scheduling
I/BackupManagerService(  458):   com.android.browser
I/BackupManagerService(  458):   com.android.providers.userdictionary
I/BackupManagerService(  458):   com.android.sharedstoragebackup
I/BackupManagerService(  458):   com.google.android.marvin.talkback
I/BackupManagerService(  458):   android
I/BackupManagerService(  458):   com.android.vending
I/BackupManagerService(  458):   com.android.dialer
I/BackupManagerService(  458):   com.android.providers.settings
I/BackupManagerService(  458):   com.google.android.calendar
I/BackupManagerService(  458): Backup enabled => false
I/BackupManagerService(  458): Opting out of backup
I/SystemServer(  458): AppWidget Service
I/SystemServer(  458): Recognition Service
I/SystemServer(  458): DiskStats Service
I/SystemServer(  458): SamplingProfiler Service
I/SystemServer(  458): NetworkTimeUpdateService
I/SystemServer(  458): CommonTimeManagementService
I/SystemServer(  458): CertBlacklister
I/SystemServer(  458): Dreams Service
I/SystemServer(  458): Assets Atlas Service
I/SystemServer(  458): IdleMaintenanceService
I/SystemServer(  458): Print Service
I/SystemServer(  458): Media Router Service
D/Atlas   (  458): Loaded configuration: SliceMinArea (768x768) flags=0x2 count=25
D/libEGL  (  458): loaded /vendor/lib/egl/libGLES_mali.so
I/Zygote  (  458): Process: zygote socket opened
D/Atlas   (  458): Rendered atlas in 35.89ms (0.00+35.88ms)
V/KeyguardServiceDelegate(  458): *** Keyguard started
V/KeyguardServiceDelegate(  458): onSystemReady() called before keyguard service was ready
I/ActivityManager(  458): Start proc com.android.systemui for service com.android.keyguard/.KeyguardService: pid=551 uid=10013 gids={50013, 1028, 1015, 1023, 1035, 3002, 3001}
D/WifiController(  458): DEFERRED_TOGGLE handled
I/AppOps  (  458): Pruning old package media/1013: new uid=-1
I/ActivityManager(  458): System now ready
I/SystemServer(  458): Making services ready
D/NetworkManagementService(  458): enabling bandwidth control
I/MountService(  458): doMountVolume: Mouting /mnt/internal_sd
I/Vold    (  136): /dev/block/vold/179:13 being considered for volume internal_sd,1
I/Vold    (  136):
D/Vold    (  136): Volume internal_sd state changing 1 (Idle-Unmounted) -> 3 (Checking)
I/MountService(  458): onEvent:: raw= 605 Volume internal_sd /mnt/internal_sd state changed from 1 (Idle-Unmounted) to 3 (Checking) cooked =  605 Volume internal_sd /mnt/internal_sd state changed from 1 (Idle-Unmounted) to 3 (Checking)
I/MountService(  458): notifyVolumeStateChange::unmounted
I/MountService(  458): updating volume state checking
D/MountService(  458): volume state changed for /mnt/internal_sd (unmounted -> checking)
D/MountService(  458): sendStorageIntent Intent { act=android.intent.action.MEDIA_CHECKING dat=file:///mnt/internal_sd (has extras) } to UserHandle{-1}
I/fsck_msdos(  136): ** /dev/block/vold/179:13
I/fsck_msdos(  136): ** Phase 1 - Read FAT (compare skipped)
I/fsck_msdos(  136): Attempting to allocate 5768 KB for FAT
I/ActivityManager(  458): Start proc com.ylmf.androidclient:yyw_push_alarm_receiver for broadcast com.ylmf.androidclient/com.yyw.push.ChatAlarmPushReceiver: pid=570 uid=10065 gids={50065, 3003, 1028, 1015}
V/KeyguardService(  551): onCreate()
I/AwesomePlayer(  142): AwesomePlayer::AwesomePlayer()in
I/        (  142): new RKOMXPlugin
I/        (  142): componentNum: 12
I/        (  142): i: 0, rockchipComponentsTemp[i]->totalRoleNum: 12
I/        (  142): i: 1, rockchipComponentsTemp[i]->totalRoleNum: 12
I/        (  142): i: 2, rockchipComponentsTemp[i]->totalRoleNum: 12
I/        (  142): i: 3, rockchipComponentsTemp[i]->totalRoleNum: 12
I/        (  142): i: 4, rockchipComponentsTemp[i]->totalRoleNum: 12
I/        (  142): i: 5, rockchipComponentsTemp[i]->totalRoleNum: 12
I/        (  142): i: 6, rockchipComponentsTemp[i]->totalRoleNum: 12
I/        (  142): i: 7, rockchipComponentsTemp[i]->totalRoleNum: 12
I/        (  142): i: 8, rockchipComponentsTemp[i]->totalRoleNum: 12
I/        (  142): i: 9, rockchipComponentsTemp[i]->totalRoleNum: 12
I/        (  142): i: 10, rockchipComponentsTemp[i]->totalRoleNum: 12
I/        (  142): i: 11, rockchipComponentsTemp[i]->totalRoleNum: 12
I/        (  142): componentNum: 2
I/        (  142): i: 0, rockchipComponentsTemp[i]->totalRoleNum: 2
I/        (  142): i: 1, rockchipComponentsTemp[i]->totalRoleNum: 2
I/AwesomePlayer(  142): AwesomePlayer::AwesomePlayer()aftermClient.connect()
I/FrameQueueManage(  142): use_iommu = 0x0
I/OMXCodec(  142): OMXCodec::Create mime: audio/vorbis
I/MediaCodecList(  142): register mediacode *****************
I/OMXCodec(  142): --->InstantiateSoftwareCodec create OMX.google.vorbis.decoder codec
I/OMXCodec(  142): Attempting to allocate OMX node 'OMX.google.vorbis.decoder'
I/OMXCodec(  142): Successfully allocated OMX node 'OMX.google.vorbis.decoder'
I/FrameQueueManage(  142): FrameQueueManage::~FrameQueueManage end!
I/AwesomePlayer(  142): AwesomePlayer::AwesomePlayer()in
I/AwesomePlayer(  142): AwesomePlayer::AwesomePlayer()aftermClient.connect()
I/FrameQueueManage(  142): use_iommu = 0x0
I/OMXCodec(  142): OMXCodec::Create mime: audio/vorbis
I/OMXCodec(  142): --->InstantiateSoftwareCodec create OMX.google.vorbis.decoder codec
I/OMXCodec(  142): Attempting to allocate OMX node 'OMX.google.vorbis.decoder'
I/OMXCodec(  142): Successfully allocated OMX node 'OMX.google.vorbis.decoder'
I/FrameQueueManage(  142): FrameQueueManage::~FrameQueueManage end!
D/SystemUIService(  551): loading: class com.android.systemui.recent.Recents
D/SystemUIService(  551): running: com.android.systemui.recent.Recents@41945318
D/SystemUIService(  551): loading: class com.android.systemui.statusbar.SystemBars
D/SystemUIService(  551): running: com.android.systemui.statusbar.SystemBars@41945900
D/SystemUIService(  551): loading: class com.android.systemui.usb.StorageNotification
D/SystemUIService(  551): running: com.android.systemui.usb.StorageNotification@419476c0
D/SystemUIService(  551): loading: class com.android.systemui.power.PowerUI
D/SystemUIService(  551): running: com.android.systemui.power.PowerUI@41949b58
D/SystemUIService(  551): loading: class com.android.systemui.media.RingtonePlayer
D/SystemUIService(  551): running: com.android.systemui.media.RingtonePlayer@4194a858
D/SystemUIService(  551): loading: class com.android.systemui.settings.SettingsUI
D/SystemUIService(  551): running: com.android.systemui.settings.SettingsUI@4194bb40
D/PhoneStatusBar(  551): mSettingsPanelGravity = 8388661
I/StatusBarManagerService(  458): registerStatusBar bar=com.android.internal.statusbar.IStatusBar$Stub$Proxy@4191edc8
I/fsck_msdos(  136): ** Phase 2 - Check Cluster Chains
D/UsbDeviceManager(  458): -----get MSG_UPDATE_STATE_RETRY,but not BootComplete,send MSG_UPDATE_STATE_RETRY after 500ms---
I/MultiDex(  570): VM with version 1.6.0 does not have multidex support
I/MultiDex(  570): install
I/MultiDex(  570): MultiDexExtractor.load(/data/app/com.ylmf.androidclient-2.apk, false)
I/MultiDex(  570): loading existing secondary dex files
I/MultiDex(  570): load found 1 secondary dex files
I/fsck_msdos(  136): ** Phase 3 - Checking Directories
I/MultiDex(  570): install done
I/MultiDex(  570): install
D/dalvikvm(  458): GC_CONCURRENT freed 519K, 11% free 5230K/5844K, paused 2ms+2ms, total 34ms
D/dalvikvm(  458): WAIT_FOR_CONCURRENT_GC blocked 21ms
D/dalvikvm(  551): GC_FOR_ALLOC freed 154K, 5% free 3800K/3980K, paused 17ms, total 17ms
I/dalvikvm-heap(  551): Grow heap (frag case) to 4.805MB for 1127536-byte allocation
I/ActivityManager(  458): Start proc com.ylmf.androidclient:yyw_push_service for service com.ylmf.androidclient/com.yyw.push.ChatPushService: pid=625 uid=10065 gids={50065, 3003, 1028, 1015}
D/dalvikvm(  551): GC_FOR_ALLOC freed 0K, 4% free 4901K/5084K, paused 18ms, total 18ms
I/MultiDex(  625): VM with version 1.6.0 does not have multidex support
I/MultiDex(  625): install
I/MultiDex(  625): MultiDexExtractor.load(/data/app/com.ylmf.androidclient-2.apk, false)
I/MultiDex(  625): loading existing secondary dex files
I/MultiDex(  625): load found 1 secondary dex files
I/MultiDex(  625): install done
I/MultiDex(  625): install
D/dalvikvm(  551): GC_CONCURRENT freed 5K, 4% free 4897K/5084K, paused 4ms+1ms, total 22ms
D/dalvikvm(  551): GC_FOR_ALLOC freed 24K, 3% free 6199K/6340K, paused 14ms, total 14ms
V/PhoneStatusBar/NavigationBarView(  551): touchEnabled:false
D/UsbDeviceManager(  458): Usb state is false false true
I/ActivityManager(  458): Config changes=200 {1.0 ?mcc?mnc zh_CN ldltr sw800dp w1280dp h727dp 320dpi xlrg land finger -keyb/v/h -nav/h s.5}
W/RecognitionManagerService(  458): no available voice recognition services found for user 0
I/ActivityManager(  458): Start proc android.process.media for broadcast com.android.providers.media/.MtpReceiver: pid=655 uid=10005 gids={50005, 1028, 1015, 1023, 1024, 2001, 3003, 3007}
D/BluetoothManagerService(  458): Message: 20
D/BluetoothManagerService(  458): Added callback: android.bluetooth.IBluetoothManagerCallback$Stub$Proxy@419163e0:true
D/BluetoothAdapter(  551): 1103774512: getState() :  mService = null. Returning STATE_OFF
D/BluetoothAdapter(  551): 1103774512: getState() :  mService = null. Returning STATE_OFF
I/AndroidRuntime(  625): VM exiting with result code 0, cleanup skipped.
E/RkWifiCtrl(  458): Wifi driver is not ready.
I/ActivityManager(  458): Process com.ylmf.androidclient:yyw_push_service (pid 625) has died.
D/BluetoothAdapter(  551): 1103774512: getState() :  mService = null. Returning STATE_OFF
I/ActivityManager(  458): START u0 {act=android.intent.action.MAIN cat=[android.intent.category.HOME] flg=0x10000000 cmp=com.android.launcher/com.pada.launcher.Launcher} from pid 0
I/ActivityManager(  458): Start proc com.android.launcher for activity com.android.launcher/com.pada.launcher.Launcher: pid=673 uid=10061 gids={50061, 3003, 1028, 1015, 3002, 3001}
W/InputMethodManagerService(  458): Ignoring setImeWindowStatus of uid 1000 token: null
I/ActivityManager(  458): Start proc android.process.acore for content provider com.android.providers.contacts/.ContactsProvider2: pid=688 uid=10003 gids={50003, 3003, 1028, 1015}
W/GpsLocationProvider(  458): Could not open GPS configuration file /etc/gps.conf
W/ServiceWatcher(  458): com.google.android.location not found
W/ServiceWatcher(  458): com.google.android.location not found
W/LocationProviderProxy-network(  458): com.google.android.gms resolves service com.android.location.service.v3.NetworkLocationProvider, but has wrong signature, ignoring
W/ServiceWatcher(  458): com.google.android.location not found
W/LocationProviderProxy-fused(  458): com.google.android.gms resolves service com.android.location.service.FusedLocationProvider, but has wrong signature, ignoring
W/ServiceWatcher(  458): com.google.android.location not found
W/GeocoderProxy(  458): com.google.android.gms resolves service com.android.location.service.GeocodeProvider, but has wrong signature, ignoring
I/ActivityManager(  458): Start proc com.baidu.input for service com.baidu.input/.ImeService: pid=700 uid=10074 gids={50074, 3003, 1028, 1015}
V/InputMethodManagerService(  458): Adding window token: android.os.Binder@41bfb3b0
W/LocationManagerService(  458): no network location provider found
E/LocationManagerService(  458): no geocoder provider found
D/PhoneStatusBar(  551): disable: < expand icons alerts ticker system_info back home recent clock search >
E/FlpHardwareProvider(  458): Error hw_get_module 'flp': -2
W/ServiceWatcher(  458): com.google.android.location not found
E/FlpHardwareProvider(  458): Error hw_get_module 'flp': -2
W/ServiceWatcher(  458): com.google.android.location not found
W/GeofenceProxy(  458): com.google.android.gms resolves service com.android.location.service.GeofenceProvider, but has wrong signature, ignoring
E/LocationManagerService(  458): No FusedProvider found.
E/LocationManagerService(  458): no geofence provider found
I/CommonTimeManagementService(  458): No common time service detected on this platform.  Common time services will be unavailable.
I/InputReader(  458): Reconfiguring input devices.  changes=0x00000020
I/InputReader(  458): Reconfiguring input devices.  changes=0x00000010
D/UsbDeviceManager(  458): -----get MSG_UPDATE_STATE_RETRY,but not BootComplete,send MSG_UPDATE_STATE_RETRY after 500ms---
I/ActivityManager(  458): Start proc com.android.printspooler for service com.android.printspooler/.PrintSpoolerService: pid=716 uid=10047 gids={50047}
I/ActivityManager(  458): Start proc com.android.phone for added application com.android.phone: pid=729 uid=1001 gids={41001, 3002, 3001, 3003, 1028, 1015}
D/dalvikvm(  133): GC_EXPLICIT freed 34K, 8% free 3326K/3600K, paused 1ms+1ms, total 16ms
D/dalvikvm(  458): GC_CONCURRENT freed 861K, 14% free 5510K/6396K, paused 2ms+6ms, total 48ms
D/TextLayoutCache(  458): Using debug level = 0 - Debug Enabled = 0
D/dalvikvm(  133): GC_EXPLICIT freed <1K, 8% free 3326K/3600K, paused 1ms+1ms, total 15ms
I/Choreographer(  458): Skipped 52 frames!  The application may be doing too much work on its main thread.
V/KeyguardServiceDelegate(  458): *** Keyguard connected (yay!)
W/InputMethodManagerService(  458): Focus gain on non-focused client android.view.inputmethod.InputMethodManager$1@4197a290 (uid=1000 pid=458)
D/dalvikvm(  133): GC_EXPLICIT freed <1K, 8% free 3326K/3600K, paused 1ms+1ms, total 15ms
I/PrintSpoolerService(  716): No existing print spooler state.
I/ActivityManager(  458): Start proc android.rockchip.update.service for broadcast android.rockchip.update.service/.RKUpdateReceiver: pid=747 uid=10049 gids={50049, 1028, 1015, 2001, 1023, 1024, 3003}
D/BluetoothManagerService(  458): Message: 300
D/BluetoothManagerService(  458): MESSAGE_USER_SWITCHED
I/MediaFocusControl(  458):   Remote Control   registerMediaButtonIntent() for PendingIntent{41c08a00: PendingIntentRecord{4199e458 android broadcastIntent}}
V/BackupManagerService(  458): Connected to transport ComponentInfo{android/com.android.internal.backup.LocalTransportService}
V/BackupManagerService(  458): Registering transport android/com.android.internal.backup.LocalTransportService::android/com.android.internal.backup.LocalTransport = com.android.internal.backup.LocalTransport@41908510
I/FusedLocation(  458): engine stopped (com.android.location.fused)
I/FusedLocation(  458): engine started (com.android.location.fused)
I/FusedLocation(  458): engine started (com.android.location.fused)
D/BluetoothAdapter(  551): 1103774512: getState() :  mService = null. Returning STATE_OFF
D/BluetoothAdapter(  551): 1103774512: getState() :  mService = null. Returning STATE_OFF
D/PhoneStatusBar(  551): heads up is disabled
D/dalvikvm(  551): GC_CONCURRENT freed 194K, 3% free 7817K/8032K, paused 1ms+3ms, total 19ms
I/fsck_msdos(  136): ** Phase 4 - Checking for Lost Files
I/fsck_msdos(  136): Next free cluster in FSInfo block (1364315) not free
I/fsck_msdos(  136): FIXED
I/fsck_msdos(  136): 11884 files, 889904 free (111238 clusters)
I/Vold    (  136): Filesystem check completed OK
D/mali_winsys(  551): new_window_surface returns 0x3000
D/OpenGLRenderer(  551): Enabling debug mode 0
W/ContextImpl(  673): Implicit intents with startService are not safe: Intent { act=download.service.action } android.content.ContextWrapper.startService:494 com.pada.launcher.download.DownloadService.getDownloadManager:26 com.pada.launcher.download.utils.ApkInstalledManager.<init>:55
D/mali_winsys(  551): new_window_surface returns 0x3000
I/ActivityManager(  458): Start proc com.pada.gamecenter for service com.pada.gamecenter/.download.DownloadService: pid=774 uid=10034 gids={50034, 3003, 1028, 1015}
D/RKUpdateReceiver(  747): action = android.hardware.usb.action.USB_STATE
D/PhoneStatusBar(  551): mSettingsPanelGravity = 8388661
I/ActivityManager(  458): Start proc com.google.android.gms for broadcast com.google.android.gms/com.google.android.location.internal.NlpNetworkProviderSettingsUpdateReceiver: pid=787 uid=10006 gids={50006, 3003, 1007, 1028, 1015, 2001, 3006, 3007}
V/StatusBar(  551): userId 0 is in the house
D/PhoneStatusBar(  551): disable: < expand icons alerts ticker system_info back home RECENT* clock search >
V/PhoneApp(  729): onCreate()...
D/RkWifiCtrl(  458): Kernel version is 3.10.
E/RkWifiCtrl(  458): Wifi driver is not ready.
E/RkWifiCtrl(  458): rk_wifi_load_driver:(insmod)
I/App     (  774): ------ onCreate
D/UsbDeviceManager(  458): -----get MSG_UPDATE_STATE_RETRY,but not BootComplete,send MSG_UPDATE_STATE_RETRY after 500ms---
E/Vold    (  136): ---------set mSkipAsec to enable app2sd because mount Vfat succeed for internal_sd, mountpoint =/mnt/internal_sd
V/KeyguardHostView(  551): Initial transport state: 1, pbstate=0
I/DeviceInfo(  774): udi:ei=012345678912345&ai=adda37aedec9734f&mf=Teclast&bd=TECLAST&md=p90hd&pl=19&sw=2560&sh=1504&la=zh-CN
D/dalvikvm(  700): GC_FOR_ALLOC freed 289K, 8% free 3759K/4072K, paused 16ms, total 16ms
I/AwesomePlayer(  142): AwesomePlayer::AwesomePlayer()in
I/AwesomePlayer(  142): AwesomePlayer::AwesomePlayer()aftermClient.connect()
I/FrameQueueManage(  142): use_iommu = 0x0
D/dalvikvm(  700): Trying to load lib /data/data/com.baidu.input/files/inputcore_20140801 0x41936f18
E/ActivityThread(  774): Failed to find provider info for com.android.launcher2.settings
E/ActivityThread(  774): Failed to find provider info for com.android.launcher.settings
I/FrameQueueManage(  142): FrameQueueManage::~FrameQueueManage end!
D/dalvikvm(  700): Added shared lib /data/data/com.baidu.input/files/inputcore_20140801 0x41936f18
I/ActivityManager(  458): Start proc com.android.smspush for service com.android.smspush/.WapPushManager: pid=818 uid=10058 gids={50058}
D/NotificationMgr(  729): updateNotificationsAtStartup()...
D/NotificationMgr(  729): - start call log query...
D/BluetoothManagerService(  458): Message: 20
D/BluetoothManagerService(  458): Added callback: android.bluetooth.IBluetoothManagerCallback$Stub$Proxy@418c9828:true
D/PhoneApp(  729): onCreate: mUpdateLock: android.os.UpdateLock@419922f8
D/CallController(  729): CallController constructor: app = com.android.phone.PhoneGlobals@4194a650
D/dalvikvm(  700): GC_FOR_ALLOC freed 19K, 7% free 4414K/4712K, paused 18ms, total 18ms
D/CallerInfoCache(  729): init()
D/CallerInfoCache(  729): startAsyncCache
D/CallerInfoCache(  729): setRepeatingCacheUpdateAlarm
D/CallerInfoCache(  729): Start refreshing cache.
D/CallStateMonitor(  729): Adding Handler: Handler (com.android.phone.CallModeler) {419975c0}
D/BluetoothManagerService(  458): Message: 30
D/CallHandlerServiceProxy(  729): init CallHandlerServiceProxy
D/CallHandlerServiceProxy(  729): CallHandlerService not conneccted. Skipping onAudioModeChange().
D/CallHandlerServiceProxy(  729): CallHandlerService not conneccted. SkippingonSupportedAudioModeChange().
D/PhoneInterfaceManager(  729): [PhoneIntfMgr] publish: com.android.phone.PhoneInterfaceManager@419a64a0
D/CallStateMonitor(  729): Adding Handler: Handler (com.android.phone.CallNotifier) {419a70b0}
D/CallNotifier(  729): CallNotifier: mSignalInfoToneGenerator created when toneplay
D/BluetoothManagerService(  458): Message: 30
V/PhoneApp(  729): register for ICC status
D/PhoneUtils(  729): setAudioMode()...IDLE
D/PhoneUtils(  729): setAudioMode() no change: MODE_NORMAL
D/MobileDataStateTracker(  458): fota: Broadcast received: android.intent.action.ANY_DATA_STATE apnType=fota
D/MobileDataStateTracker(  458): fota: Received state=DISCONNECTED, old=DISCONNECTED, reason=radioTurnedOff
D/MobileDataStateTracker(  458): ia: Broadcast received: android.intent.action.ANY_DATA_STATE apnType=ia
D/MobileDataStateTracker(  458): ia: Received state=DISCONNECTED, old=DISCONNECTED, reason=radioTurnedOff
D/MobileDataStateTracker(  458): supl: Broadcast received: android.intent.action.ANY_DATA_STATE apnType=supl
D/MobileDataStateTracker(  458): supl: Received state=DISCONNECTED, old=DISCONNECTED, reason=radioTurnedOff
D/MobileDataStateTracker(  458): hipri: Broadcast received: android.intent.action.ANY_DATA_STATE apnType=hipri
D/MobileDataStateTracker(  458): hipri: Received state=DISCONNECTED, old=DISCONNECTED, reason=radioTurnedOff
D/MobileDataStateTracker(  458): ims: Broadcast received: android.intent.action.ANY_DATA_STATE apnType=ims
D/MobileDataStateTracker(  458): ims: Received state=DISCONNECTED, old=DISCONNECTED, reason=radioTurnedOff
D/MobileDataStateTracker(  458): default: Broadcast received: android.intent.action.ANY_DATA_STATE apnType=default
D/MobileDataStateTracker(  458): default: Received state=DISCONNECTED, old=DISCONNECTED, reason=radioTurnedOff
D/MobileDataStateTracker(  458): mms: Broadcast received: android.intent.action.ANY_DATA_STATE apnType=mms
D/MobileDataStateTracker(  458): mms: Received state=DISCONNECTED, old=DISCONNECTED, reason=radioTurnedOff
D/MobileDataStateTracker(  458): cbs: Broadcast received: android.intent.action.ANY_DATA_STATE apnType=cbs
D/MobileDataStateTracker(  458): cbs: Received state=DISCONNECTED, old=DISCONNECTED, reason=radioTurnedOff
D/MobileDataStateTracker(  458): fota: Broadcast received: android.intent.action.ANY_DATA_STATE apnType=fota
D/MobileDataStateTracker(  458): fota: Received state=DISCONNECTED, old=DISCONNECTED, reason=radioTurnedOff
D/MobileDataStateTracker(  458): ia: Broadcast received: android.intent.action.ANY_DATA_STATE apnType=ia
D/MobileDataStateTracker(  458): ia: Received state=DISCONNECTED, old=DISCONNECTED, reason=radioTurnedOff
D/MobileDataStateTracker(  458): supl: Broadcast received: android.intent.action.ANY_DATA_STATE apnType=supl
D/MobileDataStateTracker(  458): supl: Received state=DISCONNECTED, old=DISCONNECTED, reason=radioTurnedOff
D/MobileDataStateTracker(  458): hipri: Broadcast received: android.intent.action.ANY_DATA_STATE apnType=hipri
D/MobileDataStateTracker(  458): hipri: Received state=DISCONNECTED, old=DISCONNECTED, reason=radioTurnedOff
D/MobileDataStateTracker(  458): ims: Broadcast received: android.intent.action.ANY_DATA_STATE apnType=ims
D/MobileDataStateTracker(  458): ims: Received state=DISCONNECTED, old=DISCONNECTED, reason=radioTurnedOff
D/MobileDataStateTracker(  458): default: Broadcast received: android.intent.action.ANY_DATA_STATE apnType=default
D/MobileDataStateTracker(  458): default: Received state=DISCONNECTED, old=DISCONNECTED, reason=radioTurnedOff
D/MobileDataStateTracker(  458): mms: Broadcast received: android.intent.action.ANY_DATA_STATE apnType=mms
D/MobileDataStateTracker(  458): mms: Received state=DISCONNECTED, old=DISCONNECTED, reason=radioTurnedOff
D/MobileDataStateTracker(  458): cbs: Broadcast received: android.intent.action.ANY_DATA_STATE apnType=cbs
D/MobileDataStateTracker(  458): cbs: Received state=DISCONNECTED, old=DISCONNECTED, reason=radioTurnedOff
D/MobileDataStateTracker(  458): fota: Broadcast received: android.intent.action.ANY_DATA_STATE apnType=fota
D/MobileDataStateTracker(  458): fota: Received state=DISCONNECTED, old=DISCONNECTED, reason=dataDetached
D/MobileDataStateTracker(  458): ia: Broadcast received: android.intent.action.ANY_DATA_STATE apnType=ia
D/MobileDataStateTracker(  458): ia: Received state=DISCONNECTED, old=DISCONNECTED, reason=dataDetached
D/MobileDataStateTracker(  458): supl: Broadcast received: android.intent.action.ANY_DATA_STATE apnType=supl
D/MobileDataStateTracker(  458): supl: Received state=DISCONNECTED, old=DISCONNECTED, reason=dataDetached
D/MobileDataStateTracker(  458): hipri: Broadcast received: android.intent.action.ANY_DATA_STATE apnType=hipri
D/MobileDataStateTracker(  458): hipri: Received state=DISCONNECTED, old=DISCONNECTED, reason=dataDetached
D/MobileDataStateTracker(  458): ims: Broadcast received: android.intent.action.ANY_DATA_STATE apnType=ims
D/MobileDataStateTracker(  458): ims: Received state=DISCONNECTED, old=DISCONNECTED, reason=dataDetached
D/MobileDataStateTracker(  458): default: Broadcast received: android.intent.action.ANY_DATA_STATE apnType=default
D/MobileDataStateTracker(  458): default: Received state=DISCONNECTED, old=DISCONNECTED, reason=dataDetached
D/MobileDataStateTracker(  458): mms: Broadcast received: android.intent.action.ANY_DATA_STATE apnType=mms
D/MobileDataStateTracker(  458): mms: Received state=DISCONNECTED, old=DISCONNECTED, reason=dataDetached
D/MobileDataStateTracker(  458): cbs: Broadcast received: android.intent.action.ANY_DATA_STATE apnType=cbs
D/MobileDataStateTracker(  458): cbs: Received state=DISCONNECTED, old=DISCONNECTED, reason=dataDetached
D/MobileDataStateTracker(  458): fota: Broadcast received: android.intent.action.ANY_DATA_STATE apnType=fota
D/MobileDataStateTracker(  458): fota: Received state=DISCONNECTED, old=DISCONNECTED, reason=roamingOff
D/MobileDataStateTracker(  458): ia: Broadcast received: android.intent.action.ANY_DATA_STATE apnType=ia
D/TelephonyDebugService(  729): TelephonyDebugService()
D/MobileDataStateTracker(  458): ia: Received state=DISCONNECTED, old=DISCONNECTED, reason=roamingOff
D/MobileDataStateTracker(  458): supl: Broadcast received: android.intent.action.ANY_DATA_STATE apnType=supl
D/MobileDataStateTracker(  458): supl: Received state=DISCONNECTED, old=DISCONNECTED, reason=roamingOff
D/MobileDataStateTracker(  458): hipri: Broadcast received: android.intent.action.ANY_DATA_STATE apnType=hipri
D/MobileDataStateTracker(  458): hipri: Received state=DISCONNECTED, old=DISCONNECTED, reason=roamingOff
D/MobileDataStateTracker(  458): ims: Broadcast received: android.intent.action.ANY_DATA_STATE apnType=ims
D/MobileDataStateTracker(  458): ims: Received state=DISCONNECTED, old=DISCONNECTED, reason=roamingOff
D/MobileDataStateTracker(  458): default: Broadcast received: android.intent.action.ANY_DATA_STATE apnType=default
D/MobileDataStateTracker(  458): default: Received state=DISCONNECTED, old=DISCONNECTED, reason=roamingOff
D/MobileDataStateTracker(  458): mms: Broadcast received: android.intent.action.ANY_DATA_STATE apnType=mms
D/MobileDataStateTracker(  458): mms: Received state=DISCONNECTED, old=DISCONNECTED, reason=roamingOff
D/BluetoothManagerService(  458): Message: 30
W/Vold    (  136): blkid failed to identify /dev/block/vold/179:13
D/Vold    (  136): ---get uuid =0655-1609
D/Vold    (  136): ---get label =TECLAST
D/BluetoothPhoneService(  729):  handlePreciseCallStateChange: foreground: IDLE background: IDLE ringing: IDLE
E/BluetoothPhoneService(  729): Could not get a handle on Connection object for the call
D/BluetoothPhoneService(  729): registerForServiceStateChanged
D/BluetoothPhoneService(  729): BluetoothPhoneService started
D/NotificationMgr(  729): call log query complete.
D/NotificationMgr(  729): closing call log cursor.
D/MobileDataStateTracker(  458): cbs: Broadcast received: android.intent.action.ANY_DATA_STATE apnType=cbs
D/MobileDataStateTracker(  458): cbs: Received state=DISCONNECTED, old=DISCONNECTED, reason=roamingOff
I/MountService(  458): onEvent:: raw= 613 internal_sd /mnt/internal_sd "0655-1609" cooked =  613 internal_sd /mnt/internal_sd 0655-1609
I/MountService(  458): onEvent:: raw= 614 internal_sd /mnt/internal_sd "TECLAST" cooked =  614 internal_sd /mnt/internal_sd TECLAST
D/CallNotifier(  729): onMwiChanged(): false
D/NotificationMgr(  729): updateMwi(): false
D/CallNotifier(  729): onCfiChanged(): false
D/NotificationMgr(  729): updateCfi(): false
D/NotificationMgr(  729): updateNetworkSelection()...state = 1 new network
D/PhoneApp(  729): mReceiver: ACTION_ANY_DATA_CONNECTION_STATE_CHANGED
D/PhoneApp(  729): - state: DISCONNECTED
D/PhoneApp(  729): - reason: radioTurnedOff
D/PhoneApp(  729): mReceiver: ACTION_ANY_DATA_CONNECTION_STATE_CHANGED
D/PhoneApp(  729): - state: DISCONNECTED
D/PhoneApp(  729): - reason: radioTurnedOff
D/PhoneApp(  729): mReceiver: ACTION_ANY_DATA_CONNECTION_STATE_CHANGED
D/PhoneApp(  729): - state: DISCONNECTED
D/PhoneApp(  729): - reason: radioTurnedOff
D/PhoneApp(  729): mReceiver: ACTION_ANY_DATA_CONNECTION_STATE_CHANGED
D/PhoneApp(  729): - state: DISCONNECTED
D/PhoneApp(  729): - reason: radioTurnedOff
D/PhoneApp(  729): mReceiver: ACTION_ANY_DATA_CONNECTION_STATE_CHANGED
D/PhoneApp(  729): - state: DISCONNECTED
D/PhoneApp(  729): - reason: radioTurnedOff
D/PhoneApp(  729): mReceiver: ACTION_ANY_DATA_CONNECTION_STATE_CHANGED
D/PhoneApp(  729): - state: DISCONNECTED
D/PhoneApp(  729): - reason: radioTurnedOff
D/PhoneApp(  729): mReceiver: ACTION_ANY_DATA_CONNECTION_STATE_CHANGED
D/PhoneApp(  729): - state: DISCONNECTED
D/PhoneApp(  729): - reason: radioTurnedOff
D/PhoneApp(  729): mReceiver: ACTION_ANY_DATA_CONNECTION_STATE_CHANGED
D/PhoneApp(  729): - state: DISCONNECTED
D/PhoneApp(  729): - reason: radioTurnedOff
D/PhoneApp(  729): mReceiver: ACTION_ANY_DATA_CONNECTION_STATE_CHANGED
D/PhoneApp(  729): - state: DISCONNECTED
D/PhoneApp(  729): - reason: radioTurnedOff
D/PhoneApp(  729): mReceiver: ACTION_ANY_DATA_CONNECTION_STATE_CHANGED
D/PhoneApp(  729): - state: DISCONNECTED
D/PhoneApp(  729): - reason: radioTurnedOff
D/PhoneApp(  729): mReceiver: ACTION_ANY_DATA_CONNECTION_STATE_CHANGED
D/PhoneApp(  729): - state: DISCONNECTED
D/PhoneApp(  729): - reason: radioTurnedOff
D/PhoneApp(  729): mReceiver: ACTION_ANY_DATA_CONNECTION_STATE_CHANGED
D/PhoneApp(  729): - state: DISCONNECTED
D/PhoneApp(  729): - reason: radioTurnedOff
D/PhoneApp(  729): mReceiver: ACTION_ANY_DATA_CONNECTION_STATE_CHANGED
D/PhoneApp(  729): - state: DISCONNECTED
D/PhoneApp(  729): - reason: radioTurnedOff
D/PhoneApp(  729): mReceiver: ACTION_ANY_DATA_CONNECTION_STATE_CHANGED
D/PhoneApp(  729): - state: DISCONNECTED
D/PhoneApp(  729): - reason: radioTurnedOff
D/PhoneApp(  729): mReceiver: ACTION_ANY_DATA_CONNECTION_STATE_CHANGED
D/PhoneApp(  729): - state: DISCONNECTED
D/PhoneApp(  729): - reason: radioTurnedOff
D/PhoneApp(  729): mReceiver: ACTION_ANY_DATA_CONNECTION_STATE_CHANGED
D/PhoneApp(  729): - state: DISCONNECTED
D/PhoneApp(  729): - reason: radioTurnedOff
D/PhoneApp(  729): mReceiver: ACTION_ANY_DATA_CONNECTION_STATE_CHANGED
D/PhoneApp(  729): - state: DISCONNECTED
D/PhoneApp(  729): - reason: dataDetached
D/PhoneApp(  729): mReceiver: ACTION_ANY_DATA_CONNECTION_STATE_CHANGED
D/PhoneApp(  729): - state: DISCONNECTED
D/PhoneApp(  729): - reason: dataDetached
D/PhoneApp(  729): mReceiver: ACTION_ANY_DATA_CONNECTION_STATE_CHANGED
D/PhoneApp(  729): - state: DISCONNECTED
D/PhoneApp(  729): - reason: dataDetached
D/PhoneApp(  729): mReceiver: ACTION_ANY_DATA_CONNECTION_STATE_CHANGED
D/PhoneApp(  729): - state: DISCONNECTED
D/PhoneApp(  729): - reason: dataDetached
D/PhoneApp(  729): mReceiver: ACTION_ANY_DATA_CONNECTION_STATE_CHANGED
D/PhoneApp(  729): - state: DISCONNECTED
D/PhoneApp(  729): - reason: dataDetached
D/PhoneApp(  729): mReceiver: ACTION_ANY_DATA_CONNECTION_STATE_CHANGED
D/PhoneApp(  729): - state: DISCONNECTED
D/PhoneApp(  729): - reason: dataDetached
D/PhoneApp(  729): mReceiver: ACTION_ANY_DATA_CONNECTION_STATE_CHANGED
D/PhoneApp(  729): - state: DISCONNECTED
D/PhoneApp(  729): - reason: dataDetached
D/PhoneApp(  729): mReceiver: ACTION_ANY_DATA_CONNECTION_STATE_CHANGED
D/PhoneApp(  729): - state: DISCONNECTED
D/PhoneApp(  729): - reason: dataDetached
D/PhoneApp(  729): mReceiver: ACTION_ANY_DATA_CONNECTION_STATE_CHANGED
D/PhoneApp(  729): - state: DISCONNECTED
D/PhoneApp(  729): - reason: roamingOff
D/PhoneApp(  729): mReceiver: ACTION_ANY_DATA_CONNECTION_STATE_CHANGED
D/PhoneApp(  729): - state: DISCONNECTED
D/PhoneApp(  729): - reason: roamingOff
D/PhoneApp(  729): mReceiver: ACTION_ANY_DATA_CONNECTION_STATE_CHANGED
D/PhoneApp(  729): - state: DISCONNECTED
D/PhoneApp(  729): - reason: roamingOff
D/PhoneApp(  729): mReceiver: ACTION_ANY_DATA_CONNECTION_STATE_CHANGED
D/PhoneApp(  729): - state: DISCONNECTED
D/PhoneApp(  729): - reason: roamingOff
D/PhoneApp(  729): mReceiver: ACTION_ANY_DATA_CONNECTION_STATE_CHANGED
D/PhoneApp(  729): - state: DISCONNECTED
D/PhoneApp(  729): - reason: roamingOff
D/PhoneApp(  729): mReceiver: ACTION_ANY_DATA_CONNECTION_STATE_CHANGED
D/PhoneApp(  729): - state: DISCONNECTED
D/PhoneApp(  729): - reason: roamingOff
D/PhoneApp(  729): mReceiver: ACTION_ANY_DATA_CONNECTION_STATE_CHANGED
D/PhoneApp(  729): - state: DISCONNECTED
D/PhoneApp(  729): - reason: roamingOff
D/PhoneApp(  729): mReceiver: ACTION_ANY_DATA_CONNECTION_STATE_CHANGED
D/PhoneApp(  729): - state: DISCONNECTED
D/PhoneApp(  729): - reason: roamingOff
