I/Email   ( 1414): Observing account changes for notifications
D/dalvikvm(  458): GC_EXPLICIT freed 1062K, 23% free 6267K/8108K, paused 7ms+5ms, total 86ms
I/LauncherIconVisibilityManager( 1449): Boot has been completed
I/LauncherIconVisibilityManager( 1449): Activity has already been disabled: ComponentInfo{com.android.inputmethod.latin/com.android.inputmethod.latin.setup.SetupActivity}
I/LauncherIconVisibilityManager( 1449): Killing my process: pid=1449
I/Process ( 1449): Sending signal. PID: 1449 SIG: 9
F/AndroidP2P:( 1193): start request file list
F/AndroidP2P:( 1193): update file GET /?os=2&os_version=18&platform=3&app_version_name=3.7.0&app_version_code=6061&app_version_build=6061&app_platform=9&device_type=p90hd&device_id=adda37aedec9734f&market_id=0&updater_version=3&cgi_version=1 HTTP/1.1
F/AndroidP2P:( 1193): Host: upmobile.v.qq.com
F/AndroidP2P:( 1193): Accept: */*
F/AndroidP2P:( 1193):
F/AndroidP2P:( 1193): , server address:163.177.65.157, 1864
F/AndroidP2P:( 1193):  尝试连接成功 socketkey 48
F/AndroidP2P:( 1193): wait file list request over
D/RKUpdateReceiver(  747): action = android.intent.action.BOOT_COMPLETED
D/RKUpdateReceiver(  747): RKUpdateReceiver recv ACTION_BOOT_COMPLETED.
W/ContextImpl(  747): Implicit intents with startService are not safe: Intent { act=android.rockchip.update.service (has extras) } android.content.ContextWrapper.startService:494 android.content.ContextWrapper.startService:494 android.rockchip.update.service.RKUpdateReceiver.onReceive:58
W/ContextImpl(  747): Implicit intents with startService are not safe: Intent { act=android.rockchip.update.service (has extras) } android.content.ContextWrapper.startService:494 android.content.ContextWrapper.startService:494 android.rockchip.update.service.RKUpdateReceiver.onReceive:63
W/linker  (  747): librockchip_update_jni.so has text relocations. This is wasting memory and is a security risk. Please fix.
I/android_rockchip_update_UpdateService.cpp(  747): JNI_OnLoad
D/RKUpdateService(  747): starting RKUpdateService, version is 1.7.6
D/RKUpdateService(  747): remote uri is http://http://ota.teclast.com/p90hd_a6k6/update/ota_update.xml/OtaUpdater/android?product=p90hd&version=1.0.0&sn=WAWJMQGMLC&country=CN&language=zh
D/RKUpdateService(  747): remote uri backup is http://192.168.1.143:2300/OtaUpdater/android?product=p90hd&version=1.0.0&sn=WAWJMQGMLC&country=CN&language=zh
D/RKUpdateService(  747): first startup!!!
D/RKUpdateService(  747): onStartCommand.......
D/RKUpdateService(  747): command = 1 delaytime = 20000
D/RKUpdateService(  747): onStartCommand.......
D/RKUpdateService(  747): command = 2 delaytime = 25000
I/LoaderReceiver( 1467): receive a new action : android.intent.action.BOOT_COMPLETED
I/LoaderReceiver( 1467): check will at time:Sun Mar 29 16:22:05 GMT+08:00 2015
V/UpdateAlarmInitService( 1467): startService
V/UpdateAlarmInitService( 1467): enter onHandleIntent
V/UpdateAlarmInitService( 1467): action= android.intent.action.BOOT_COMPLETED
V/UpdateAlarmInitService( 1467): enter setNextAlert()
V/UpdateAlarmInitService( 1467): currentTime::1427616725899:Year=2015,Month=3,Data=29,Hour=16,Minute=12,Second=5,MillSecond=899
V/UpdateAlarmInitService( 1467): beforeTime::1425599701037:Year=2015,Month=3,Data=6,Hour=7,Minute=55,Second=1,MillSecond=37
V/UpdateAlarmInitService( 1467): afterTime::1428191701037:Year=2015,Month=4,Data=5,Hour=7,Minute=55,Second=1,MillSecond=37
V/UpdateAlarmInitService( 1467): exit setNextAlert()
V/UpdateAlarmInitService( 1467): exit onHandleIntent
I/dalvikvm( 1499): Enabling JNI app bug workarounds for target SDK version 11...
F/AndroidP2P:( 1193): 连接成功 lpKey->socketKey 48
D/dalvikvm( 1483): GC_FOR_ALLOC freed 576K, 15% free 3430K/4028K, paused 27ms, total 27ms
D/dalvikvm( 1499): Trying to load lib /data/app-lib/weibo/libutility.so 0x41937460
D/dalvikvm( 1499): Added shared lib /data/app-lib/weibo/libutility.so 0x41937460
D/dalvikvm( 1499): No JNI_OnLoad found in /data/app-lib/weibo/libutility.so 0x41937460, skipping init
D/dalvikvm( 1483): GC_FOR_ALLOC freed 55K, 14% free 3756K/4348K, paused 26ms, total 26ms
I/dalvikvm-heap( 1483): Grow heap (frag case) to 4.312MB for 655116-byte allocation
D/dalvikvm( 1483): GC_FOR_ALLOC freed <1K, 12% free 4396K/4988K, paused 26ms, total 26ms
D/dalvikvm( 1483): GC_FOR_ALLOC freed 1064K, 28% free 4036K/5604K, paused 20ms, total 20ms
D/dalvikvm( 1483): GC_FOR_ALLOC freed 347K, 17% free 4675K/5604K, paused 22ms, total 22ms
D/dalvikvm( 1499): GC_CONCURRENT freed 760K, 19% free 3468K/4252K, paused 2ms+3ms, total 33ms
D/Vitamio ( 1499): Processor	: ARMv7 Processor rev 1 (v7l)
D/Vitamio ( 1499): processor	: 0
D/Vitamio ( 1499): model name	: ARMv7 Processor rev 1 (v7l)
D/Vitamio ( 1499): BogoMIPS	: 48.00
D/Vitamio ( 1499): Features	: swp half thumb fastmult vfp edsp neon vfpv3 tls vfpv4 idiva idivt
D/Vitamio ( 1499): CPU implementer	: 0x41
D/Vitamio ( 1499): CPU architecture: 7
D/Vitamio ( 1499): CPU variant	: 0x0
D/Vitamio ( 1499): CPU part	: 0xc0d
D/Vitamio ( 1499): CPU revision	: 1
D/Vitamio ( 1499): processor	: 1
D/Vitamio ( 1499): model name	: ARMv7 Processor rev 1 (v7l)
D/Vitamio ( 1499): BogoMIPS	: 48.00
D/Vitamio ( 1499): Features	: swp half thumb fastmult vfp edsp neon vfpv3 tls vfpv4 idiva idivt
D/Vitamio ( 1499): CPU implementer	: 0x41
D/Vitamio ( 1499): CPU architecture: 7
D/Vitamio ( 1499): CPU variant	: 0x0
D/Vitamio ( 1499): CPU part	: 0xc0d
D/Vitamio ( 1499): CPU revision	: 1
D/Vitamio ( 1499): processor	: 2
D/Vitamio ( 1499): model name	: ARMv7 Processor rev 1 (v7l)
D/Vitamio ( 1499): BogoMIPS	: 48.00
D/Vitamio ( 1499): Features	: swp half thumb fastmult vfp edsp neon vfpv3 tls vfpv4 idiva idivt
D/Vitamio ( 1499): CPU implementer	: 0x41
D/Vitamio ( 1499): CPU architecture: 7
D/Vitamio ( 1499): CPU variant	: 0x0
D/Vitamio ( 1499): CPU part	: 0xc0d
D/Vitamio ( 1499): CPU revision	: 1
D/Vitamio ( 1499): processor	: 3
D/Vitamio ( 1499): model name	: ARMv7 Processor rev 1 (v7l)
D/Vitamio ( 1499): BogoMIPS	: 48.00
D/Vitamio ( 1499): Features	: swp half thumb fastmult vfp edsp neon vfpv3 tls vfpv4 idiva idivt
D/Vitamio ( 1499): CPU implementer	: 0x41
D/Vitamio ( 1499): CPU architecture: 7
D/Vitamio ( 1499): CPU variant	: 0x0
D/Vitamio ( 1499): CPU part	: 0xc0d
D/Vitamio ( 1499): CPU revision	: 1
D/Vitamio ( 1499): Hardware	: Rockchip RK3288 (Flattened Device Tree)
D/Vitamio ( 1499): Revision	: 0000
D/Vitamio ( 1499): Serial		: 0000000000000000
D/Vitamio ( 1499): CPU implementer:0x41
D/Vitamio ( 1499): Serial:0000000000000000
D/Vitamio ( 1499): CPU architecture:7
D/Vitamio ( 1499): Hardware:Rockchip RK3288 (Flattened Device Tree)
D/Vitamio ( 1499): CPU revision:1
D/Vitamio ( 1499): CPU variant:0x0
D/Vitamio ( 1499): CPU part:0xc0d
D/Vitamio ( 1499): Revision:0000
D/Vitamio ( 1499): BogoMIPS:48.00
D/Vitamio ( 1499): model name:ARMv7 Processor rev 1 (v7l)
D/Vitamio ( 1499): processor:3
D/Vitamio ( 1499): Features:swp half thumb fastmult vfp edsp neon vfpv3 tls vfpv4 idiva idivt
D/Vitamio ( 1499): Processor:ARMv7 Processor rev 1 (v7l)
D/Vitamio ( 1499): CPU architecture: 7
D/Vitamio ( 1499): GET CPU FATURE: V5TE V6 VFP V7A VFPV3 NEON
D/dalvikvm( 1499): Trying to load lib /data/app-lib/weibo/libvinit.so 0x41937460
D/dalvikvm( 1499): Added shared lib /data/app-lib/weibo/libvinit.so 0x41937460
D/dalvikvm( 1483): GC_CONCURRENT freed 2019K, 34% free 4050K/6092K, paused 2ms+2ms, total 30ms
D/dalvikvm( 1483): WAIT_FOR_CONCURRENT_GC blocked 22ms
D/dalvikvm( 1483): WAIT_FOR_CONCURRENT_GC blocked 21ms
I/dalvikvm( 1529): Enabling JNI app bug workarounds for target SDK version 11...
D/dalvikvm( 1529): Trying to load lib /data/app-lib/weibo/libutility.so 0x41937150
D/dalvikvm( 1529): Added shared lib /data/app-lib/weibo/libutility.so 0x41937150
D/dalvikvm( 1529): No JNI_OnLoad found in /data/app-lib/weibo/libutility.so 0x41937150, skipping init
D/dalvikvm( 1499): GC_EXPLICIT freed 124K, 18% free 3489K/4252K, paused 2ms+2ms, total 33ms
I/dalvikvm( 1483): Failed resolving Lcom/baidu/android/nebula/util/BDLocationManager$BaiduLocationListener; interface 1406 'Lcom/baidu/location/BDLocationListener;'
W/dalvikvm( 1483): Link of class 'Lcom/baidu/android/nebula/util/BDLocationManager$BaiduLocationListener;' failed
I/dalvikvm( 1483): Failed resolving Lcom/baidu/android/nebula/util/BDLocationManager$BaiduLocationListener; interface 1406 'Lcom/baidu/location/BDLocationListener;'
W/dalvikvm( 1483): Link of class 'Lcom/baidu/android/nebula/util/BDLocationManager$BaiduLocationListener;' failed
I/dalvikvm( 1483): Failed resolving Lcom/baidu/android/nebula/util/BDLocationManager$BaiduLocationListener; interface 1406 'Lcom/baidu/location/BDLocationListener;'
W/dalvikvm( 1483): Link of class 'Lcom/baidu/android/nebula/util/BDLocationManager$BaiduLocationListener;' failed
I/dalvikvm( 1483): Could not find method com.baidu.location.LocationClient.unRegisterLocationListener, referenced from method com.baidu.android.nebula.util.BDLocationManager.d
W/dalvikvm( 1483): VFY: unable to resolve virtual method 11187: Lcom/baidu/location/LocationClient;.unRegisterLocationListener (Lcom/baidu/location/BDLocationListener;)V
D/dalvikvm( 1483): VFY: replacing opcode 0x6e at 0x0012
I/dalvikvm( 1483): Failed resolving Lcom/baidu/android/nebula/util/BDLocationManager$BaiduLocationListener; interface 1406 'Lcom/baidu/location/BDLocationListener;'
W/dalvikvm( 1483): Link of class 'Lcom/baidu/android/nebula/util/BDLocationManager$BaiduLocationListener;' failed
E/dalvikvm( 1483): Could not find class 'com.baidu.android.nebula.util.BDLocationManager$BaiduLocationListener', referenced from method com.baidu.android.nebula.util.BDLocationManager.e
W/dalvikvm( 1483): VFY: unable to resolve new-instance 542 (Lcom/baidu/android/nebula/util/BDLocationManager$BaiduLocationListener;) in Lcom/baidu/android/nebula/util/BDLocationManager;
D/dalvikvm( 1483): VFY: replacing opcode 0x22 at 0x000a
I/dalvikvm( 1483): Failed resolving Lcom/baidu/android/nebula/util/BDLocationManager$BaiduLocationListener; interface 1406 'Lcom/baidu/location/BDLocationListener;'
W/dalvikvm( 1483): Link of class 'Lcom/baidu/android/nebula/util/BDLocationManager$BaiduLocationListener;' failed
I/dalvikvm( 1483): Failed resolving Lcom/baidu/android/nebula/util/BDLocationManager$BaiduLocationListener; interface 1406 'Lcom/baidu/location/BDLocationListener;'
W/dalvikvm( 1483): Link of class 'Lcom/baidu/android/nebula/util/BDLocationManager$BaiduLocationListener;' failed
E/dalvikvm( 1483): Could not find class 'com.baidu.location.LocationClientOption', referenced from method com.baidu.android.nebula.util.BDLocationManager.f
W/dalvikvm( 1483): VFY: unable to resolve new-instance 1415 (Lcom/baidu/location/LocationClientOption;) in Lcom/baidu/android/nebula/util/BDLocationManager;
D/dalvikvm( 1483): VFY: replacing opcode 0x22 at 0x0001
W/dalvikvm( 1483): VFY: unable to find class referenced in signature (Lcom/baidu/location/LocationClientOption;)
W/dalvikvm( 1483): VFY: unable to find class referenced in signature (Lcom/baidu/location/LocationClientOption;)
I/dalvikvm( 1483): Could not find method com.baidu.location.LocationClientOption.setOpenGps, referenced from method com.baidu.android.nebula.util.BDLocationManager.a
W/dalvikvm( 1483): VFY: unable to resolve virtual method 11191: Lcom/baidu/location/LocationClientOption;.setOpenGps (Z)V
D/dalvikvm( 1483): VFY: replacing opcode 0x6e at 0x0009
I/dalvikvm( 1483): Failed resolving Lcom/baidu/android/nebula/util/BDLocationManager$BaiduLocationListener; interface 1406 'Lcom/baidu/location/BDLocationListener;'
W/dalvikvm( 1483): Link of class 'Lcom/baidu/android/nebula/util/BDLocationManager$BaiduLocationListener;' failed
D/dalvikvm( 1483): DexOpt: unable to opt direct call 0x0e9e at 0x0c in Lcom/baidu/android/nebula/util/BDLocationManager;.e
D/dalvikvm( 1483): DexOpt: unable to opt direct call 0x2bb4 at 0x03 in Lcom/baidu/android/nebula/util/BDLocationManager;.f
D/dalvikvm( 1483): GC_CONCURRENT freed 1347K, 37% free 3887K/6092K, paused 2ms+3ms, total 31ms
D/dalvikvm( 1483): WAIT_FOR_CONCURRENT_GC blocked 8ms
D/Vitamio ( 1529): Processor	: ARMv7 Processor rev 1 (v7l)
D/Vitamio ( 1529): processor	: 0
D/Vitamio ( 1529): model name	: ARMv7 Processor rev 1 (v7l)
D/Vitamio ( 1529): BogoMIPS	: 48.00
D/Vitamio ( 1529): Features	: swp half thumb fastmult vfp edsp neon vfpv3 tls vfpv4 idiva idivt
D/Vitamio ( 1529): CPU implementer	: 0x41
D/Vitamio ( 1529): CPU architecture: 7
D/Vitamio ( 1529): CPU variant	: 0x0
D/Vitamio ( 1529): CPU part	: 0xc0d
D/Vitamio ( 1529): CPU revision	: 1
D/Vitamio ( 1529): processor	: 1
D/Vitamio ( 1529): model name	: ARMv7 Processor rev 1 (v7l)
D/Vitamio ( 1529): BogoMIPS	: 48.00
D/Vitamio ( 1529): Features	: swp half thumb fastmult vfp edsp neon vfpv3 tls vfpv4 idiva idivt
D/Vitamio ( 1529): CPU implementer	: 0x41
D/Vitamio ( 1529): CPU architecture: 7
D/Vitamio ( 1529): CPU variant	: 0x0
D/Vitamio ( 1529): CPU part	: 0xc0d
D/Vitamio ( 1529): CPU revision	: 1
D/Vitamio ( 1529): processor	: 2
D/Vitamio ( 1529): model name	: ARMv7 Processor rev 1 (v7l)
D/Vitamio ( 1529): BogoMIPS	: 48.00
D/Vitamio ( 1529): Features	: swp half thumb fastmult vfp edsp neon vfpv3 tls vfpv4 idiva idivt
D/Vitamio ( 1529): CPU implementer	: 0x41
D/Vitamio ( 1529): CPU architecture: 7
D/Vitamio ( 1529): CPU variant	: 0x0
D/Vitamio ( 1529): CPU part	: 0xc0d
D/Vitamio ( 1529): CPU revision	: 1
D/Vitamio ( 1529): processor	: 3
D/Vitamio ( 1529): model name	: ARMv7 Processor rev 1 (v7l)
D/Vitamio ( 1529): BogoMIPS	: 48.00
D/Vitamio ( 1529): Features	: swp half thumb fastmult vfp edsp neon vfpv3 tls vfpv4 idiva idivt
D/Vitamio ( 1529): CPU implementer	: 0x41
D/Vitamio ( 1529): CPU architecture: 7
D/Vitamio ( 1529): CPU variant	: 0x0
D/Vitamio ( 1529): CPU part	: 0xc0d
D/Vitamio ( 1529): CPU revision	: 1
D/Vitamio ( 1529): Hardware	: Rockchip RK3288 (Flattened Device Tree)
D/Vitamio ( 1529): Revision	: 0000
D/Vitamio ( 1529): Serial		: 0000000000000000
D/Vitamio ( 1529): CPU implementer:0x41
D/Vitamio ( 1529): Serial:0000000000000000
D/Vitamio ( 1529): CPU architecture:7
D/Vitamio ( 1529): Hardware:Rockchip RK3288 (Flattened Device Tree)
D/Vitamio ( 1529): CPU revision:1
D/Vitamio ( 1529): CPU variant:0x0
D/Vitamio ( 1529): CPU part:0xc0d
D/Vitamio ( 1529): Revision:0000
D/Vitamio ( 1529): BogoMIPS:48.00
D/Vitamio ( 1529): model name:ARMv7 Processor rev 1 (v7l)
D/Vitamio ( 1529): processor:3
D/Vitamio ( 1529): Features:swp half thumb fastmult vfp edsp neon vfpv3 tls vfpv4 idiva idivt
D/Vitamio ( 1529): Processor:ARMv7 Processor rev 1 (v7l)
D/Vitamio ( 1529): CPU architecture: 7
D/Vitamio ( 1529): GET CPU FATURE: V5TE V6 VFP V7A VFPV3 NEON
D/dalvikvm( 1529): Trying to load lib /data/app-lib/weibo/libvinit.so 0x41937150
D/dalvikvm( 1529): Added shared lib /data/app-lib/weibo/libvinit.so 0x41937150
D/dalvikvm( 1529): Trying to load lib /data/app-lib/weibo/libweibohttpd.so 0x41937150
D/dalvikvm( 1529): Added shared lib /data/app-lib/weibo/libweibohttpd.so 0x41937150
D/dalvikvm( 1529): No JNI_OnLoad found in /data/app-lib/weibo/libweibohttpd.so 0x41937150, skipping init
E/weibo_utility( 1529): STEP	1
E/weibo_utility( 1529): STEP	2
D/dalvikvm( 1529): GC_CONCURRENT freed 759K, 19% free 3469K/4252K, paused 2ms+4ms, total 34ms
D/dalvikvm( 1529): GC_EXPLICIT freed 22K, 19% free 3447K/4252K, paused 1ms+2ms, total 25ms
F/AndroidP2P:( 1193): recv data length 294
F/AndroidP2P:( 1193): http protocol:http/1.1 200 ok
F/AndroidP2P:( 1193): content-length: 235
F/AndroidP2P:( 1193): connection: close
F/AndroidP2P:( 1193):
F/AndroidP2P:( 1193): find http result 200
F/AndroidP2P:( 1193): ***Get Http Value: 235***
F/AndroidP2P:( 1193): recv {"app_version":"3.7.0","file_number":"50331648","file_url":"mcgi.v.qq.com/commdatav2?cmd=27","is_show":"1","package_value":[{"file_name":"p2pproxy"},{"file_name":"nonp2pproxy"},{"file_name":"PlayerCore_neon"}],"unixtime":"1427616726"}
F/AndroidP2P:( 1193): :
F/AndroidP2P:( 1193): set file list event
F/AndroidP2P:( 1193): 检测dex文件升级
F/AndroidP2P:( 1193): file list request complate
F/AndroidP2P:( 1193): wait file request
F/AndroidP2P:( 1193): recv nonp2pproxy file check update request
F/AndroidP2P:( 1193): requesName:/commdatav2?cmd=27
F/AndroidP2P:( 1193): update file GET /commdatav2?cmd=27&app_version_name=3.7.0&so_name=nonp2pproxy&so_ver=2.9.0.11 HTTP/1.1
F/AndroidP2P:( 1193): Host: mcgi.v.qq.com
F/AndroidP2P:( 1193): Accept: */*
F/AndroidP2P:( 1193):
F/AndroidP2P:( 1193): , server address:182.254.18.217, 80
F/AndroidP2P:( 1193):  尝试连接成功 socketkey 48
F/AndroidP2P:( 1193): wait file request
F/AndroidP2P:( 1193): 连接成功 lpKey->socketKey 48
F/AndroidP2P:( 1193): recv data length 203
F/AndroidP2P:( 1193): http protocol:http/1.1 200 ok
F/AndroidP2P:( 1193): server: nginx
F/AndroidP2P:( 1193): date: sun, 29 mar 2015 08:12:08 gmt
F/AndroidP2P:( 1193): content-type: text/plain; charset:utf-8
F/AndroidP2P:( 1193): content-length: 47
F/AndroidP2P:( 1193): connection: keep-alive
F/AndroidP2P:( 1193):
F/AndroidP2P:( 1193): find http result 200
F/AndroidP2P:( 1193): ***Get Http Value: 47***
F/AndroidP2P:( 1193): recv QZOutputJson={"ret":0,"error_msg":"no record"};:
F/AndroidP2P:( 1193): recv p2pproxy file check update request
F/AndroidP2P:( 1193): requesName:/commdatav2?cmd=27
F/AndroidP2P:( 1193): update file GET /commdatav2?cmd=27&app_version_name=3.7.0&so_name=p2pproxy&so_ver=P2P.3.0.3.42 HTTP/1.1
F/AndroidP2P:( 1193): Host: mcgi.v.qq.com
F/AndroidP2P:( 1193): Accept: */*
F/AndroidP2P:( 1193):
F/AndroidP2P:( 1193): , server address:182.254.18.217, 80
F/AndroidP2P:( 1193):  尝试连接成功 socketkey 46
F/AndroidP2P:( 1193): wait file request
F/AndroidP2P:( 1193): 连接成功 lpKey->socketKey 46
F/AndroidP2P:( 1193): recv data length 203
F/AndroidP2P:( 1193): http protocol:http/1.1 200 ok
F/AndroidP2P:( 1193): server: nginx
F/AndroidP2P:( 1193): date: sun, 29 mar 2015 08:12:09 gmt
F/AndroidP2P:( 1193): content-type: text/plain; charset:utf-8
F/AndroidP2P:( 1193): content-length: 47
F/AndroidP2P:( 1193): connection: keep-alive
F/AndroidP2P:( 1193):
F/AndroidP2P:( 1193): find http result 200
F/AndroidP2P:( 1193): ***Get Http Value: 47***
F/AndroidP2P:( 1193): recv QZOutputJson={"ret":0,"error_msg":"no record"};:
D/dalvikvm( 1483): GC_FOR_ALLOC freed 377K, 29% free 4330K/6092K, paused 40ms, total 40ms
I/dalvikvm-heap( 1483): Grow heap (frag case) to 4.873MB for 655116-byte allocation
D/dalvikvm( 1483): GC_FOR_ALLOC freed <1K, 27% free 4970K/6732K, paused 31ms, total 31ms
D/dalvikvm( 1483): GC_FOR_ALLOC freed 16K, 27% free 4961K/6732K, paused 27ms, total 27ms
I/dalvikvm-heap( 1483): Grow heap (frag case) to 5.464MB for 628936-byte allocation
D/dalvikvm( 1483): GC_FOR_ALLOC freed 641K, 33% free 4934K/7348K, paused 27ms, total 27ms
D/dalvikvm( 1483): GC_FOR_ALLOC freed 627K, 29% free 5228K/7348K, paused 26ms, total 26ms
D/dalvikvm( 1483): GC_FOR_ALLOC freed 1690K, 44% free 4181K/7348K, paused 26ms, total 26ms
D/dalvikvm( 1483): GC_FOR_ALLOC freed 395K, 38% free 4565K/7348K, paused 28ms, total 28ms
I/dalvikvm-heap( 1483): Grow heap (frag case) to 5.477MB for 1048592-byte allocation
I/ContactLocale( 1560): AddressBook Labels [zh_CN]: [, A, B, C, D, E, F, G, H, I, J, K, L, M, N, O, P, Q, R, S, T, U, V, W, X, Y, Z, Α, Β, Γ, Δ, Ε, Ζ, Η, Θ, Ι, Κ, Λ, Μ, Ν, Ξ, Ο, Π, Ρ, Σ, Τ, Υ, Φ, Χ, Ψ, Ω, , А, Б, В, Г, Д, Е, Є, Ж, З, И, І, Ї, Й, К, Л, М, Н, О, П, Р, С, Т, У, Ф, Х, Ц, Ч, Ш, Щ, Ю, Я, , א, ב, ג, ד, ה, ו, ז, ח, ט, י, כ, ל, מ, נ, ס, ע, פ, צ, ק, ר, ש, ת, , ا, ب, ت, ث, ج, ح, خ, د, ذ, ر, ز, س, ش, ص, ض, ط, ظ, ع, غ, ف, ق, ك, ل, م, ن, ه, و, ي, , ก, ข, ฃ, ค, ฅ, ฆ, ง, จ, ฉ, ช, ซ, ฌ, ญ, ฎ, ฏ, ฐ, ฑ, ฒ, ณ, ด, ต, ถ, ท, ธ, น, บ, ป, ผ, ฝ, พ, ฟ, ภ, ม, ย, ร, ฤ, ล, ฦ, ว, ศ, ษ, ส, ห, ฬ, อ, ฮ, #, ]
D/dalvikvm( 1483): GC_FOR_ALLOC freed 512K, 40% free 5077K/8376K, paused 29ms, total 29ms
D/dalvikvm( 1483): GC_FOR_ALLOC freed 1070K, 41% free 4977K/8376K, paused 27ms, total 27ms
D/dalvikvm( 1483): GC_CONCURRENT freed 1353K, 41% free 5005K/8376K, paused 3ms+3ms, total 57ms
D/dalvikvm( 1483): WAIT_FOR_CONCURRENT_GC blocked 46ms
D/dalvikvm( 1483): GC_FOR_ALLOC freed 998K, 37% free 5308K/8376K, paused 28ms, total 28ms
W/CursorWindow(  655): Window is full: requested allocation 46 bytes, free space 24 bytes, window size 2097152 bytes
D/dalvikvm( 1499): GC_EXPLICIT freed 37K, 18% free 3493K/4252K, paused 7ms+3ms, total 40ms
D/dalvikvm( 1529): WAIT_FOR_CONCURRENT_GC blocked 1ms
D/dalvikvm( 1529): GC_EXPLICIT freed 2K, 19% free 3445K/4252K, paused 7ms+2ms, total 41ms
I/MediaFocusControl(  458):  AudioFocus  abandonAudioFocus() from android.media.AudioManager@4193dd50com.android.music.MediaPlaybackService$3@4193cac0
D/dalvikvm( 1499): GC_EXPLICIT freed 106K, 18% free 3506K/4252K, paused 2ms+2ms, total 30ms
D/BluetoothManagerService(  458): Message: 20
D/BluetoothManagerService(  458): Added callback: android.bluetooth.IBluetoothManagerCallback$Stub$Proxy@41bc6940:true
D/BluetoothAdapter( 1578): 1100242840: getState() :  mService = null. Returning STATE_OFF
D/BluetoothManagerService(  458): Message: 30
D/BluetoothManagerService(  458): Message: 30
D/LocalBluetoothProfileManager( 1578): Adding local MAP profile
D/BluetoothMap( 1578): Create BluetoothMap proxy object
D/BluetoothManagerService(  458): Message: 30
D/BluetoothManagerService(  458): Message: 30
D/LocalBluetoothProfileManager( 1578): LocalBluetoothProfileManager construction complete
D/BluetoothAdapter( 1578): 1100242840: getState() :  mService = null. Returning STATE_OFF
D/BluetoothAdapter( 1578): 1100242840: getState() :  mService = null. Returning STATE_OFF
I/MultiDex( 1592): VM with version 1.6.0 does not have multidex support
I/MultiDex( 1592): install
I/MultiDex( 1592): MultiDexExtractor.load(/data/app/com.ylmf.androidclient-2.apk, false)
D/UserManager(  868): ---getMaxSupportedUsers,we has UMS,force disabled M-user---
D/GCM     (  868): GcmService start Intent { act=android.net.conn.CONNECTIVITY_CHANGE flg=0x4000010 cmp=com.google.android.gms/.gcm.GcmService (has extras) } android.net.conn.CONNECTIVITY_CHANGE
D/RKUpdateReceiver(  747): action = android.net.conn.CONNECTIVITY_CHANGE
W/ContextImpl(  747): Implicit intents with startService are not safe: Intent { act=android.rockchip.update.service (has extras) } android.content.ContextWrapper.startService:494 android.content.ContextWrapper.startService:494 android.rockchip.update.service.RKUpdateReceiver.onReceive:95
D/RKUpdateService(  747): onStartCommand.......
D/RKUpdateService(  747): command = 2 delaytime = 5000
I/MultiDex( 1592): loading existing secondary dex files
I/LoaderReceiver( 1467): receive a new action : android.net.conn.CONNECTIVITY_CHANGE
I/MultiDex( 1592): load found 1 secondary dex files
D/LoaderReceiver( 1467): startService
I/MultiDex( 1592): install done
I/MultiDex( 1592): install
V/UpdateNetworkMonitorService( 1467): startService
V/UpdateNetworkMonitorService( 1467): enter onHandleIntent
V/UpdateNetworkMonitorService( 1467): NetWork is valid
V/UpdateNetworkMonitorService( 1467): networkValid=true
I/dalvikvm( 1613): Enabling JNI app bug workarounds for target SDK version 8...
I/AndroidRuntime( 1592): VM exiting with result code 0, cleanup skipped.
D/dalvikvm(  133): GC_EXPLICIT freed 41K, 8% free 3326K/3600K, paused 1ms+2ms, total 23ms
D/dalvikvm(  133): GC_EXPLICIT freed <1K, 8% free 3326K/3600K, paused 1ms+1ms, total 23ms
D/InitAlarmsService( 1260): Clearing and rescheduling alarms.
D/dalvikvm(  133): GC_EXPLICIT freed <1K, 8% free 3326K/3600K, paused 1ms+1ms, total 21ms
D/dalvikvm( 1613): Trying to load lib /data/app-lib/com.pm.market-1/libjpush170.so 0x4193a750
D/dalvikvm( 1613): Added shared lib /data/app-lib/com.pm.market-1/libjpush170.so 0x4193a750
D/dalvikvm( 1499): GC_EXPLICIT freed 12K, 18% free 3504K/4252K, paused 2ms+2ms, total 25ms
D/dalvikvm( 1499): GC_EXPLICIT freed 8K, 18% free 3506K/4252K, paused 2ms+2ms, total 24ms
D/dalvikvm( 1613): GC_CONCURRENT freed 615K, 16% free 3536K/4172K, paused 2ms+2ms, total 32ms
I/dalvikvm( 1634): Enabling JNI app bug workarounds for target SDK version 8...
D/dalvikvm( 1499): GC_EXPLICIT freed 21K, 18% free 3507K/4252K, paused 1ms+2ms, total 25ms
D/PPTVApplication_onCreate_-1( 1634): onCreate
D/b_a_-1  ( 1634): newChannel:17
D/b_a_-1  ( 1634): data:17
W/ImageLoader( 1634): memoryCache() and memoryCacheSize() calls overlap each other
W/ImageLoader( 1634): diskCache() and diskCacheFileNameGenerator() calls overlap each other
I/dalvikvm( 1651): Enabling JNI app bug workarounds for target SDK version 8...
W/ContextImpl( 1499): Implicit intents with startService are not safe: Intent { act=sina.push.action.service.null (has extras) } android.content.ContextWrapper.startService:494 android.content.ContextWrapper.startService:494 com.sina.push.connection.ServiceUtil$1.run:37
D/dalvikvm( 1499): GC_EXPLICIT freed 12K, 18% free 3505K/4252K, paused 1ms+2ms, total 25ms
D/Network:( 1634): WIFI/ |  CONNECTED
D/Network ( 1634): networkInfo;==NetworkInfo: type: WIFI[], state: CONNECTED/CONNECTED, reason: (unspecified), extra: "NETGEAR73", roaming: false, failover: false, isAvailable: true, isConnectedToProvisioningNetwork: false
D/PPTVApplication_onCreate_-1( 1651): onCreate
D/b_a_-1  ( 1651): newChannel:17
D/b_a_-1  ( 1651): data:17
W/ImageLoader( 1651): memoryCache() and memoryCacheSize() calls overlap each other
W/ImageLoader( 1651): diskCache() and diskCacheFileNameGenerator() calls overlap each other
D/baidu_location_service( 1651): baidu location service start1 ...1651
W/ContextImpl(  787): Implicit intents with startService are not safe: Intent { act=com.google.android.gms.INITIALIZE } android.content.ContextWrapper.startService:494 android.content.ContextWrapper.startService:494 com.google.android.gms.init.InitializeGmsReceiver.onReceive:29
D/baidu_location_client( 1634): baidu location connected ...
D/DLNASdk_service( 1651): DLNASdkService oncreate
D/dalvikvm( 1651): Trying to load lib /data/app-lib/com.pplive.androidphone-2/libdlna.so 0x41921700
D/dalvikvm( 1651): Added shared lib /data/app-lib/com.pplive.androidphone-2/libdlna.so 0x41921700
D/DLNASdk_jni( 1651): PLT_DLNA JNI_OnLoad startup
D/DLNASdk_jni( 1651): PLT_DLNA Init
D/DLNASdk_jni( 1651): start Dlna
D/DLNASdk_jni( 1651): mutils ip addr is 192.168.1.8
D/DLNASdk_jni( 1651): PLT_DLNA EnableRendererControler = true
D/DLNASdk_jni( 1651): start Dlna Renderer Controler
D/DLNASdk_jni( 1651): PLT_DLNA EnableServerControler = true
D/DLNASdk_jni( 1651): star Dlna Server Controler
D/baidu_location_client( 1651): baidu location connected ...
D/dalvikvm(  458): GC_EXPLICIT freed 353K, 22% free 6368K/8108K, paused 1ms+6ms, total 128ms
D/SensorsHal(  458): Couldn't open /dev/compass (No such file or directory)
E/SensorsHal(  458): ECS_IOCTL_APP_SET_XXX failed (Bad file number)
E/SensorService(  458): Error activating sensor 1 (Bad file number)
D/SensorsHal(  458): Couldn't open /dev/lightsensor (No such file or directory)
E/SensorsHal(  458): LIGHTSENSOR_IOCTL_ENABLE failed (Bad file number)
E/SensorService(  458): Error activating sensor 4 (Bad file number)
D/SensorsHal(  458): Couldn't open /dev/psensor (No such file or directory)
E/SensorsHal(  458): PSENSOR_IOCTL_ENABLE failed (Bad file number)
E/SensorService(  458): Error activating sensor 3 (Bad file number)
D/dalvikvm( 1651): Trying to load lib /data/app-lib/com.pplive.androidphone-2/liblocSDK4b.so 0x41921700
W/linker  ( 1651): liblocSDK4b.so has text relocations. This is wasting memory and is a security risk. Please fix.
D/dalvikvm( 1651): Added shared lib /data/app-lib/com.pplive.androidphone-2/liblocSDK4b.so 0x41921700
D/dalvikvm( 1651): No JNI_OnLoad found in /data/app-lib/com.pplive.androidphone-2/liblocSDK4b.so 0x41921700, skipping init
D/SensorsHal(  458): Couldn't open /dev/compass (No such file or directory)
E/SensorsHal(  458): ECS_IOCTL_APP_SET_XXX failed (Bad file number)
E/SensorService(  458): Error activating sensor 1 (Bad file number)
D/SensorsHal(  458): Couldn't open /dev/lightsensor (No such file or directory)
E/SensorsHal(  458): LIGHTSENSOR_IOCTL_ENABLE failed (Bad file number)
E/SensorService(  458): Error activating sensor 4 (Bad file number)
D/SensorsHal(  458): Couldn't open /dev/psensor (No such file or directory)
E/SensorsHal(  458): PSENSOR_IOCTL_ENABLE failed (Bad file number)
E/SensorService(  458): Error activating sensor 3 (Bad file number)
D/dalvikvm( 1651): GC_CONCURRENT freed 613K, 16% free 3569K/4204K, paused 3ms+3ms, total 39ms
D/dalvikvm( 1651): GC_CONCURRENT freed 312K, 8% free 4278K/4616K, paused 1ms+3ms, total 33ms
D/dalvikvm( 1651): WAIT_FOR_CONCURRENT_GC blocked 25ms
D/dalvikvm( 1651): DexOpt: --- BEGIN 'tdata_isD709.jar' (bootstrap=0) ---
D/dalvikvm( 1696): DexOpt: load 11ms, verify+opt 75ms, 464636 bytes
D/dalvikvm( 1651): DexOpt: --- END 'tdata_isD709.jar' (success) ---
D/dalvikvm( 1651): DEX prep '/mnt/internal_sd/system/tmp/tdata_isD709.jar': unzip in 6ms, rewrite 237ms
D/dalvikvm( 1651): DexOpt: --- BEGIN 'tdata_WSt778.jar' (bootstrap=0) ---
D/dalvikvm( 1700): DexOpt: load 5ms, verify+opt 12ms, 225228 bytes
D/dalvikvm( 1651): DexOpt: --- END 'tdata_WSt778.jar' (success) ---
D/dalvikvm( 1651): DEX prep '/mnt/internal_sd/system/tmp/tdata_WSt778.jar': unzip in 1ms, rewrite 132ms
W/ContextImpl( 1499): Implicit intents with startService are not safe: Intent { act=sina.push.action.service.null (has extras) } android.content.ContextWrapper.startService:494 android.content.ContextWrapper.startService:494 com.sina.push.connection.ServiceUtil$1.run:37
D/dalvikvm( 1499): GC_EXPLICIT freed 9K, 18% free 3505K/4252K, paused 8ms+2ms, total 49ms
D/dalvikvm( 1613): GC_CONCURRENT freed 699K, 17% free 3764K/4488K, paused 5ms+3ms, total 48ms
D/dalvikvm( 1651): GC_CONCURRENT freed 1563K, 29% free 3971K/5560K, paused 1ms+36ms, total 79ms
D/dalvikvm( 1651): WAIT_FOR_CONCURRENT_GC blocked 65ms
D/RKUpdateService(  747): WorkHandler::handleMessage() : To perform 'COMMAND_CHECK_LOCAL_UPDATING'.
D/RKUpdateService(  747): getValidFirmwareImageFile() : Target image file path : /data/media/0/update.zip
D/RKUpdateService(  747): getValidFirmwareImageFile() : Target image file path : /mnt/internal_sd/update.zip
D/RKUpdateService(  747): getValidFirmwareImageFile() : Target image file path : /mnt/external_sd/update.zip
D/RKUpdateService(  747): getValidFirmwareImageFile() : Target image file path : /mnt/usb_storage/update.zip
I/dalvikvm( 1483): Could not find method com.baidu.location.LocationClient.isStarted, referenced from method com.baidu.android.nebula.util.a.run
W/dalvikvm( 1483): VFY: unable to resolve virtual method 11170: Lcom/baidu/location/LocationClient;.isStarted ()Z
D/dalvikvm( 1483): VFY: replacing opcode 0x6e at 0x000f
W/ResponseProcessCookies( 1483): Invalid cookie header: "Set-Cookie: BAIDUID=8E10A77DE1B2316C170C0690E62B1911:FG=1; max-age=31536000; expires=Mon, 28-Mar-16 08:12:26 GMT; domain=.baidu.com; path=/; version=1". Unable to parse expires attribute: Mon
W/ResponseProcessCookies( 1483): Invalid cookie header: "Set-Cookie: BAIDUID=8E10A77DE1B2316C4DB5D6B4A0E79A3D:FG=1; expires=Mon, 28-Mar-16 08:12:26 GMT; max-age=31536000; path=/; domain=.baidu.com; version=1". Unable to parse expires attribute: Mon
W/ResponseProcessCookies( 1483): Invalid cookie header: "Set-Cookie: BAIDUID=D15986A80938E5FB8E0BADE3AA893BF6:FG=1; expires=Mon, 28-Mar-16 08:12:26 GMT; max-age=31536000; path=/; domain=.baidu.com; version=1". Unable to parse expires attribute: Mon
D/dalvikvm( 1483): GC_CONCURRENT freed 1964K, 41% free 4948K/8272K, paused 3ms+4ms, total 38ms
D/dalvikvm( 1483): WAIT_FOR_CONCURRENT_GC blocked 24ms
D/dalvikvm( 1483): WAIT_FOR_CONCURRENT_GC blocked 24ms
D/dalvikvm( 1483): WAIT_FOR_CONCURRENT_GC blocked 20ms
D/dalvikvm( 1483): Trying to load lib /data/app-lib/com.baidu.input-2/libBdMoplusMD5_V1.so 0x41917b28
W/linker  ( 1483): libBdMoplusMD5_V1.so has text relocations. This is wasting memory and is a security risk. Please fix.
D/dalvikvm( 1483): Added shared lib /data/app-lib/com.baidu.input-2/libBdMoplusMD5_V1.so 0x41917b28
D/dalvikvm( 1483): No JNI_OnLoad found in /data/app-lib/com.baidu.input-2/libBdMoplusMD5_V1.so 0x41917b28, skipping init
D/PushService( 1651): clientid is 9e88203cceffe65950b77f038f238a6b
D/dalvikvm( 1483): GC_CONCURRENT freed 1511K, 41% free 4917K/8272K, paused 15ms+3ms, total 81ms
D/dalvikvm( 1483): WAIT_FOR_CONCURRENT_GC blocked 29ms
D/dalvikvm( 1483): GC_CONCURRENT freed 1459K, 42% free 4877K/8272K, paused 3ms+3ms, total 43ms
D/dalvikvm( 1483): WAIT_FOR_CONCURRENT_GC blocked 25ms
D/RKUpdateService(  747): request remote server error...
D/dalvikvm( 1483): GC_CONCURRENT freed 1383K, 41% free 4892K/8272K, paused 1ms+2ms, total 32ms
D/dalvikvm( 1483): GC_CONCURRENT freed 1385K, 41% free 4892K/8272K, paused 1ms+2ms, total 32ms
D/dalvikvm( 1483): GC_CONCURRENT freed 1337K, 41% free 4914K/8272K, paused 4ms+3ms, total 43ms
W/ResponseProcessCookies( 1483): Invalid cookie header: "Set-Cookie: BAIDUID=5B327EC8147A397E097F57A05837F1EB:FG=1; max-age=31536000; expires=Mon, 28-Mar-16 08:12:34 GMT; domain=.baidu.com; path=/; version=1". Unable to parse expires attribute: Mon
W/ResponseProcessCookies( 1483): Invalid cookie header: "Set-Cookie: BAIDUID=5B327EC8147A397E2AA9C6604D263171:FG=1; expires=Mon, 28-Mar-16 08:12:34 GMT; max-age=31536000; path=/; domain=.baidu.com; version=1". Unable to parse expires attribute: Mon
W/ResponseProcessCookies( 1483): Invalid cookie header: "Set-Cookie: BAIDUID=CB2A4AAA54423940CBCF55358A88E7AA:FG=1; expires=Mon, 28-Mar-16 08:12:34 GMT; max-age=31536000; path=/; domain=.baidu.com; version=1". Unable to parse expires attribute: Mon
D/dalvikvm( 1483): GC_CONCURRENT freed 1542K, 43% free 4743K/8272K, paused 3ms+3ms, total 38ms
W/ResponseProcessCookies( 1483): Invalid cookie header: "Set-Cookie: BAIDUID=0CFCAE059A3556AED81CAB2C1E9598BF:FG=1; max-age=31536000; expires=Mon, 28-Mar-16 08:12:36 GMT; domain=.baidu.com; path=/; version=1". Unable to parse expires attribute: Mon
W/ResponseProcessCookies( 1483): Invalid cookie header: "Set-Cookie: BAIDUID=0CFCAE059A3556AEFEB1C2ACD54CE1BE:FG=1; expires=Mon, 28-Mar-16 08:12:36 GMT; max-age=31536000; path=/; domain=.baidu.com; version=1". Unable to parse expires attribute: Mon
W/ResponseProcessCookies( 1483): Invalid cookie header: "Set-Cookie: BAIDUID=1F8E96E34BF6812963BF05797AE6B667:FG=1; expires=Mon, 28-Mar-16 08:12:36 GMT; max-age=31536000; path=/; domain=.baidu.com; version=1". Unable to parse expires attribute: Mon
D/UserManager(  868): ---getMaxSupportedUsers,we has UMS,force disabled M-user---
D/GCM     (  868): GcmService start Intent { act=com.google.android.gms.INITIALIZE flg=0x10 pkg=com.google.android.gms cmp=com.google.android.gms/.gcm.GcmService } com.google.android.gms.INITIALIZE
D/NotificationsBroadcast( 1127): action == cn.ninegame.gamemanagerhd.notifications.push
W/System.err( 1127): android.content.pm.PackageManager$NameNotFoundException: com.tencent.qqappmarket.hd
W/System.err( 1127): 	at android.app.ApplicationPackageManager.getPackageInfo(ApplicationPackageManager.java:82)
W/System.err( 1127): 	at cn.ninegame.gamemanagerhd.util.k.a(ProGuard:56)
W/System.err( 1127): 	at cn.ninegame.gamemanagerhd.service.e$b.a(ProGuard:568)
W/System.err( 1127): 	at cn.ninegame.gamemanagerhd.service.e$b.a(ProGuard:550)
W/System.err( 1127): 	at cn.ninegame.gamemanagerhd.service.e$b$1.run(ProGuard:559)
W/System.err( 1127): 	at java.util.concurrent.ThreadPoolExecutor.runWorker(ThreadPoolExecutor.java:1112)
W/System.err( 1127): 	at java.util.concurrent.ThreadPoolExecutor$Worker.run(ThreadPoolExecutor.java:587)
W/System.err( 1127): 	at java.lang.Thread.run(Thread.java:841)
W/System.err( 1127): android.content.pm.PackageManager$NameNotFoundException: com.baidu.appsearch
W/System.err( 1127): 	at android.app.ApplicationPackageManager.getPackageInfo(ApplicationPackageManager.java:82)
W/System.err( 1127): 	at cn.ninegame.gamemanagerhd.util.k.a(ProGuard:56)
W/System.err( 1127): 	at cn.ninegame.gamemanagerhd.service.e$b.a(ProGuard:568)
W/System.err( 1127): 	at cn.ninegame.gamemanagerhd.service.e$b.a(ProGuard:550)
W/System.err( 1127): 	at cn.ninegame.gamemanagerhd.service.e$b$1.run(ProGuard:559)
W/System.err( 1127): 	at java.util.concurrent.ThreadPoolExecutor.runWorker(ThreadPoolExecutor.java:1112)
W/System.err( 1127): 	at java.util.concurrent.ThreadPoolExecutor$Worker.run(ThreadPoolExecutor.java:587)
W/System.err( 1127): 	at java.lang.Thread.run(Thread.java:841)
W/System.err( 1127): android.content.pm.PackageManager$NameNotFoundException: com.qihoo.appstore
W/System.err( 1127): 	at android.app.ApplicationPackageManager.getPackageInfo(ApplicationPackageManager.java:82)
W/System.err( 1127): 	at cn.ninegame.gamemanagerhd.util.k.a(ProGuard:56)
W/System.err( 1127): 	at cn.ninegame.gamemanagerhd.service.e$b.a(ProGuard:568)
W/System.err( 1127): 	at cn.ninegame.gamemanagerhd.service.e$b.a(ProGuard:550)
W/System.err( 1127): 	at cn.ninegame.gamemanagerhd.service.e$b$1.run(ProGuard:559)
W/System.err( 1127): 	at java.util.concurrent.ThreadPoolExecutor.runWorker(ThreadPoolExecutor.java:1112)
W/System.err( 1127): 	at java.util.concurrent.ThreadPoolExecutor$Worker.run(ThreadPoolExecutor.java:587)
W/System.err( 1127): 	at java.lang.Thread.run(Thread.java:841)
W/System.err( 1127): android.content.pm.PackageManager$NameNotFoundException: com.dragon.android.pandaspace
W/System.err( 1127): 	at android.app.ApplicationPackageManager.getPackageInfo(ApplicationPackageManager.java:82)
W/System.err( 1127): 	at cn.ninegame.gamemanagerhd.util.k.a(ProGuard:56)
W/System.err( 1127): 	at cn.ninegame.gamemanagerhd.service.e$b.a(ProGuard:568)
W/System.err( 1127): 	at cn.ninegame.gamemanagerhd.service.e$b.a(ProGuard:550)
W/System.err( 1127): 	at cn.ninegame.gamemanagerhd.service.e$b$1.run(ProGuard:559)
W/System.err( 1127): 	at java.util.concurrent.ThreadPoolExecutor.runWorker(ThreadPoolExecutor.java:1112)
W/System.err( 1127): 	at java.util.concurrent.ThreadPoolExecutor$Worker.run(ThreadPoolExecutor.java:587)
W/System.err( 1127): 	at java.lang.Thread.run(Thread.java:841)
W/System.err( 1127): android.content.pm.PackageManager$NameNotFoundException: com.muzhiwan.market.hd
W/System.err( 1127): 	at android.app.ApplicationPackageManager.getPackageInfo(ApplicationPackageManager.java:82)
W/System.err( 1127): 	at cn.ninegame.gamemanagerhd.util.k.a(ProGuard:56)
W/System.err( 1127): 	at cn.ninegame.gamemanagerhd.service.e$b.a(ProGuard:568)
W/System.err( 1127): 	at cn.ninegame.gamemanagerhd.service.e$b.a(ProGuard:550)
W/System.err( 1127): 	at cn.ninegame.gamemanagerhd.service.e$b$1.run(ProGuard:559)
W/System.err( 1127): 	at java.util.concurrent.ThreadPoolExecutor.runWorker(ThreadPoolExecutor.java:1112)
W/System.err( 1127): 	at java.util.concurrent.ThreadPoolExecutor$Worker.run(ThreadPoolExecutor.java:587)
W/System.err( 1127): 	at java.lang.Thread.run(Thread.java:841)
W/System.err( 1127): android.content.pm.PackageManager$NameNotFoundException: com.cyou.fz.consolegamehelper
W/System.err( 1127): 	at android.app.ApplicationPackageManager.getPackageInfo(ApplicationPackageManager.java:82)
W/System.err( 1127): 	at cn.ninegame.gamemanagerhd.util.k.a(ProGuard:56)
W/System.err( 1127): 	at cn.ninegame.gamemanagerhd.service.e$b.a(ProGuard:568)
W/System.err( 1127): 	at cn.ninegame.gamemanagerhd.service.e$b.a(ProGuard:550)
W/System.err( 1127): 	at cn.ninegame.gamemanagerhd.service.e$b$1.run(ProGuard:559)
W/System.err( 1127): 	at java.util.concurrent.ThreadPoolExecutor.runWorker(ThreadPoolExecutor.java:1112)
W/System.err( 1127): 	at java.util.concurrent.ThreadPoolExecutor$Worker.run(ThreadPoolExecutor.java:587)
W/System.err( 1127): 	at java.lang.Thread.run(Thread.java:841)
W/System.err( 1127): android.content.pm.PackageManager$NameNotFoundException: com.diguayouxi
W/System.err( 1127): 	at android.app.ApplicationPackageManager.getPackageInfo(ApplicationPackageManager.java:82)
W/System.err( 1127): 	at cn.ninegame.gamemanagerhd.util.k.a(ProGuard:56)
W/System.err( 1127): 	at cn.ninegame.gamemanagerhd.service.e$b.a(ProGuard:568)
W/System.err( 1127): 	at cn.ninegame.gamemanagerhd.service.e$b.a(ProGuard:550)
W/System.err( 1127): 	at cn.ninegame.gamemanagerhd.service.e$b$1.run(ProGuard:559)
W/System.err( 1127): 	at java.util.concurrent.ThreadPoolExecutor.runWorker(ThreadPoolExecutor.java:1112)
W/System.err( 1127): 	at java.util.concurrent.ThreadPoolExecutor$Worker.run(ThreadPoolExecutor.java:587)
W/System.err( 1127): 	at java.lang.Thread.run(Thread.java:841)
I/MultiDex( 1727): VM with version 1.6.0 does not have multidex support
I/MultiDex( 1727): install
W/System.err( 1127): android.content.pm.PackageManager$NameNotFoundException: cn.ninegame.gamemanager
W/System.err( 1127): 	at android.app.ApplicationPackageManager.getPackageInfo(ApplicationPackageManager.java:82)
I/MultiDex( 1727): MultiDexExtractor.load(/data/app/com.ylmf.androidclient-2.apk, false)
W/System.err( 1127): 	at cn.ninegame.gamemanagerhd.util.k.a(ProGuard:56)
W/System.err( 1127): 	at cn.ninegame.gamemanagerhd.service.e$b.a(ProGuard:568)
W/System.err( 1127): 	at cn.ninegame.gamemanagerhd.service.e$b.a(ProGuard:550)
W/System.err( 1127): 	at cn.ninegame.gamemanagerhd.service.e$b$1.run(ProGuard:559)
W/System.err( 1127): 	at java.util.concurrent.ThreadPoolExecutor.runWorker(ThreadPoolExecutor.java:1112)
W/System.err( 1127): 	at java.util.concurrent.ThreadPoolExecutor$Worker.run(ThreadPoolExecutor.java:587)
W/System.err( 1127): 	at java.lang.Thread.run(Thread.java:841)
W/System.err( 1127): android.content.pm.PackageManager$NameNotFoundException: com.muzhiwan.market
W/System.err( 1127): 	at android.app.ApplicationPackageManager.getPackageInfo(ApplicationPackageManager.java:82)
W/System.err( 1127): 	at cn.ninegame.gamemanagerhd.util.k.a(ProGuard:56)
W/System.err( 1127): 	at cn.ninegame.gamemanagerhd.service.e$b.a(ProGuard:568)
W/System.err( 1127): 	at cn.ninegame.gamemanagerhd.service.e$b.a(ProGuard:550)
W/System.err( 1127): 	at cn.ninegame.gamemanagerhd.service.e$b$1.run(ProGuard:559)
W/System.err( 1127): 	at java.util.concurrent.ThreadPoolExecutor.runWorker(ThreadPoolExecutor.java:1112)
I/MultiDex( 1727): loading existing secondary dex files
I/MultiDex( 1727): load found 1 secondary dex files
W/System.err( 1127): 	at java.util.concurrent.ThreadPoolExecutor$Worker.run(ThreadPoolExecutor.java:587)
W/System.err( 1127): 	at java.lang.Thread.run(Thread.java:841)
I/MultiDex( 1727): install done
I/MultiDex( 1727): install
W/System.err( 1127): android.content.pm.PackageManager$NameNotFoundException: com.dragon.android.pandaspace.pad
W/System.err( 1127): 	at android.app.ApplicationPackageManager.getPackageInfo(ApplicationPackageManager.java:82)
W/System.err( 1127): 	at cn.ninegame.gamemanagerhd.util.k.a(ProGuard:56)
W/System.err( 1127): 	at cn.ninegame.gamemanagerhd.service.e$b.a(ProGuard:568)
W/System.err( 1127): 	at cn.ninegame.gamemanagerhd.service.e$b.a(ProGuard:550)
W/System.err( 1127): 	at cn.ninegame.gamemanagerhd.service.e$b$1.run(ProGuard:559)
W/System.err( 1127): 	at java.util.concurrent.ThreadPoolExecutor.runWorker(ThreadPoolExecutor.java:1112)
W/System.err( 1127): 	at java.util.concurrent.ThreadPoolExecutor$Worker.run(ThreadPoolExecutor.java:587)
W/System.err( 1127): 	at java.lang.Thread.run(Thread.java:841)
W/System.err( 1127): android.content.pm.PackageManager$NameNotFoundException: com.tencent.android.qqdownloader
W/System.err( 1127): 	at android.app.ApplicationPackageManager.getPackageInfo(ApplicationPackageManager.java:82)
W/System.err( 1127): 	at cn.ninegame.gamemanagerhd.util.k.a(ProGuard:56)
W/System.err( 1127): 	at cn.ninegame.gamemanagerhd.service.e$b.a(ProGuard:568)
W/System.err( 1127): 	at cn.ninegame.gamemanagerhd.service.e$b.a(ProGuard:550)
W/System.err( 1127): 	at cn.ninegame.gamemanagerhd.service.e$b$1.run(ProGuard:559)
W/System.err( 1127): 	at java.util.concurrent.ThreadPoolExecutor.runWorker(ThreadPoolExecutor.java:1112)
W/System.err( 1127): 	at java.util.concurrent.ThreadPoolExecutor$Worker.run(ThreadPoolExecutor.java:587)
W/System.err( 1127): 	at java.lang.Thread.run(Thread.java:841)
W/System.err( 1127): android.content.pm.PackageManager$NameNotFoundException: com.cyou.fz.shouyouhelper
W/System.err( 1127): 	at android.app.ApplicationPackageManager.getPackageInfo(ApplicationPackageManager.java:82)
W/System.err( 1127): 	at cn.ninegame.gamemanagerhd.util.k.a(ProGuard:56)
W/System.err( 1127): 	at cn.ninegame.gamemanagerhd.service.e$b.a(ProGuard:568)
W/System.err( 1127): 	at cn.ninegame.gamemanagerhd.service.e$b.a(ProGuard:550)
W/System.err( 1127): 	at cn.ninegame.gamemanagerhd.service.e$b$1.run(ProGuard:559)
W/System.err( 1127): 	at java.util.concurrent.ThreadPoolExecutor.runWorker(ThreadPoolExecutor.java:1112)
W/System.err( 1127): 	at java.util.concurrent.ThreadPoolExecutor$Worker.run(ThreadPoolExecutor.java:587)
W/System.err( 1127): 	at java.lang.Thread.run(Thread.java:841)
W/System.err( 1127): android.content.pm.PackageManager$NameNotFoundException: com.yunyou.youxihezi
W/System.err( 1127): 	at android.app.ApplicationPackageManager.getPackageInfo(ApplicationPackageManager.java:82)
W/System.err( 1127): 	at cn.ninegame.gamemanagerhd.util.k.a(ProGuard:56)
W/System.err( 1127): 	at cn.ninegame.gamemanagerhd.service.e$b.a(ProGuard:568)
W/System.err( 1127): 	at cn.ninegame.gamemanagerhd.service.e$b.a(ProGuard:550)
W/System.err( 1127): 	at cn.ninegame.gamemanagerhd.service.e$b$1.run(ProGuard:559)
W/System.err( 1127): 	at java.util.concurrent.ThreadPoolExecutor.runWorker(ThreadPoolExecutor.java:1112)
W/System.err( 1127): 	at java.util.concurrent.ThreadPoolExecutor$Worker.run(ThreadPoolExecutor.java:587)
W/System.err( 1127): 	at java.lang.Thread.run(Thread.java:841)
I/AndroidRuntime( 1727): VM exiting with result code 0, cleanup skipped.
V/AlarmClock( 1398): AlarmInitReceiver android.intent.action.TIME_SET
I/AlarmClock( 1398): Displaying next alarm time: ''
V/AlarmClock( 1398): AlarmInitReceiver finished
V/UpdateAlarmInitService( 1467): startService
V/UpdateAlarmInitService( 1467): enter onHandleIntent
V/UpdateAlarmInitService( 1467): action= android.intent.action.TIME_SET
V/UpdateAlarmInitService( 1467): enter setNextAlert()
V/UpdateAlarmInitService( 1467): currentTime::1427616757182:Year=2015,Month=3,Data=29,Hour=16,Minute=12,Second=37,MillSecond=182
V/UpdateAlarmInitService( 1467): beforeTime::1428191701037:Year=2015,Month=4,Data=5,Hour=7,Minute=55,Second=1,MillSecond=37
V/UpdateAlarmInitService( 1467): afterTime::1428191701037:Year=2015,Month=4,Data=5,Hour=7,Minute=55,Second=1,MillSecond=37
D/RKUpdateReceiver(  747): action = android.hardware.usb.action.USB_STATE
V/UpdateAlarmInitService( 1467): exit setNextAlert()
V/UpdateAlarmInitService( 1467): exit onHandleIntent
D/AlertReceiver( 1743): onReceive: a=android.intent.action.PROVIDER_CHANGED Intent { act=android.intent.action.PROVIDER_CHANGED dat=content://com.android.calendar flg=0x10 cmp=com.google.android.calendar/com.android.calendar.alerts.AlertReceiver }
D/AlertService( 1743): 0 Action = android.intent.action.PROVIDER_CHANGED
I/CalendarProvider2( 1769): Created com.android.providers.calendar.CalendarAlarmManager@41949e98(com.android.providers.calendar.CalendarProvider2@419419e0)
W/ContextImpl(  787): Implicit intents with startService are not safe: Intent { act=com.google.android.gms.INITIALIZE } android.content.ContextWrapper.startService:494 android.content.ContextWrapper.startService:494 com.google.android.gms.init.InitializeGmsReceiver.onReceive:29
D/UserManager(  868): ---getMaxSupportedUsers,we has UMS,force disabled M-user---
D/GCM     (  868): GcmService start Intent { act=com.google.android.gms.INITIALIZE flg=0x10 pkg=com.google.android.gms cmp=com.google.android.gms/.gcm.GcmService } com.google.android.gms.INITIALIZE
D/dalvikvm( 1127): GC_CONCURRENT freed 1926K, 33% free 4008K/5956K, paused 4ms+14ms, total 61ms
D/dalvikvm( 1127): WAIT_FOR_CONCURRENT_GC blocked 40ms
V/MusicFXControlPanelReceiver( 1796): onReceive
V/MusicFXControlPanelReceiver( 1796): Action: android.media.action.CLOSE_AUDIO_EFFECT_CONTROL_SESSION
V/MusicFXControlPanelReceiver( 1796): Package name: com.android.music
V/MusicFXControlPanelReceiver( 1796): Audio session: 9
V/MusicFXControlPanelEffect( 1796): closeSession(android.app.ReceiverRestrictedContext@41936eb0, com.android.music, 9)
I/dalvikvm(  458): Jit: resizing JitTable from 4096 to 8192
D/StatisticsWork( 1127): statisc data upload succcend.....
D/dalvikvm( 1193): GC_CONCURRENT freed 615K, 14% free 4113K/4752K, paused 2ms+4ms, total 42ms
D/dalvikvm( 1193): WAIT_FOR_CONCURRENT_GC blocked 28ms
D/dalvikvm( 1127): GC_CONCURRENT freed 661K, 25% free 4517K/5956K, paused 1ms+7ms, total 37ms
D/dalvikvm( 1127): WAIT_FOR_CONCURRENT_GC blocked 22ms
D/dalvikvm( 1127): GC_CONCURRENT freed 816K, 16% free 5041K/5956K, paused 1ms+10ms, total 82ms
D/dalvikvm( 1127): WAIT_FOR_CONCURRENT_GC blocked 67ms
D/dalvikvm( 1483): GC_CONCURRENT freed 1079K, 41% free 4958K/8272K, paused 2ms+4ms, total 41ms
D/dalvikvm( 1127): GC_CONCURRENT freed 1671K, 27% free 4790K/6536K, paused 2ms+12ms, total 52ms
I/CalendarProvider2( 1769): Sending notification intent: Intent { act=android.intent.action.PROVIDER_CHANGED dat=content://com.android.calendar }
W/ContentResolver( 1769): Failed to get type for: content://com.android.calendar (Unknown URL content://com.android.calendar)
D/AlertReceiver( 1743): onReceive: a=android.intent.action.PROVIDER_CHANGED Intent { act=android.intent.action.PROVIDER_CHANGED dat=content://com.android.calendar flg=0x10 cmp=com.google.android.calendar/com.android.calendar.alerts.AlertReceiver }
D/RKUpdateService(  747): request remote server error...
D/dalvikvm( 1483): GC_CONCURRENT freed 1509K, 41% free 4886K/8272K, paused 2ms+2ms, total 34ms
D/dalvikvm( 1483): WAIT_FOR_CONCURRENT_GC blocked 26ms
D/dalvikvm( 1483): GC_CONCURRENT freed 1445K, 41% free 4902K/8272K, paused 3ms+2ms, total 34ms
D/dalvikvm( 1483): WAIT_FOR_CONCURRENT_GC blocked 23ms
D/dalvikvm( 1483): GC_CONCURRENT freed 1364K, 40% free 4967K/8272K, paused 1ms+2ms, total 32ms
D/dalvikvm( 1483): GC_CONCURRENT freed 1518K, 41% free 4912K/8272K, paused 1ms+2ms, total 33ms
D/dalvikvm( 1483): WAIT_FOR_CONCURRENT_GC blocked 24ms
