W/System.err(  673): 	at com.pada.launcher.model.LauncherModel.isHideApp(LauncherModel.java:1817)
I/ActivityManager(  458): Delay finish: com.android.providers.media/.MediaScannerReceiver
W/System.err(  673): 	at com.pada.launcher.loader.DesktopLoader.onLoadDB(DesktopLoader.java:497)
I/SystemUpdateService(  868): cancelUpdate (empty URL)
W/System.err(  673): 	at com.pada.launcher.loader.DesktopLoader.access$600(DesktopLoader.java:64)
I/ActivityManager(  458): Resuming delayed broadcast
W/System.err(  673): 	at com.pada.launcher.loader.DesktopLoader$LocalHandle.handleMessage(DesktopLoader.java:913)
I/ActivityManager(  458): Start proc com.android.onetimeinitializer for broadcast com.android.onetimeinitializer/.OneTimeInitializerReceiver: pid=1325 uid=10011 gids={50011}
W/System.err(  673): 	at android.os.Handler.dispatchMessage(Handler.java:102)
I/ActivityManager(  458): Delay finish: com.android.onetimeinitializer/.OneTimeInitializerReceiver
W/System.err(  673): 	at android.os.Looper.loop(Looper.java:136)
I/ActivityManager(  458): Resuming delayed broadcast
W/System.err(  673): 	at android.os.HandlerThread.run(HandlerThread.java:61)
I/ActivityManager(  458): Start proc com.android.vending for broadcast com.android.vending/com.google.android.finsky.receivers.BootCompletedReceiver: pid=1340 uid=10020 gids={50020, 3003, 1028, 1015}
I/GCoreUlr(  855): Ensuring that reporting is stopped because of reasons: (no Google accounts)
I/ActivityManager(  458): Delay finish: com.google.android.gms/.auth.be.recovery.AccountRecoveryBackgroundService$Receiver
W/System.err(  673): Caused by: libcore.io.ErrnoException: open failed: ENOENT (No such file or directory)
I/ActivityManager(  458): Delaying start of: ServiceRecord{41c270b8 u0 com.android.vending/com.google.android.finsky.services.RestoreService}
D/GCoreFlp(  855): Unknown pending intent to remove.
I/ActivityManager(  458): Resuming delayed broadcast
W/System.err(  673): 	at libcore.io.Posix.open(Native Method)
I/ActivityManager(  458): Start proc com.google.android.gms.ui for broadcast com.google.android.gms/.auth.authzen.GcmReceiverService$Receiver: pid=1378 uid=10006 gids={50006, 3003, 1007, 1028, 1015, 2001, 3006, 3007}
I/GCoreUlr(  855): Unbound from all location providers
I/ActivityManager(  458): Delay finish: com.google.android.gms/.auth.authzen.GcmReceiverService$Receiver
W/System.err(  673): 	at libcore.io.BlockGuardOs.open(BlockGuardOs.java:110)
I/ActivityManager(  458): Resuming delayed broadcast
W/System.err(  673): 	at libcore.io.IoBridge.open(IoBridge.java:393)
I/ActivityManager(  458): Delay finish: com.google.android.gms/.icing.impl.SystemEventReceiver
W/System.err(  673): 	... 11 more
I/ActivityManager(  458): Resuming delayed broadcast
I/Choreographer(  551): Skipped 52 frames!  The application may be doing too much work on its main thread.
I/ActivityManager(  458): Delay finish: com.google.android.gms/com.google.android.location.reporting.service.ExternalChangeReceiver
V/KeyguardServiceDelegate(  458): **** SHOWN CALLED ****
I/ActivityManager(  458): Resuming delayed broadcast
D/SoftapController(  137): Softap fwReload - Ok
I/ActivityManager(  458): Start proc com.android.deskclock for broadcast com.android.deskclock/.AlarmInitReceiver: pid=1398 uid=10028 gids={50028, 1028}
D/CommandListener(  137): Setting iface cfg
I/ActivityManager(  458): Start proc com.android.email for broadcast com.android.email/.service.EmailBroadcastReceiver: pid=1414 uid=10031 gids={50031, 3003, 1028, 1015}
D/CommandListener(  137): Trying to bring down wlan0
D/ActivityThread( 1414): Loading provider com.android.email.provider;com.android.email.notifier: com.android.email.provider.EmailProvider
W/System.err(  673): java.io.FileNotFoundException: /mnt/internal_sd/Pada/PadaLauncher/learnningcenter/learningAppList.txt: open failed: ENOENT (No such file or directory)
I/ActivityManager(  458): Delay finish: com.android.email/.service.EmailBroadcastReceiver
W/System.err(  673): 	at libcore.io.IoBridge.open(IoBridge.java:409)
W/ActivityManager(  458): Unable to start service Intent { cmp=com.android.email/.service.AttachmentDownloadService } U=0: not found
W/System.err(  673): 	at java.io.FileInputStream.<init>(FileInputStream.java:78)
W/ActivityManager(  458): Unable to start service Intent { cmp=com.android.email/.service.AttachmentDownloadService } U=0: not found
W/System.err(  673): 	at java.io.FileReader.<init>(FileReader.java:42)
I/ActivityManager(  458): Delaying start of: ServiceRecord{41ccfa10 u0 com.android.exchange/.service.EmailSyncAdapterService}
W/System.err(  673): 	at com.pada.launcher.util.FileUtils.getLearningAppList(FileUtils.java:164)
I/ActivityManager(  458): Start proc com.android.exchange for service com.android.exchange/.service.EmailSyncAdapterService: pid=1435 uid=10025 gids={50025, 3003, 1028, 1015}
W/System.err(  673): 	at com.pada.launcher.model.LauncherModel.isLearningCenterApp(LauncherModel.java:1846)
I/ActivityManager(  458): Resuming delayed broadcast
W/System.err(  673): 	at com.pada.launcher.model.LauncherModel.isHideApp(LauncherModel.java:1817)
I/ActivityManager(  458): Start proc com.android.inputmethod.latin for broadcast com.android.inputmethod.latin/.setup.LauncherIconVisibilityManager: pid=1449 uid=10052 gids={50052, 1028, 1015}
W/System.err(  673): 	at com.pada.launcher.loader.DesktopLoader.onLoadDB(DesktopLoader.java:497)
I/ActivityManager(  458): Killing 688:android.process.acore/u0a3 (adj 15): empty #17
W/System.err(  673): 	at com.pada.launcher.loader.DesktopLoader.access$600(DesktopLoader.java:64)
I/ActivityManager(  458): Process com.android.inputmethod.latin (pid 1449) has died.
W/System.err(  673): 	at com.pada.launcher.loader.DesktopLoader$LocalHandle.handleMessage(DesktopLoader.java:913)
I/ActivityManager(  458): Waited long enough for: ServiceRecord{41b36740 u0 com.tencent.qqlive/.push.PushService}
W/System.err(  673): 	at android.os.Handler.dispatchMessage(Handler.java:102)
I/ActivityManager(  458): Start proc com.softwinner.update for broadcast com.softwinner.update/.LoaderReceiver: pid=1467 uid=10056 gids={50056, 2001, 1028, 1015, 1023, 3003}
W/System.err(  673): 	at android.os.Looper.loop(Looper.java:136)
I/ActivityManager(  458): Delay finish: com.softwinner.update/.AlarmInitReceiver
W/System.err(  673): 	at android.os.HandlerThread.run(HandlerThread.java:61)
I/ActivityManager(  458): Resuming delayed broadcast
W/System.err(  673): Caused by: libcore.io.ErrnoException: open failed: ENOENT (No such file or directory)
I/ActivityManager(  458): Start proc com.baidu.input:bdservice_v1 for broadcast com.baidu.input/com.baidu.android.moplus.MoPlusReceiver: pid=1483 uid=10074 gids={50074, 3003, 1028, 1015}
W/System.err(  673): 	at libcore.io.Posix.open(Native Method)
I/ActivityManager(  458): Waited long enough for: ServiceRecord{41b2dc08 u0 com.google.android.calendar/com.android.calendar.alerts.InitAlarmsService}
W/System.err(  673): 	at libcore.io.BlockGuardOs.open(BlockGuardOs.java:110)
I/ActivityManager(  458): Start proc com.sina.weibo for broadcast com.sina.weibo/.BootCompletedReceiver: pid=1499 uid=10076 gids={50076, 3003, 1028, 1015}
I/MediaFocusControl(  458):   Remote Control   registerMediaButtonIntent() for PendingIntent{41c5f0f0: PendingIntentRecord{41c5e730 com.android.music broadcastIntent}}
I/ActivityManager(  458): Start proc com.sina.weibo:remote for service com.sina.weibo/.utils.weibohttpd.PushDaemon: pid=1529 uid=10076 gids={50076, 3003, 1028, 1015}
W/System.err(  673): 	at libcore.io.IoBridge.open(IoBridge.java:393)
I/ActivityManager(  458): Delay finish: com.sina.weibo/.BootCompletedReceiver
D/RkWifiCtrl(  458): Kernel version is 3.10.
I/ActivityManager(  458): Killing 938:com.google.android.apps.uploader/u0a39 (adj 15): empty #17
W/System.err(  673): 	... 11 more
I/ActivityManager(  458): Killing 894:com.android.settings/1000 (adj 15): empty #17
D/WifiMonitor(  458): startMonitoring(wlan0) with mConnected = false
I/ActivityManager(  458): Start proc android.process.acore for content provider com.android.providers.contacts/.ContactsProvider2: pid=1560 uid=10003 gids={50003, 3003, 1028, 1015}
W/System.err(  673): java.io.FileNotFoundException: /mnt/internal_sd/Pada/PadaLauncher/learnningcenter/learningAppList.txt: open failed: ENOENT (No such file or directory)
I/ActivityManager(  458): Killing 994:com.android.externalstorage/u0a4 (adj 15): empty #17
W/System.err(  673): 	at libcore.io.IoBridge.open(IoBridge.java:409)
I/ActivityManager(  458): Killing 956:com.android.music/u0a44 (adj 15): empty #17
W/System.err(  673): 	at java.io.FileInputStream.<init>(FileInputStream.java:78)
I/ActivityManager(  458): Waited long enough for: ServiceRecord{41cc1988 u0 android.rockchip.update.service/.RKUpdateService}
W/System.err(  673): 	at java.io.FileReader.<init>(FileReader.java:42)
I/ActivityManager(  458): Resuming delayed broadcast
W/System.err(  673): 	at com.pada.launcher.util.FileUtils.getLearningAppList(FileUtils.java:164)
I/ActivityManager(  458): Delay finish: com.sina.weibo/.notification.hottopic.HotTopicReceiver
W/System.err(  673): 	at com.pada.launcher.model.LauncherModel.isLearningCenterApp(LauncherModel.java:1846)
I/ActivityManager(  458): Waited long enough for: ServiceRecord{41cb76e8 u0 com.baidu.input/com.baidu.android.moplus.MoPlusService}
W/System.err(  673): 	at com.pada.launcher.model.LauncherModel.isHideApp(LauncherModel.java:1817)
I/ActivityManager(  458): Resuming delayed broadcast
W/System.err(  673): 	at com.pada.launcher.loader.DesktopLoader.onLoadDB(DesktopLoader.java:497)
W/BroadcastQueue(  458): Permission Denial: receiving Intent { act=android.intent.action.BOOT_COMPLETED flg=0x8000010 (has extras) } to com.pplive.androidphone/com.igexin.sdk.PushReceiver requires android.permission.RECEIVE_BOOT_COMPLETED due to sender null (uid 1000)
W/System.err(  673): 	at com.pada.launcher.loader.DesktopLoader.access$600(DesktopLoader.java:64)
I/ActivityManager(  458): Start proc com.android.settings for broadcast com.android.settings/.widget.SettingsAppWidgetProvider: pid=1578 uid=1000 gids={41000, 1028, 1015, 3002, 3001, 1023, 3003}
W/System.err(  673): 	at com.pada.launcher.loader.DesktopLoader$LocalHandle.handleMessage(DesktopLoader.java:913)
W/ContextImpl( 1578): Calling a method in the system process without a qualified user: android.app.ContextImpl.bindService:1551 android.content.ContextWrapper.bindService:517 android.bluetooth.BluetoothInputDevice.doBind:245 android.bluetooth.BluetoothInputDevice.<init>:238 android.bluetooth.BluetoothAdapter.getProfileProxy:1249
W/System.err(  673): 	at android.os.Handler.dispatchMessage(Handler.java:102)
W/ContextImpl( 1578): Calling a method in the system process without a qualified user: android.app.ContextImpl.bindService:1551 android.content.ContextWrapper.bindService:517 android.bluetooth.BluetoothPan.doBind:149 android.bluetooth.BluetoothPan.<init>:141 android.bluetooth.BluetoothAdapter.getProfileProxy:1252
W/System.err(  673): 	at android.os.Looper.loop(Looper.java:136)
W/ContextImpl( 1578): Calling a method in the system process without a qualified user: android.app.ContextImpl.bindService:1551 android.content.ContextWrapper.bindService:517 android.bluetooth.BluetoothMap.doBind:109 android.bluetooth.BluetoothMap.<init>:102 android.bluetooth.BluetoothAdapter.getProfileProxy:1258
W/System.err(  673): 	at android.os.HandlerThread.run(HandlerThread.java:61)
W/ContextImpl( 1578): Calling a method in the system process without a qualified user: android.app.ContextImpl.bindService:1551 android.content.ContextWrapper.bindService:517 android.bluetooth.BluetoothPbap.doBind:164 android.bluetooth.BluetoothPbap.<init>:157 com.android.settings.bluetooth.PbapServerProfile.<init>:68
W/System.err(  673): Caused by: libcore.io.ErrnoException: open failed: ENOENT (No such file or directory)
W/ContextImpl(  458): Calling a method in the system process without a qualified user: android.app.ContextImpl.startService:1487 android.content.ContextWrapper.startService:494 android.content.ContextWrapper.startService:494 com.android.user.experience.NetworkConnectChangedReceiver.onReceive:48 android.app.ActivityThread.handleReceiver:2419
W/System.err(  673): 	at libcore.io.Posix.open(Native Method)
W/ActivityManager(  458): Unable to start service Intent { cmp=android/com.android.user.experience.UserExperienceService } U=0: not found
W/System.err(  673): 	at libcore.io.BlockGuardOs.open(BlockGuardOs.java:110)
W/ContextImpl(  458): Calling a method in the system process without a qualified user: android.app.ContextImpl.startService:1487 android.content.ContextWrapper.startService:494 android.content.ContextWrapper.startService:494 com.android.user.experience.NetworkConnectChangedReceiver.onReceive:48 android.app.ActivityThread.handleReceiver:2419
W/System.err(  673): 	at libcore.io.IoBridge.open(IoBridge.java:393)
W/ActivityManager(  458): Unable to start service Intent { cmp=android/com.android.user.experience.UserExperienceService } U=0: not found
W/System.err(  673): 	... 11 more
D/UsbDeviceManager(  458): -----get MSG_UPDATE_STATE_RETRY,but not BootComplete,send MSG_UPDATE_STATE_RETRY after 500ms---
W/ContextImpl(  458): Calling a method in the system process without a qualified user: android.app.ContextImpl.startService:1487 android.content.ContextWrapper.startService:494 android.content.ContextWrapper.startService:494 com.android.user.experience.NetworkConnectChangedReceiver.onReceive:48 android.app.ActivityThread.handleReceiver:2419
W/System.err(  673): java.io.FileNotFoundException: /mnt/internal_sd/Pada/PadaLauncher/learnningcenter/learningAppList.txt: open failed: ENOENT (No such file or directory)
W/ActivityManager(  458): Unable to start service Intent { cmp=android/com.android.user.experience.UserExperienceService } U=0: not found
W/System.err(  673): 	at libcore.io.IoBridge.open(IoBridge.java:409)
W/ContextImpl(  458): Calling a method in the system process without a qualified user: android.app.ContextImpl.startService:1487 android.content.ContextWrapper.startService:494 android.content.ContextWrapper.startService:494 com.android.user.experience.NetworkConnectChangedReceiver.onReceive:48 android.app.ActivityThread.handleReceiver:2419
W/System.err(  673): 	at java.io.FileInputStream.<init>(FileInputStream.java:78)
W/ActivityManager(  458): Unable to start service Intent { cmp=android/com.android.user.experience.UserExperienceService } U=0: not found
W/System.err(  673): 	at java.io.FileReader.<init>(FileReader.java:42)
I/ActivityManager(  458): Start proc com.ylmf.androidclient:yyw_push_service for service com.ylmf.androidclient/com.yyw.push.ChatPushService: pid=1592 uid=10065 gids={50065, 3003, 1028, 1015}
W/System.err(  673): 	at com.pada.launcher.util.FileUtils.getLearningAppList(FileUtils.java:164)
W/ActivityManager(  458): Unable to start service Intent { cmp=com.softwinner.update/.UpdateService (has extras) } U=0: not found
W/System.err(  673): 	at com.pada.launcher.model.LauncherModel.isLearningCenterApp(LauncherModel.java:1846)
I/ActivityManager(  458): Start proc com.pm.market for broadcast com.pm.market/cn.jpush.android.service.PushReceiver: pid=1613 uid=10060 gids={50060, 1028, 1015, 3003}
W/System.err(  673): 	at com.pada.launcher.model.LauncherModel.isHideApp(LauncherModel.java:1817)
I/ActivityManager(  458): Process com.ylmf.androidclient:yyw_push_service (pid 1592) has died.
W/System.err(  673): 	at com.pada.launcher.loader.DesktopLoader.onLoadDB(DesktopLoader.java:497)
I/ActivityManager(  458): Killing 716:com.android.printspooler/u0a47 (adj 15): empty #17
W/System.err(  673): 	at com.pada.launcher.loader.DesktopLoader.access$600(DesktopLoader.java:64)
I/ActivityManager(  458): Start proc com.pplive.androidphone for broadcast com.pplive.androidphone/.ui.widget.WidgetNew: pid=1634 uid=10069 gids={50069, 3003, 1028, 1015}
W/System.err(  673): 	at com.pada.launcher.loader.DesktopLoader$LocalHandle.handleMessage(DesktopLoader.java:913)
I/ActivityManager(  458): Waited long enough for: ServiceRecord{41c5eec8 u0 com.sina.weibo/.utils.weibohttpd.PushDaemon}
W/System.err(  673): 	at android.os.Handler.dispatchMessage(Handler.java:102)
I/ActivityManager(  458): Start proc com.pplive.androidphone:remote for service com.pplive.androidphone/com.baidu.location.f: pid=1651 uid=10069 gids={50069, 3003, 1028, 1015}
W/System.err(  673): 	at android.os.Looper.loop(Looper.java:136)
W/ActivityManager(  458): Unable to start service Intent { act=sina.push.action.service.null (has extras) } U=0: not found
W/System.err(  673): 	at android.os.HandlerThread.run(HandlerThread.java:61)
I/ActivityManager(  458): Delay finish: com.google.android.gms/.init.InitializeGmsReceiver
W/System.err(  673): Caused by: libcore.io.ErrnoException: open failed: ENOENT (No such file or directory)
I/ActivityManager(  458): Killing 1260:com.google.android.calendar/u0a8 (adj 15): empty #17
W/System.err(  673): 	at libcore.io.Posix.open(Native Method)
E/ActivityThread( 1651): Failed to find provider info for downloads.com.pplive.androidphone
W/System.err(  673): 	at libcore.io.BlockGuardOs.open(BlockGuardOs.java:110)
E/ActivityThread( 1651): Failed to find provider info for downloads.com.pplive.androidphone
W/System.err(  673): 	at libcore.io.IoBridge.open(IoBridge.java:393)
W/ActivityManager(  458): Unable to start service Intent { act=sina.push.action.service.null (has extras) } U=0: not found
W/System.err(  673): 	... 11 more
I/ActivityManager(  458): Waited long enough for: ServiceRecord{41aa65c0 u0 com.sina.weibo/.notification.hottopic.HotTopicService}
I/wpa_supplicant(  974): Successfully initialized wpa_supplicant
I/ActivityManager(  458): Waited long enough for: ServiceRecord{41966cf0 u0 com.pm.market/cn.jpush.android.service.PushService}
W/System.err(  673): java.io.FileNotFoundException: /mnt/internal_sd/Pada/PadaLauncher/learnningcenter/learningAppList.txt: open failed: ENOENT (No such file or directory)
I/ActivityManager(  458): Waited long enough for: ServiceRecord{41c3f5d8 u0 com.pm.market/.service.MonitorStartAppService}
W/System.err(  673): 	at libcore.io.IoBridge.open(IoBridge.java:409)
I/ActivityManager(  458): Waited long enough for: ServiceRecord{41c8b4d8 u0 com.pplive.androidphone/com.igexin.sdk.PushService}
W/System.err(  673): 	at java.io.FileInputStream.<init>(FileInputStream.java:78)
I/ActivityManager(  458): Resuming delayed broadcast
W/System.err(  673): 	at java.io.FileReader.<init>(FileReader.java:42)
I/ActivityManager(  458): Start proc com.ylmf.androidclient:yyw_push_service for service com.ylmf.androidclient/com.yyw.push.ChatPushService: pid=1727 uid=10065 gids={50065, 3003, 1028, 1015}
W/System.err(  673): 	at com.pada.launcher.util.FileUtils.getLearningAppList(FileUtils.java:164)
I/ActivityManager(  458): Waited long enough for: ServiceRecord{41b26818 u0 com.pplive.androidphone/com.igexin.download.DownloadService}
W/System.err(  673): 	at com.pada.launcher.model.LauncherModel.isLearningCenterApp(LauncherModel.java:1846)
I/ActivityManager(  458): Start proc com.google.android.calendar for broadcast com.google.android.calendar/com.android.calendar.widget.CalendarAppWidgetService$CalendarFactory: pid=1743 uid=10008 gids={50008, 3003}
W/System.err(  673): 	at com.pada.launcher.model.LauncherModel.isHideApp(LauncherModel.java:1817)
I/ActivityManager(  458): Waited long enough for: ServiceRecord{4193cb98 u0 com.pplive.androidphone/com.pplive.dlna.DLNASdkService}
W/System.err(  673): 	at com.pada.launcher.loader.DesktopLoader.onLoadDB(DesktopLoader.java:497)
I/ActivityManager(  458): Killing 1281:com.android.providers.calendar/u0a1 (adj 15): empty #17
W/System.err(  673): 	at com.pada.launcher.loader.DesktopLoader.access$600(DesktopLoader.java:64)
I/ActivityManager(  458): Start proc com.android.providers.calendar for content provider com.android.providers.calendar/.CalendarProvider2: pid=1769 uid=10001 gids={50001, 3003, 1028, 1015}
W/System.err(  673): 	at com.pada.launcher.loader.DesktopLoader$LocalHandle.handleMessage(DesktopLoader.java:913)
I/ActivityManager(  458): Process com.ylmf.androidclient:yyw_push_service (pid 1727) has died.
W/System.err(  673): 	at android.os.Handler.dispatchMessage(Handler.java:102)
I/ActivityManager(  458): Delay finish: com.google.android.gms/.init.InitializeGmsReceiver
W/System.err(  673): 	at android.os.Looper.loop(Looper.java:136)
I/ActivityManager(  458): Resuming delayed broadcast
W/System.err(  673): 	at android.os.HandlerThread.run(HandlerThread.java:61)
D/ConnectivityService(  458): Sampling interval elapsed, updating statistics ..
W/System.err(  673): Caused by: libcore.io.ErrnoException: open failed: ENOENT (No such file or directory)
D/ConnectivityService(  458): Done.
W/System.err(  673): 	at libcore.io.Posix.open(Native Method)
D/ConnectivityService(  458): Setting timer for 720seconds
W/System.err(  673): 	at libcore.io.BlockGuardOs.open(BlockGuardOs.java:110)
I/ActivityManager(  458): Start proc com.android.musicfx for broadcast com.android.musicfx/.ControlPanelReceiver: pid=1796 uid=10012 gids={50012, 3003, 3002}
W/System.err(  673): 	at libcore.io.IoBridge.open(IoBridge.java:393)
I/ActivityManager(  458): Delay finish: com.android.providers.calendar/.CalendarProviderBroadcastReceiver
W/System.err(  673): 	... 11 more
I/ActivityManager(  458): Resuming delayed broadcast
W/System.err(  673): java.io.FileNotFoundException: /mnt/internal_sd/Pada/PadaLauncher/learnningcenter/learningAppList.txt: open failed: ENOENT (No such file or directory)
W/BackupManagerService(  458): dataChanged but no participant pkg='com.android.providers.settings' uid=10068
W/System.err(  673): 	at libcore.io.IoBridge.open(IoBridge.java:409)
I/ActivityManager(  458): Killing 1325:com.android.onetimeinitializer/u0a11 (adj 15): empty #17
W/System.err(  673): 	at java.io.FileInputStream.<init>(FileInputStream.java:78)
I/ActivityManager(  458): Killing 979:com.google.android.partnersetup/u0a9 (adj 15): empty #18
W/System.err(  673): 	at java.io.FileReader.<init>(FileReader.java:42)
I/PowerManagerService(  458): Waking up from sleep...
W/System.err(  673): 	at com.pada.launcher.util.FileUtils.getLearningAppList(FileUtils.java:164)
I/WindowManager(  458): Lock screen displayed!
W/System.err(  673): 	at com.pada.launcher.model.LauncherModel.isLearningCenterApp(LauncherModel.java:1846)
W/ActivityManager(  458): Unable to start service Intent { act=sina.push.action.service.null (has extras) } U=0: not found
W/System.err(  673): 	at com.pada.launcher.model.LauncherModel.isHideApp(LauncherModel.java:1817)
I/ActivityManager(  458): Start proc com.ylmf.androidclient:yyw_push_service for service com.ylmf.androidclient/com.yyw.push.ChatPushService: pid=1848 uid=10065 gids={50065, 3003, 1028, 1015}
W/System.err(  673): 	at com.pada.launcher.loader.DesktopLoader.onLoadDB(DesktopLoader.java:497)
W/ActivityManager(  458): Permission Denial: Accessing service ComponentInfo{com.sina.weibo/com.sina.push.service.SinaPushService} from pid=1651, uid=10069 requires com.sina.permission.SINA_PUSH
W/System.err(  673): 	at com.pada.launcher.loader.DesktopLoader.access$600(DesktopLoader.java:64)
I/ActivityManager(  458): Process com.ylmf.androidclient:yyw_push_service (pid 1848) has died.
W/System.err(  673): 	at com.pada.launcher.loader.DesktopLoader$LocalHandle.handleMessage(DesktopLoader.java:913)
W/System.err(  673): 	at android.os.Handler.dispatchMessage(Handler.java:102)
W/System.err(  673): 	at android.os.Looper.loop(Looper.java:136)
W/System.err(  673): 	at android.os.HandlerThread.run(HandlerThread.java:61)
W/System.err(  673): Caused by: libcore.io.ErrnoException: open failed: ENOENT (No such file or directory)
W/System.err(  673): 	at libcore.io.Posix.open(Native Method)
W/System.err(  673): 	at libcore.io.BlockGuardOs.open(BlockGuardOs.java:110)
W/System.err(  673): 	at libcore.io.IoBridge.open(IoBridge.java:393)
W/System.err(  673): 	... 11 more
D/PhoneStatusBar(  551): disable: < expand icons alerts ticker system_info BACK* HOME* RECENT clock search >
I/SurfaceFlinger(  140): Boot is finished (9709 ms)
D/dalvikvm(  673): GC_CONCURRENT freed 10414K, 26% free 31290K/41736K, paused 8ms+3ms, total 37ms
D/dalvikvm(  673): WAIT_FOR_CONCURRENT_GC blocked 13ms
D/dalvikvm(  673): WAIT_FOR_CONCURRENT_GC blocked 28ms
E/wpa_supplicant(  974): Get wifi module chip name: <RK901>.
I/wpa_supplicant(  974): rfkill: Cannot open RFKILL control device
W/System.err(  673): java.io.FileNotFoundException: /mnt/internal_sd/Pada/PadaLauncher/learnningcenter/learningAppList.txt: open failed: ENOENT (No such file or directory)
W/System.err(  673): 	at libcore.io.IoBridge.open(IoBridge.java:409)
W/System.err(  673): 	at java.io.FileInputStream.<init>(FileInputStream.java:78)
W/System.err(  673): 	at java.io.FileReader.<init>(FileReader.java:42)
W/System.err(  673): 	at com.pada.launcher.util.FileUtils.getLearningAppList(FileUtils.java:164)
W/System.err(  673): 	at com.pada.launcher.model.LauncherModel.isLearningCenterApp(LauncherModel.java:1846)
W/System.err(  673): 	at com.pada.launcher.model.LauncherModel.isHideApp(LauncherModel.java:1817)
W/System.err(  673): 	at com.pada.launcher.loader.DesktopLoader.onLoadDB(DesktopLoader.java:497)
W/System.err(  673): 	at com.pada.launcher.loader.DesktopLoader.access$600(DesktopLoader.java:64)
W/System.err(  673): 	at com.pada.launcher.loader.DesktopLoader$LocalHandle.handleMessage(DesktopLoader.java:913)
W/System.err(  673): 	at android.os.Handler.dispatchMessage(Handler.java:102)
W/System.err(  673): 	at android.os.Looper.loop(Looper.java:136)
W/System.err(  673): 	at android.os.HandlerThread.run(HandlerThread.java:61)
W/System.err(  673): Caused by: libcore.io.ErrnoException: open failed: ENOENT (No such file or directory)
W/System.err(  673): 	at libcore.io.Posix.open(Native Method)
W/System.err(  673): 	at libcore.io.BlockGuardOs.open(BlockGuardOs.java:110)
W/System.err(  673): 	at libcore.io.IoBridge.open(IoBridge.java:393)
W/System.err(  673): 	... 11 more
D/dalvikvm(  673): GC_FOR_ALLOC freed 5868K, 20% free 33400K/41736K, paused 21ms, total 21ms
D/PhoneStatusBar(  551): disable: < expand icons alerts ticker system_info BACK HOME RECENT CLOCK* search >
W/System.err(  673): java.io.FileNotFoundException: /mnt/internal_sd/Pada/PadaLauncher/learnningcenter/learningAppList.txt: open failed: ENOENT (No such file or directory)
W/System.err(  673): 	at libcore.io.IoBridge.open(IoBridge.java:409)
W/System.err(  673): 	at java.io.FileInputStream.<init>(FileInputStream.java:78)
W/System.err(  673): 	at java.io.FileReader.<init>(FileReader.java:42)
W/System.err(  673): 	at com.pada.launcher.util.FileUtils.getLearningAppList(FileUtils.java:164)
W/System.err(  673): 	at com.pada.launcher.model.LauncherModel.isLearningCenterApp(LauncherModel.java:1846)
W/System.err(  673): 	at com.pada.launcher.model.LauncherModel.isHideApp(LauncherModel.java:1817)
W/System.err(  673): 	at com.pada.launcher.loader.DesktopLoader.onLoadDB(DesktopLoader.java:497)
W/System.err(  673): 	at com.pada.launcher.loader.DesktopLoader.access$600(DesktopLoader.java:64)
W/System.err(  673): 	at com.pada.launcher.loader.DesktopLoader$LocalHandle.handleMessage(DesktopLoader.java:913)
W/System.err(  673): 	at android.os.Handler.dispatchMessage(Handler.java:102)
W/System.err(  673): 	at android.os.Looper.loop(Looper.java:136)
W/System.err(  673): 	at android.os.HandlerThread.run(HandlerThread.java:61)
W/System.err(  673): Caused by: libcore.io.ErrnoException: open failed: ENOENT (No such file or directory)
W/System.err(  673): 	at libcore.io.Posix.open(Native Method)
W/System.err(  673): 	at libcore.io.BlockGuardOs.open(BlockGuardOs.java:110)
W/System.err(  673): 	at libcore.io.IoBridge.open(IoBridge.java:393)
W/System.err(  673): 	... 11 more
W/System.err(  673): java.io.FileNotFoundException: /mnt/internal_sd/Pada/PadaLauncher/learnningcenter/learningAppList.txt: open failed: ENOENT (No such file or directory)
W/System.err(  673): 	at libcore.io.IoBridge.open(IoBridge.java:409)
W/System.err(  673): 	at java.io.FileInputStream.<init>(FileInputStream.java:78)
W/System.err(  673): 	at java.io.FileReader.<init>(FileReader.java:42)
W/System.err(  673): 	at com.pada.launcher.util.FileUtils.getLearningAppList(FileUtils.java:164)
W/System.err(  673): 	at com.pada.launcher.model.LauncherModel.isLearningCenterApp(LauncherModel.java:1846)
W/System.err(  673): 	at com.pada.launcher.model.LauncherModel.isHideApp(LauncherModel.java:1817)
W/System.err(  673): 	at com.pada.launcher.loader.DesktopLoader.onLoadDB(DesktopLoader.java:497)
W/System.err(  673): 	at com.pada.launcher.loader.DesktopLoader.access$600(DesktopLoader.java:64)
W/System.err(  673): 	at com.pada.launcher.loader.DesktopLoader$LocalHandle.handleMessage(DesktopLoader.java:913)
W/System.err(  673): 	at android.os.Handler.dispatchMessage(Handler.java:102)
W/System.err(  673): 	at android.os.Looper.loop(Looper.java:136)
W/System.err(  673): 	at android.os.HandlerThread.run(HandlerThread.java:61)
W/System.err(  673): Caused by: libcore.io.ErrnoException: open failed: ENOENT (No such file or directory)
W/System.err(  673): 	at libcore.io.Posix.open(Native Method)
W/System.err(  673): 	at libcore.io.BlockGuardOs.open(BlockGuardOs.java:110)
W/System.err(  673): 	at libcore.io.IoBridge.open(IoBridge.java:393)
W/System.err(  673): 	... 11 more
V/ProvidersChangedReceiver(  855): calling applySettings
W/System.err(  673): java.io.FileNotFoundException: /mnt/internal_sd/Pada/PadaLauncher/learnningcenter/learningAppList.txt: open failed: ENOENT (No such file or directory)
W/System.err(  673): 	at libcore.io.IoBridge.open(IoBridge.java:409)
W/System.err(  673): 	at java.io.FileInputStream.<init>(FileInputStream.java:78)
W/System.err(  673): 	at java.io.FileReader.<init>(FileReader.java:42)
W/System.err(  673): 	at com.pada.launcher.util.FileUtils.getLearningAppList(FileUtils.java:164)
W/System.err(  673): 	at com.pada.launcher.model.LauncherModel.isLearningCenterApp(LauncherModel.java:1846)
W/System.err(  673): 	at com.pada.launcher.model.LauncherModel.isHideApp(LauncherModel.java:1817)
W/System.err(  673): 	at com.pada.launcher.loader.DesktopLoader.onLoadDB(DesktopLoader.java:497)
W/System.err(  673): 	at com.pada.launcher.loader.DesktopLoader.access$600(DesktopLoader.java:64)
W/System.err(  673): 	at com.pada.launcher.loader.DesktopLoader$LocalHandle.handleMessage(DesktopLoader.java:913)
W/System.err(  673): 	at android.os.Handler.dispatchMessage(Handler.java:102)
W/System.err(  673): 	at android.os.Looper.loop(Looper.java:136)
W/System.err(  673): 	at android.os.HandlerThread.run(HandlerThread.java:61)
W/System.err(  673): Caused by: libcore.io.ErrnoException: open failed: ENOENT (No such file or directory)
W/System.err(  673): 	at libcore.io.Posix.open(Native Method)
W/System.err(  673): 	at libcore.io.BlockGuardOs.open(BlockGuardOs.java:110)
W/System.err(  673): 	at libcore.io.IoBridge.open(IoBridge.java:393)
W/System.err(  673): 	... 11 more
V/GeofencerHelper(  855): Initializing geofence's system cache.
W/System.err(  673): java.io.FileNotFoundException: /mnt/internal_sd/Pada/PadaLauncher/learnningcenter/learningAppList.txt: open failed: ENOENT (No such file or directory)
W/System.err(  673): 	at libcore.io.IoBridge.open(IoBridge.java:409)
W/System.err(  673): 	at java.io.FileInputStream.<init>(FileInputStream.java:78)
W/System.err(  673): 	at java.io.FileReader.<init>(FileReader.java:42)
W/System.err(  673): 	at com.pada.launcher.util.FileUtils.getLearningAppList(FileUtils.java:164)
W/System.err(  673): 	at com.pada.launcher.model.LauncherModel.isLearningCenterApp(LauncherModel.java:1846)
W/System.err(  673): 	at com.pada.launcher.model.LauncherModel.isHideApp(LauncherModel.java:1817)
W/System.err(  673): 	at com.pada.launcher.loader.DesktopLoader.onLoadDB(DesktopLoader.java:497)
W/System.err(  673): 	at com.pada.launcher.loader.DesktopLoader.access$600(DesktopLoader.java:64)
W/System.err(  673): 	at com.pada.launcher.loader.DesktopLoader$LocalHandle.handleMessage(DesktopLoader.java:913)
W/System.err(  673): 	at android.os.Handler.dispatchMessage(Handler.java:102)
W/System.err(  673): 	at android.os.Looper.loop(Looper.java:136)
W/System.err(  673): 	at android.os.HandlerThread.run(HandlerThread.java:61)
W/System.err(  673): Caused by: libcore.io.ErrnoException: open failed: ENOENT (No such file or directory)
W/System.err(  673): 	at libcore.io.Posix.open(Native Method)
W/System.err(  673): 	at libcore.io.BlockGuardOs.open(BlockGuardOs.java:110)
W/System.err(  673): 	at libcore.io.IoBridge.open(IoBridge.java:393)
W/System.err(  673): 	... 11 more
D/BluetoothAdapter(  894): 1100245640: getState() :  mService = null. Returning STATE_OFF
D/BluetoothAdapter(  894): 1100245640: getState() :  mService = null. Returning STATE_OFF
I/ActivityManager(  458): Start proc com.google.android.partnersetup for broadcast com.google.android.partnersetup/.PhoneStateReceiver: pid=979 uid=10009 gids={50009, 3003}
W/System.err(  673): java.io.FileNotFoundException: /mnt/internal_sd/Pada/PadaLauncher/learnningcenter/learningAppList.txt: open failed: ENOENT (No such file or directory)
W/System.err(  673): 	at libcore.io.IoBridge.open(IoBridge.java:409)
W/System.err(  673): 	at java.io.FileInputStream.<init>(FileInputStream.java:78)
W/System.err(  673): 	at java.io.FileReader.<init>(FileReader.java:42)
W/System.err(  673): 	at com.pada.launcher.util.FileUtils.getLearningAppList(FileUtils.java:164)
W/System.err(  673): 	at com.pada.launcher.model.LauncherModel.isLearningCenterApp(LauncherModel.java:1846)
D/GeofenceStateCache(  855): Recovered 0 geofences.
W/System.err(  673): 	at com.pada.launcher.model.LauncherModel.isHideApp(LauncherModel.java:1817)
W/System.err(  673): 	at com.pada.launcher.loader.DesktopLoader.onLoadDB(DesktopLoader.java:497)
W/System.err(  673): 	at com.pada.launcher.loader.DesktopLoader.access$600(DesktopLoader.java:64)
W/System.err(  673): 	at com.pada.launcher.loader.DesktopLoader$LocalHandle.handleMessage(DesktopLoader.java:913)
W/System.err(  673): 	at android.os.Handler.dispatchMessage(Handler.java:102)
W/System.err(  673): 	at android.os.Looper.loop(Looper.java:136)
W/System.err(  673): 	at android.os.HandlerThread.run(HandlerThread.java:61)
W/System.err(  673): Caused by: libcore.io.ErrnoException: open failed: ENOENT (No such file or directory)
W/System.err(  673): 	at libcore.io.Posix.open(Native Method)
W/System.err(  673): 	at libcore.io.BlockGuardOs.open(BlockGuardOs.java:110)
W/System.err(  673): 	at libcore.io.IoBridge.open(IoBridge.java:393)
W/System.err(  673): 	... 11 more
D/dalvikvm(  855): GC_CONCURRENT freed 632K, 16% free 3571K/4228K, paused 9ms+4ms, total 72ms
I/GeofencerStateMachine(  855): Network location disabled.
I/MemTotal:        2068520 kB(  673): MemTotal:
I/MemTotal:        2068520 kB(  673): 2068520
I/MemTotal:        2068520 kB(  673): kB
W/System.err(  673): java.io.FileNotFoundException: /mnt/internal_sd/Pada/PadaLauncher/learnningcenter/learningAppList.txt: open failed: ENOENT (No such file or directory)
W/System.err(  673): 	at libcore.io.IoBridge.open(IoBridge.java:409)
W/System.err(  673): 	at java.io.FileInputStream.<init>(FileInputStream.java:78)
W/System.err(  673): 	at java.io.FileReader.<init>(FileReader.java:42)
W/System.err(  673): 	at com.pada.launcher.util.FileUtils.getLearningAppList(FileUtils.java:164)
W/System.err(  673): 	at com.pada.launcher.model.LauncherModel.isLearningCenterApp(LauncherModel.java:1846)
W/System.err(  673): 	at com.pada.launcher.model.LauncherModel.isHideApp(LauncherModel.java:1817)
W/System.err(  673): 	at com.pada.launcher.loader.DesktopLoader.onLoadDB(DesktopLoader.java:497)
W/System.err(  673): 	at com.pada.launcher.loader.DesktopLoader.access$600(DesktopLoader.java:64)
W/System.err(  673): 	at com.pada.launcher.loader.DesktopLoader$LocalHandle.handleMessage(DesktopLoader.java:913)
W/System.err(  673): 	at android.os.Handler.dispatchMessage(Handler.java:102)
W/System.err(  673): 	at android.os.Looper.loop(Looper.java:136)
W/System.err(  673): 	at android.os.HandlerThread.run(HandlerThread.java:61)
W/System.err(  673): Caused by: libcore.io.ErrnoException: open failed: ENOENT (No such file or directory)
W/System.err(  673): 	at libcore.io.Posix.open(Native Method)
W/System.err(  673): 	at libcore.io.BlockGuardOs.open(BlockGuardOs.java:110)
W/System.err(  673): 	at libcore.io.IoBridge.open(IoBridge.java:393)
W/System.err(  673): 	... 11 more
W/System.err(  673): java.io.FileNotFoundException: /mnt/internal_sd/Pada/PadaLauncher/learnningcenter/learningAppList.txt: open failed: ENOENT (No such file or directory)
W/System.err(  673): 	at libcore.io.IoBridge.open(IoBridge.java:409)
W/System.err(  673): 	at java.io.FileInputStream.<init>(FileInputStream.java:78)
W/System.err(  673): 	at java.io.FileReader.<init>(FileReader.java:42)
W/System.err(  673): 	at com.pada.launcher.util.FileUtils.getLearningAppList(FileUtils.java:164)
W/System.err(  673): 	at com.pada.launcher.model.LauncherModel.isLearningCenterApp(LauncherModel.java:1846)
W/System.err(  673): 	at com.pada.launcher.model.LauncherModel.isHideApp(LauncherModel.java:1817)
W/System.err(  673): 	at com.pada.launcher.loader.DesktopLoader.onLoadDB(DesktopLoader.java:497)
W/System.err(  673): 	at com.pada.launcher.loader.DesktopLoader.access$600(DesktopLoader.java:64)
W/System.err(  673): 	at com.pada.launcher.loader.DesktopLoader$LocalHandle.handleMessage(DesktopLoader.java:913)
W/System.err(  673): 	at android.os.Handler.dispatchMessage(Handler.java:102)
W/System.err(  673): 	at android.os.Looper.loop(Looper.java:136)
W/System.err(  673): 	at android.os.HandlerThread.run(HandlerThread.java:61)
W/System.err(  673): Caused by: libcore.io.ErrnoException: open failed: ENOENT (No such file or directory)
W/System.err(  673): 	at libcore.io.Posix.open(Native Method)
W/System.err(  673): 	at libcore.io.BlockGuardOs.open(BlockGuardOs.java:110)
W/System.err(  673): 	at libcore.io.IoBridge.open(IoBridge.java:393)
W/System.err(  673): 	... 11 more
D/dalvikvm(  133): GC_EXPLICIT freed 42K, 8% free 3326K/3600K, paused 1ms+0ms, total 18ms
I/ActivityManager(  458): Start proc com.android.externalstorage for broadcast com.android.externalstorage/.MountReceiver: pid=994 uid=10004 gids={50004, 1028, 1015, 1023}
D/dalvikvm(  133): GC_EXPLICIT freed <1K, 8% free 3326K/3600K, paused 1ms+1ms, total 15ms
D/UsbDeviceManager(  458): -----get MSG_UPDATE_STATE_RETRY,but not BootComplete,send MSG_UPDATE_STATE_RETRY after 500ms---
D/dalvikvm(  133): GC_EXPLICIT freed <1K, 8% free 3326K/3600K, paused 1ms+1ms, total 14ms
D/dalvikvm(  673): GC_FOR_ALLOC freed 6694K, 19% free 34222K/41736K, paused 46ms, total 46ms
D/dalvikvm(  458): GC_EXPLICIT freed 907K, 14% free 5852K/6784K, paused 1ms+3ms, total 50ms
I/GCoreUlr(  855): Ensuring that reporting is stopped because of reasons: (no Google accounts)
D/GCoreFlp(  855): Unknown pending intent to remove.
I/GCoreUlr(  855): Unbound from all location providers
D/ExternalStorage(  994): After updating volumes, found 1 active roots
D/ExternalStorage(  994): After updating volumes, found 1 active roots
W/System.err(  673): java.io.FileNotFoundException: /mnt/internal_sd/Pada/PadaLauncher/learnningcenter/learningAppList.txt: open failed: ENOENT (No such file or directory)
D/MediaScannerReceiver(  655): action: android.intent.action.MEDIA_MOUNTED path: /mnt/internal_sd
W/System.err(  673): 	at libcore.io.IoBridge.open(IoBridge.java:409)
W/System.err(  673): 	at java.io.FileInputStream.<init>(FileInputStream.java:78)
W/System.err(  673): 	at java.io.FileReader.<init>(FileReader.java:42)
W/System.err(  673): 	at com.pada.launcher.util.FileUtils.getLearningAppList(FileUtils.java:164)
W/System.err(  673): 	at com.pada.launcher.model.LauncherModel.isLearningCenterApp(LauncherModel.java:1846)
W/System.err(  673): 	at com.pada.launcher.model.LauncherModel.isHideApp(LauncherModel.java:1817)
W/System.err(  673): 	at com.pada.launcher.loader.DesktopLoader.onLoadDB(DesktopLoader.java:497)
W/System.err(  673): 	at com.pada.launcher.loader.DesktopLoader.access$600(DesktopLoader.java:64)
W/System.err(  673): 	at com.pada.launcher.loader.DesktopLoader$LocalHandle.handleMessage(DesktopLoader.java:913)
W/System.err(  673): 	at android.os.Handler.dispatchMessage(Handler.java:102)
W/System.err(  673): 	at android.os.Looper.loop(Looper.java:136)
W/System.err(  673): 	at android.os.HandlerThread.run(HandlerThread.java:61)
W/System.err(  673): Caused by: libcore.io.ErrnoException: open failed: ENOENT (No such file or directory)
W/System.err(  673): 	at libcore.io.Posix.open(Native Method)
W/System.err(  673): 	at libcore.io.BlockGuardOs.open(BlockGuardOs.java:110)
W/System.err(  673): 	at libcore.io.IoBridge.open(IoBridge.java:393)
W/System.err(  673): 	... 11 more
D/RKUpdateReceiver(  747): action = android.intent.action.MEDIA_MOUNTED
W/System.err(  673): java.io.FileNotFoundException: /mnt/internal_sd/Pada/PadaLauncher/learnningcenter/learningAppList.txt: open failed: ENOENT (No such file or directory)
W/System.err(  673): 	at libcore.io.IoBridge.open(IoBridge.java:409)
W/System.err(  673): 	at java.io.FileInputStream.<init>(FileInputStream.java:78)
W/System.err(  673): 	at java.io.FileReader.<init>(FileReader.java:42)
W/System.err(  673): 	at com.pada.launcher.util.FileUtils.getLearningAppList(FileUtils.java:164)
W/System.err(  673): 	at com.pada.launcher.model.LauncherModel.isLearningCenterApp(LauncherModel.java:1846)
W/System.err(  673): 	at com.pada.launcher.model.LauncherModel.isHideApp(LauncherModel.java:1817)
W/System.err(  673): 	at com.pada.launcher.loader.DesktopLoader.onLoadDB(DesktopLoader.java:497)
W/System.err(  673): 	at com.pada.launcher.loader.DesktopLoader.access$600(DesktopLoader.java:64)
W/System.err(  673): 	at com.pada.launcher.loader.DesktopLoader$LocalHandle.handleMessage(DesktopLoader.java:913)
W/System.err(  673): 	at android.os.Handler.dispatchMessage(Handler.java:102)
W/System.err(  673): 	at android.os.Looper.loop(Looper.java:136)
W/System.err(  673): 	at android.os.HandlerThread.run(HandlerThread.java:61)
W/System.err(  673): Caused by: libcore.io.ErrnoException: open failed: ENOENT (No such file or directory)
W/System.err(  673): 	at libcore.io.Posix.open(Native Method)
W/System.err(  673): 	at libcore.io.BlockGuardOs.open(BlockGuardOs.java:110)
W/System.err(  673): 	at libcore.io.IoBridge.open(IoBridge.java:393)
W/System.err(  673): 	... 11 more
I/ActivityManager(  458): Start proc com.cghs.stresstest for broadcast com.cghs.stresstest/.test.receiver.RecoveryReceiver: pid=1009 uid=1000 gids={41000, 1028, 1015, 3002, 3001, 1023, 3003}
D/dalvikvm(  673): GC_FOR_ALLOC freed 4988K, 14% free 36287K/42148K, paused 24ms, total 25ms
W/System.err(  673): java.io.FileNotFoundException: /mnt/internal_sd/Pada/PadaLauncher/learnningcenter/learningAppList.txt: open failed: ENOENT (No such file or directory)
W/System.err(  673): 	at libcore.io.IoBridge.open(IoBridge.java:409)
W/System.err(  673): 	at java.io.FileInputStream.<init>(FileInputStream.java:78)
W/System.err(  673): 	at java.io.FileReader.<init>(FileReader.java:42)
W/System.err(  673): 	at com.pada.launcher.util.FileUtils.getLearningAppList(FileUtils.java:164)
W/System.err(  673): 	at com.pada.launcher.model.LauncherModel.isLearningCenterApp(LauncherModel.java:1846)
W/System.err(  673): 	at com.pada.launcher.model.LauncherModel.isHideApp(LauncherModel.java:1817)
W/System.err(  673): 	at com.pada.launcher.loader.DesktopLoader.onLoadDB(DesktopLoader.java:497)
W/System.err(  673): 	at com.pada.launcher.loader.DesktopLoader.access$600(DesktopLoader.java:64)
W/System.err(  673): 	at com.pada.launcher.loader.DesktopLoader$LocalHandle.handleMessage(DesktopLoader.java:913)
W/System.err(  673): 	at android.os.Handler.dispatchMessage(Handler.java:102)
W/System.err(  673): 	at android.os.Looper.loop(Looper.java:136)
W/System.err(  673): 	at android.os.HandlerThread.run(HandlerThread.java:61)
W/System.err(  673): Caused by: libcore.io.ErrnoException: open failed: ENOENT (No such file or directory)
W/System.err(  673): 	at libcore.io.Posix.open(Native Method)
W/System.err(  673): 	at libcore.io.BlockGuardOs.open(BlockGuardOs.java:110)
W/System.err(  673): 	at libcore.io.IoBridge.open(IoBridge.java:393)
W/System.err(  673): 	... 11 more
D/Tethering(  458): sendTetherStateChangedBroadcast 1, 0, 0
W/System.err(  673): java.io.FileNotFoundException: /mnt/internal_sd/Pada/PadaLauncher/learnningcenter/learningAppList.txt: open failed: ENOENT (No such file or directory)
W/System.err(  673): 	at libcore.io.IoBridge.open(IoBridge.java:409)
W/System.err(  673): 	at java.io.FileInputStream.<init>(FileInputStream.java:78)
W/System.err(  673): 	at java.io.FileReader.<init>(FileReader.java:42)
W/System.err(  673): 	at com.pada.launcher.util.FileUtils.getLearningAppList(FileUtils.java:164)
W/System.err(  673): 	at com.pada.launcher.model.LauncherModel.isLearningCenterApp(LauncherModel.java:1846)
W/System.err(  673): 	at com.pada.launcher.model.LauncherModel.isHideApp(LauncherModel.java:1817)
W/System.err(  673): 	at com.pada.launcher.loader.DesktopLoader.onLoadDB(DesktopLoader.java:497)
W/System.err(  673): 	at com.pada.launcher.loader.DesktopLoader.access$600(DesktopLoader.java:64)
W/System.err(  673): 	at com.pada.launcher.loader.DesktopLoader$LocalHandle.handleMessage(DesktopLoader.java:913)
W/System.err(  673): 	at android.os.Handler.dispatchMessage(Handler.java:102)
W/System.err(  673): 	at android.os.Looper.loop(Looper.java:136)
W/System.err(  673): 	at android.os.HandlerThread.run(HandlerThread.java:61)
W/System.err(  673): Caused by: libcore.io.ErrnoException: open failed: ENOENT (No such file or directory)
W/System.err(  673): 	at libcore.io.Posix.open(Native Method)
W/System.err(  673): 	at libcore.io.BlockGuardOs.open(BlockGuardOs.java:110)
W/System.err(  673): 	at libcore.io.IoBridge.open(IoBridge.java:393)
W/System.err(  673): 	... 11 more
W/System.err(  673): java.io.FileNotFoundException: /mnt/internal_sd/Pada/PadaLauncher/learnningcenter/learningAppList.txt: open failed: ENOENT (No such file or directory)
W/System.err(  673): 	at libcore.io.IoBridge.open(IoBridge.java:409)
W/System.err(  673): 	at java.io.FileInputStream.<init>(FileInputStream.java:78)
W/System.err(  673): 	at java.io.FileReader.<init>(FileReader.java:42)
W/System.err(  673): 	at com.pada.launcher.util.FileUtils.getLearningAppList(FileUtils.java:164)
W/System.err(  673): 	at com.pada.launcher.model.LauncherModel.isLearningCenterApp(LauncherModel.java:1846)
W/System.err(  673): 	at com.pada.launcher.model.LauncherModel.isHideApp(LauncherModel.java:1817)
W/System.err(  673): 	at com.pada.launcher.loader.DesktopLoader.onLoadDB(DesktopLoader.java:497)
W/System.err(  673): 	at com.pada.launcher.loader.DesktopLoader.access$600(DesktopLoader.java:64)
W/System.err(  673): 	at com.pada.launcher.loader.DesktopLoader$LocalHandle.handleMessage(DesktopLoader.java:913)
W/System.err(  673): 	at android.os.Handler.dispatchMessage(Handler.java:102)
W/System.err(  673): 	at android.os.Looper.loop(Looper.java:136)
W/System.err(  673): 	at android.os.HandlerThread.run(HandlerThread.java:61)
W/System.err(  673): Caused by: libcore.io.ErrnoException: open failed: ENOENT (No such file or directory)
W/System.err(  673): 	at libcore.io.Posix.open(Native Method)
W/System.err(  673): 	at libcore.io.BlockGuardOs.open(BlockGuardOs.java:110)
W/System.err(  673): 	at libcore.io.IoBridge.open(IoBridge.java:393)
W/System.err(  673): 	... 11 more
W/MediaScanner(  655): Error opening directory '/mnt/external_sd/', skipping: Permission denied.
W/System.err(  673): java.io.FileNotFoundException: /mnt/internal_sd/Pada/PadaLauncher/learnningcenter/learningAppList.txt: open failed: ENOENT (No such file or directory)
W/System.err(  673): 	at libcore.io.IoBridge.open(IoBridge.java:409)
W/System.err(  673): 	at java.io.FileInputStream.<init>(FileInputStream.java:78)
W/System.err(  673): 	at java.io.FileReader.<init>(FileReader.java:42)
W/System.err(  673): 	at com.pada.launcher.util.FileUtils.getLearningAppList(FileUtils.java:164)
W/System.err(  673): 	at com.pada.launcher.model.LauncherModel.isLearningCenterApp(LauncherModel.java:1846)
W/System.err(  673): 	at com.pada.launcher.model.LauncherModel.isHideApp(LauncherModel.java:1817)
W/System.err(  673): 	at com.pada.launcher.loader.DesktopLoader.onLoadDB(DesktopLoader.java:497)
W/System.err(  673): 	at com.pada.launcher.loader.DesktopLoader.access$600(DesktopLoader.java:64)
W/System.err(  673): 	at com.pada.launcher.loader.DesktopLoader$LocalHandle.handleMessage(DesktopLoader.java:913)
W/System.err(  673): 	at android.os.Handler.dispatchMessage(Handler.java:102)
W/System.err(  673): 	at android.os.Looper.loop(Looper.java:136)
W/System.err(  673): 	at android.os.HandlerThread.run(HandlerThread.java:61)
W/System.err(  673): Caused by: libcore.io.ErrnoException: open failed: ENOENT (No such file or directory)
W/System.err(  673): 	at libcore.io.Posix.open(Native Method)
W/System.err(  673): 	at libcore.io.BlockGuardOs.open(BlockGuardOs.java:110)
W/System.err(  673): 	at libcore.io.IoBridge.open(IoBridge.java:393)
W/System.err(  673): 	... 11 more
W/System.err(  673): java.io.FileNotFoundException: /mnt/internal_sd/Pada/PadaLauncher/learnningcenter/learningAppList.txt: open failed: ENOENT (No such file or directory)
W/System.err(  673): 	at libcore.io.IoBridge.open(IoBridge.java:409)
W/System.err(  673): 	at java.io.FileInputStream.<init>(FileInputStream.java:78)
W/System.err(  673): 	at java.io.FileReader.<init>(FileReader.java:42)
W/System.err(  673): 	at com.pada.launcher.util.FileUtils.getLearningAppList(FileUtils.java:164)
W/System.err(  673): 	at com.pada.launcher.model.LauncherModel.isLearningCenterApp(LauncherModel.java:1846)
W/System.err(  673): 	at com.pada.launcher.model.LauncherModel.isHideApp(LauncherModel.java:1817)
W/System.err(  673): 	at com.pada.launcher.loader.DesktopLoader.onLoadDB(DesktopLoader.java:497)
